LHAPDF 6.2.3 loading /usr/share/LHAPDF/NNPDF31_nnlo_as_0118_luxqed/NNPDF31_nnlo_as_0118_luxqed_0000.dat
NNPDF31_nnlo_as_0118_luxqed PDF set, member #0, version 2; LHAPDF ID = 325100
 ####################################
 ##  QCD-EW dilepton production   ###
 ####################################
 # ./mixed_ll -corr nnlo -ch aq -sec rr5262d -vegasNc0 50000000 -vegasNc1 100000000 -vegasIt0 10 -vegasIt1 5 -ptlep_cut 20 -ylep_cut 2.5 -buff_rr 1E-8
 # 
 # -vegasIt0 set to           10
 # -vegasNc0 set to     50000000
 # -vegasIt1 set to            5
 # -vegasNc1 set to    100000000
 # -ptlep_cut set to    20.000000000000000     
 # -ylep_cut set to    2.5000000000000000     
 # -buff_rr set to    1.0000000000000000E-008
 # -corr set to nnlo
 # -ch set to aq
 # -sec set to rr5262d
 #
 # vegasIt0 =           10
 # vegasNc0 =     50000000
 #
 # vegasIt1 =            5
 # vegasNc1 =    100000000
 #
 # seed =            0
 #
 # gridfile = ./grid/test_nnlo_aq_rr5262d_dynscale_xMuR_1.00_xMuF_1.00.grid                                       
 # writegrid =  F
 # readgrid  =  F
 #
 # Using the Gmu scheme
 #
 # Input mz =    91.187600000000003     
 # Input mw =    80.397999999999996     
 # Input mh =    125.00000000000000     
 # Input mb =    0.0000000000000000     
 # Input mt =    173.19999999999999     
 # Input Gf =    1.1663900000000000E-005
 # Input gaz =    2.4952000000000001     
 # Input gaw =    2.1053999999999999     
 # Input gah =    4.1650000000000003E-003
 #
 # Derived vev    246.21845810181634     
 # Derived 1/aem    132.33843228049895     
 # Derived gw    0.65306233025595339     
 # Derived sw2   0.22264585341299614     
 # Derived cw2   0.77735414658700386     
 #
 # Input nup  =            2
 # Input ndn  =            3
 # Derived nf =            5
 #
 # sqrt(sh) =    14000.000000000000     
 #
 # corr = nnlo
 # sec  = rr5262d
 # ch   = aq
 #
 # pdfset = NNPDF31_nnlo_as_0118_luxqed
 # pdfmem =            0
 #
 # using dynamical scale, see cut_histo
 # xmuR =           1.0000000000000000     
 # xmuF =           1.0000000000000000     
 #
 # alphasPDF(mu) =   0.11800215829284905     
 #
 # qmin =    300.00000000000000     
 # qmax =    14000.000000000000     
 #
 # ptlep_cut =    20.000000000000000     
 # ylep_cut  =    2.5000000000000000     
 #
 # R_phot =  0.10000000000000001      # for isolation
 #
 # buff =         9.9999999999999998E-013
 # buff_rr =         1.0000000000000000E-008
 # buff_rv =         9.9999999999999998E-013
 # buff_z  =         9.9999999999999998E-013
 # buff_r  =         9.9999999999999998E-013
 #
 # lepton charge =   -1.0000000000000000     
 # lepton cL =  -0.66668072315649085     
 # lepton cR =   0.53517749919274349     
 #
 # out = ./histo/test_nnlo_aq_rr5262d_dynscale_xMuR_1.00_xMuF_1.00.histo                                     
 #
 #####################################################################
 #        ___                                           version beta #
 #       /   \ ___  ____  _  _  |     __   __  ___   __    ___       #
 #       |   | |__| |__   |\ |  |    /  \ /  \ |__| /__    __/       #
 #       \___/ |    |___  | \|  |___ \__/ \__/ |    __/   /__        #
 #                                                                   #
 #####################################################################
 #       You are using OpenLoops 2 to evaluate loop amplitudes       #
 #                             Authors:                              #
 #       F. Buccioni, J.-N. Lang, J. Lindert, P. Maierhoefer,        #
 #                S. Pozzorini, M. Zoller, H. Zhang                  #
 #                                                                   #
 #         Please cite Eur.Phys.J. C79 (2019) no.10, 866             #
 #                     Phys. Rev. Lett. 108 (2012) 111601            #
 #                     Eur.Phys.J. C78 (2018) no.1, 70               #
 #                                                                   #
 #####################################################################

                                                            
         *******************************************        
         *              C O L L I E R              *        
         *                                         *        
         *        Complex One-Loop Library         *        
         *      In Extended Regularizations        *        
         *                                         *        
         *    by A.Denner, S.Dittmaier, L.Hofer    *        
         *                                         *        
         *              version 1.2.4              *        
         *                                         *        
         *******************************************        
                                                            
 ====================================================
 ================OpenLoops Parameters================
 ====================================================
 install_path: "/users/ttp/signorile/Desktop/tools/OpenLoops"
 model =sm

 coupling constants
 alpha_s      =  0.11799999999999999     
 alpha_qed    =   7.5598868064660511E-003   1/alpha_qed    =   132.27711281929373     

 ew_scheme     =           1
 alpha_qed_0   =   7.2973525698163148E-003   1/alpha_qed_0   =   137.03599907399999     
 alpha_qed_MZ  =   7.8125000000000000E-003   1/alpha_qed_MZ  =   128.00000000000000     
 alpha_qed_Gmu =   7.5598868064660511E-003   1/alpha_qed_Gmu =   132.27711281929373     
 Gmu           =   1.1663900000000000E-005
 sw            =       (0.47188111823035794,-9.68042324079749594E-004)   sw2            =       (0.22267085263639186,-9.13601788762133621E-004)

 derived couplings
 vev          =              (246.19023188189755,-3.7281142650693186)

 particle masses and widths
 ME =                (0.0000000000000000,0.0000000000000000) rME =   0.0000000000000000      wME =   0.0000000000000000      YE =               (0.0000000000000000,0.0000000000000000)
 MM =                (0.0000000000000000,0.0000000000000000) rMM =   0.0000000000000000      wMM =   0.0000000000000000      YM =               (0.0000000000000000,0.0000000000000000)
 ML =                (0.0000000000000000,0.0000000000000000) rML =   0.0000000000000000      wML =   0.0000000000000000      YL =               (0.0000000000000000,0.0000000000000000)
 MU =                (0.0000000000000000,0.0000000000000000) rMU =   0.0000000000000000      wMU =   0.0000000000000000      YU =               (0.0000000000000000,0.0000000000000000)
 MD =                (0.0000000000000000,0.0000000000000000) rMD =   0.0000000000000000      wMD =   0.0000000000000000      YD =               (0.0000000000000000,0.0000000000000000)
 MS =                (0.0000000000000000,0.0000000000000000) rMS =   0.0000000000000000      wMS =   0.0000000000000000      YS =               (0.0000000000000000,0.0000000000000000)
 MC =                (0.0000000000000000,0.0000000000000000) rMC =   0.0000000000000000      wMC =   0.0000000000000000      YC =               (0.0000000000000000,0.0000000000000000)
 MB =                (0.0000000000000000,0.0000000000000000) rMB =   0.0000000000000000      wMB =   0.0000000000000000      YB =               (0.0000000000000000,0.0000000000000000)
 MT =                (173.19999999999999,0.0000000000000000) rMT =   173.19999999999999      wMT =   0.0000000000000000      YT =               (173.19999999999999,0.0000000000000000)
 MW =               (80.404890344843551,-1.0526097882481313) rMW =   80.397999999999996      wMW =   2.1053999999999999     
 MZ =               (91.196132638775055,-1.2474832700485456) rMZ =   91.187600000000003      wMZ =   2.4952000000000001     
 MH =                (125.00000000000000,0.0000000000000000) rMH =   125.00000000000000      wMH =   0.0000000000000000     
 MX =                (91.187600000000003,0.0000000000000000) rMX =   91.187600000000003      wMX =   0.0000000000000000     
 MY =                (80.397999999999996,0.0000000000000000) rMY =   80.397999999999996      wMY =   0.0000000000000000     

 ==Technical Parameters==
 muren              =   100.00000000000000     
 mureg              =   100.00000000000000     
 pole1_UV           =   0.0000000000000000     
 pole1_IR           =   0.0000000000000000     
 pole2_IR           =   0.0000000000000000     
 fact_UV            =   1.0000000000000000     
 fact_IR            =   1.0000000000000000     
 ew_renorm_scheme   =           1
 N_quarks           =           6
 light quarks       =           5
 nq_nondecoupled    =           0
 fermion_loops      =           1
 nonfermion_loops   =           1
 CT_on              =           1
 R2_on              =           1
 IR_on              =           1
 polecheck          =           0
 polenorm_swi       =           0
 i-operator mode    =           0
 last_switch        =           1
 se_integral_switch =           1
 use_coli_cache     =           1
 use_me_cache       =           1
 use_bubble_vertex  =           1
 check_Ward_tree    =           0
 check_Ward_loop    =           0
 out_symmetry       =           1
 psp_tolerance      =   9.9999997171806854E-010
 hp_mode            =           1
 hp_loopacc         =   8.0000000000000000     
 hp_step_thres      =  0.50000000000000000     
 hp_alloc_mode      =           3
 sync_qp_kinematics =           1
 stability_mode         =          11
 deviation_mode         =           1
 stability_triggerratio =  0.20000000000000001     
 stability_unstable     =   1.0000000000000000E-002
 stability_kill         =   1.0000000000000000     
 stability_kill2        =   10.000000000000000     
 redlib1                =           1
 redlib2                =           7
 redlib_qp              =           5

 ====================================================
 # 
 # number of hisrograms initialised =            6
 # name, lower bound, upper bound, number of bins
 # 
 # mll               100.00000000000000        1000.0000000000000               90
 # yll              -5.0000000000000000        5.0000000000000000              100
 # ptlm              10.000000000000000        1000.0000000000000               99
 # ptlp              10.000000000000000        1000.0000000000000               99
 # ylm              -5.0000000000000000        5.0000000000000000              100
 # ylp              -5.0000000000000000        5.0000000000000000              100
 # 

 Input parameters for vegas: ndim = 10  ncall = 48828125.
                             it =    0  itmx =   10
                             verb =  0  alph = 1.50
                             mds =   1  nd =  50


************* Integration by Vegas (iteration   1) **************
*                                                               *
*  integral  = 0.66638829E-01   accum. integral = 0.66638829E-01*
*  std. dev. = 0.84046369E-02   accum. std. dev = 0.84046369E-02*
*   max. wt. =    1.00000                                       *
*                                                               *
**************   chi**2/iteration =  0.000       ****************


************* Integration by Vegas (iteration   2) **************
*                                                               *
*  integral  = 0.59266013E-01   accum. integral = 0.60877183E-01*
*  std. dev. = 0.44444334E-02   accum. std. dev = 0.39289181E-02*
*   max. wt. =    1.00000                                       *
*                                                               *
**************   chi**2/iteration = 0.6008       ****************


************* Integration by Vegas (iteration   3) **************
*                                                               *
*  integral  = 0.64736307E-01   accum. integral = 0.62974803E-01*
*  std. dev. = 0.36004060E-02   accum. std. dev = 0.26544251E-02*
*   max. wt. =    1.00000                                       *
*                                                               *
**************   chi**2/iteration = 0.5626       ****************


************* Integration by Vegas (iteration   4) **************
*                                                               *
*  integral  = 0.63795823E-01   accum. integral = 0.63503422E-01*
*  std. dev. = 0.19741848E-02   accum. std. dev = 0.15840999E-02*
*   max. wt. =    1.00000                                       *
*                                                               *
**************   chi**2/iteration = 0.3957       ****************


************* Integration by Vegas (iteration   5) **************
*                                                               *
*  integral  = 0.61100044E-01   accum. integral = 0.62223128E-01*
*  std. dev. = 0.14836576E-02   accum. std. dev = 0.10828731E-02*
*   max. wt. =    1.00000                                       *
*                                                               *
**************   chi**2/iteration = 0.6032       ****************


************* Integration by Vegas (iteration   6) **************
*                                                               *
*  integral  = 0.64975703E-01   accum. integral = 0.63239318E-01*
*  std. dev. = 0.14155103E-02   accum. std. dev = 0.86006438E-03*
*   max. wt. =    1.00000                                       *
*                                                               *
**************   chi**2/iteration = 0.9596       ****************


************* Integration by Vegas (iteration   7) **************
*                                                               *
*  integral  = 0.61698558E-01   accum. integral = 0.62852013E-01*
*  std. dev. = 0.14842425E-02   accum. std. dev = 0.74415571E-03*
*   max. wt. =    1.00000                                       *
*                                                               *
**************   chi**2/iteration = 0.9341       ****************


************* Integration by Vegas (iteration   8) **************
*                                                               *
*  integral  = 0.65192101E-01   accum. integral = 0.63364940E-01*
*  std. dev. = 0.14045086E-02   accum. std. dev = 0.65756112E-03*
*   max. wt. =    1.00000                                       *
*                                                               *
**************   chi**2/iteration =  1.110       ****************


************* Integration by Vegas (iteration   9) **************
*                                                               *
*  integral  = 0.63041744E-01   accum. integral = 0.63290285E-01*
*  std. dev. = 0.11997917E-02   accum. std. dev = 0.57663659E-03*
*   max. wt. =    1.00000                                       *
*                                                               *
**************   chi**2/iteration = 0.9785       ****************


************* Integration by Vegas (iteration  10) **************
*                                                               *
*  integral  = 0.64901374E-01   accum. integral = 0.63596134E-01*
*  std. dev. = 0.11912265E-02   accum. std. dev = 0.51902432E-03*
*   max. wt. =    1.00000                                       *
*                                                               *
**************   chi**2/iteration =  1.034       ****************


 Input parameters for vegas: ndim = 10  ncall = 97656250.
                             it =    0  itmx =    5
                             verb =  0  alph = 1.50
                             mds =   1  nd =  50


************* Integration by Vegas (iteration   1) **************
*                                                               *
*  integral  = 0.64841965E-01   accum. integral = 0.64841965E-01*
*  std. dev. = 0.83344402E-03   accum. std. dev = 0.83344402E-03*
*   max. wt. =    1.00000                                       *
*                                                               *
**************   chi**2/iteration = 0.9095E-09   ****************

 # Histo: mll             Σ  ->    6.4841964744524624E-002 pm   5.4557799372684434E-003
 # Histo: yll             Σ  ->    6.4841964744524916E-002 pm   5.1933656083695138E-003
 # Histo: ptlm            Σ  ->    6.4841964744526734E-002 pm   1.9764673786803393E-002
 # Histo: ptlp            Σ  ->    6.4841964744522099E-002 pm   1.5967631422414811E-002
 # Histo: ylm             Σ  ->    6.4841964744524097E-002 pm   8.3590098866934658E-003
 # Histo: ylp             Σ  ->    6.4841964744523528E-002 pm   1.5170946308752035E-002

************* Integration by Vegas (iteration   2) **************
*                                                               *
*  integral  = 0.63629908E-01   accum. integral = 0.64227616E-01*
*  std. dev. = 0.82207918E-03   accum. std. dev = 0.58527447E-03*
*   max. wt. =    1.00000                                       *
*                                                               *
**************   chi**2/iteration =  1.071       ****************

 # Histo: mll             Σ  ->    6.4282846291275827E-002 pm   3.7080514729252042E-003
 # Histo: yll             Σ  ->    6.4319477137377193E-002 pm   3.6274485922690018E-003
 # Histo: ptlm            Σ  ->    6.4185978541025368E-002 pm   1.2463160082393839E-002
 # Histo: ptlp            Σ  ->    6.4204605826688577E-002 pm   1.1041267003782209E-002
 # Histo: ylm             Σ  ->    6.4298202004664781E-002 pm   5.7509504925065801E-003
 # Histo: ylp             Σ  ->    6.4055447454796188E-002 pm   1.0565744269231386E-002

************* Integration by Vegas (iteration   3) **************
*                                                               *
*  integral  = 0.62649200E-01   accum. integral = 0.63738675E-01*
*  std. dev. = 0.87365514E-03   accum. std. dev = 0.48624762E-03*
*   max. wt. =    1.00000                                       *
*                                                               *
**************   chi**2/iteration =  1.662       ****************

 # Histo: mll             Σ  ->    6.3745228390728229E-002 pm   3.0311434516307476E-003
 # Histo: yll             Σ  ->    6.3933826088955537E-002 pm   2.9496542287381499E-003
 # Histo: ptlm            Σ  ->    6.3988840211394851E-002 pm   9.8765796917645293E-003
 # Histo: ptlp            Σ  ->    6.3532101397776694E-002 pm   8.9714945700118277E-003
 # Histo: ylm             Σ  ->    6.3826524712793889E-002 pm   4.6594285674826175E-003
 # Histo: ylp             Σ  ->    6.3678676856617017E-002 pm   8.6555258710213634E-003

************* Integration by Vegas (iteration   4) **************
*                                                               *
*  integral  = 0.63121241E-01   accum. integral = 0.63606449E-01*
*  std. dev. = 0.93145468E-03   accum. std. dev = 0.43104828E-03*
*   max. wt. =    1.00000                                       *
*                                                               *
**************   chi**2/iteration =  1.223       ****************

 # Histo: mll             Σ  ->    6.3506582252511115E-002 pm   2.6361741363666782E-003
 # Histo: yll             Σ  ->    6.3764600668954924E-002 pm   2.5674087964590872E-003
 # Histo: ptlm            Σ  ->    6.3958009415389469E-002 pm   8.4885285295199994E-003
 # Histo: ptlp            Σ  ->    6.3412280673167107E-002 pm   7.7190654894417838E-003
 # Histo: ylm             Σ  ->    6.3516072564762133E-002 pm   4.0252935595882916E-003
 # Histo: ylp             Σ  ->    6.3377441304318730E-002 pm   7.5391538779666428E-003

************* Integration by Vegas (iteration   5) **************
*                                                               *
*  integral  = 0.62956328E-01   accum. integral = 0.63483661E-01*
*  std. dev. = 0.89328662E-03   accum. std. dev = 0.38821416E-03*
*   max. wt. =    1.00000                                       *
*                                                               *
**************   chi**2/iteration =  1.025       ****************

 # Histo: mll             Σ  ->    6.3359110230187962E-002 pm   2.3939375781998960E-003
 # Histo: yll             Σ  ->    6.3610595404710230E-002 pm   2.3231577144582618E-003
 # Histo: ptlm            Σ  ->    6.3639005650299812E-002 pm   7.6939682181569394E-003
 # Histo: ptlp            Σ  ->    6.3327887148908413E-002 pm   7.0486610258054102E-003
 # Histo: ylm             Σ  ->    6.3406830230371858E-002 pm   3.6385044688161620E-003
 # Histo: ylp             Σ  ->    6.3275750397647199E-002 pm   6.8147067714655774E-003
Thanks for using LHAPDF 6.2.3. Please make sure to cite the paper:
  Eur.Phys.J. C75 (2015) 3, 132  (http://arxiv.org/abs/1412.7420)
 ################################################### 
 #
 # ./mixed_ll -corr nnlo -ch aq -sec rr5262d -vegasNc0 50000000 -vegasNc1 100000000 -vegasIt0 10 -vegasIt1 5 -ptlep_cut 20 -ylep_cut 2.5 -buff_rr 1E-8
 # 
 # Git version: c43705c6e37baa0faa9c698e8475b74ae80724f3-dirty
 # 
 #
 # vegasIt0 =           10
 # vegasNc0 =     50000000
 #
 # vegasIt1 =            5
 # vegasNc1 =    100000000
 #
 # seed =            0
 #
 # gridfile = ./grid/test_nnlo_aq_rr5262d_dynscale_xMuR_1.00_xMuF_1.00.grid                                       
 # writegrid =  F
 # readgrid  =  F
 #
 # Using the Gmu scheme
 #
 # Input mz =    91.187600000000003     
 # Input mw =    80.397999999999996     
 # Input mh =    125.00000000000000     
 # Input mb =    0.0000000000000000     
 # Input mt =    173.19999999999999     
 # Input Gf =    1.1663900000000000E-005
 # Input gaz =    2.4952000000000001     
 # Input gaw =    2.1053999999999999     
 # Input gah =    4.1650000000000003E-003
 #
 # Derived vev    246.21845810181634     
 # Derived 1/aem    132.33843228049895     
 # Derived gw    0.65306233025595339     
 # Derived sw2   0.22264585341299614     
 # Derived cw2   0.77735414658700386     
 #
 # Input nup  =            2
 # Input ndn  =            3
 # Derived nf =            5
 #
 # sqrt(sh) =    14000.000000000000     
 #
 # corr = nnlo
 # sec  = rr5262d
 # ch   = aq
 #
 # pdfset = NNPDF31_nnlo_as_0118_luxqed
 # pdfmem =            0
 #
 # using dynamical scale, see cut_histo
 # xmuR =           1.0000000000000000     
 # xmuF =           1.0000000000000000     
 #
 # alphasPDF(mu) =   0.11800215829284905     
 #
 # qmin =    300.00000000000000     
 # qmax =    14000.000000000000     
 #
 # ptlep_cut =    20.000000000000000     
 # ylep_cut  =    2.5000000000000000     
 #
 # R_phot =  0.10000000000000001      # for isolation
 #
 # buff =         9.9999999999999998E-013
 # buff_rr =         1.0000000000000000E-008
 # buff_rv =         9.9999999999999998E-013
 # buff_z  =         9.9999999999999998E-013
 # buff_r  =         9.9999999999999998E-013
 #
 # lepton charge =   -1.0000000000000000     
 # lepton cL =  -0.66668072315649085     
 # lepton cR =   0.53517749919274349     
 #
 # out = ./histo/test_nnlo_aq_rr5262d_dynscale_xMuR_1.00_xMuF_1.00.histo                                     
 #
 ################################################### 
 # 
 # Result:            6.3483660741488798E-002 fb
 # Error:             3.8821415844329159E-004 fb
 # Chi2/Iteration:    1.0247173581004936     
 # 
 ################################################### 
 #
 # Points failing the technical cuts:     24810967
 #
 # bad points:            0
 #
 # Time =    171681.562    
 #
