LHAPDF 6.2.3 loading /usr/share/LHAPDF/NNPDF31_nnlo_as_0118_luxqed/NNPDF31_nnlo_as_0118_luxqed_0000.dat
NNPDF31_nnlo_as_0118_luxqed PDF set, member #0, version 2; LHAPDF ID = 325100
 ####################################
 ##  QCD-EW dilepton production   ###
 ####################################
 # ./mixed_ll -corr nnlo -ch aq -sec rr5262c -vegasNc0 10000000 -vegasNc1 100000000 -vegasIt0 10 -vegasIt1 5 -ptlep_cut 20 -ylep_cut 2.5
 # 
 # -vegasIt0 set to           10
 # -vegasNc0 set to     10000000
 # -vegasIt1 set to            5
 # -vegasNc1 set to    100000000
 # -ptlep_cut set to    20.000000000000000     
 # -ylep_cut set to    2.5000000000000000     
 # -corr set to nnlo
 # -ch set to aq
 # -sec set to rr5262c
 #
 # vegasIt0 =           10
 # vegasNc0 =     10000000
 #
 # vegasIt1 =            5
 # vegasNc1 =    100000000
 #
 # seed =            0
 #
 # gridfile = ./grid/test_nnlo_aq_rr5262c_dynscale_xMuR_1.00_xMuF_1.00.grid                                       
 # writegrid =  F
 # readgrid  =  F
 #
 # Using the Gmu scheme
 #
 # Input mz =    91.187600000000003     
 # Input mw =    80.397999999999996     
 # Input mh =    125.00000000000000     
 # Input mb =    0.0000000000000000     
 # Input mt =    173.19999999999999     
 # Input Gf =    1.1663900000000000E-005
 # Input gaz =    2.4952000000000001     
 # Input gaw =    2.1053999999999999     
 # Input gah =    4.1650000000000003E-003
 #
 # Derived vev    246.21845810181634     
 # Derived 1/aem    132.33843228049895     
 # Derived gw    0.65306233025595339     
 # Derived sw2   0.22264585341299614     
 # Derived cw2   0.77735414658700386     
 #
 # Input nup  =            2
 # Input ndn  =            3
 # Derived nf =            5
 #
 # sqrt(sh) =    14000.000000000000     
 #
 # corr = nnlo
 # sec  = rr5262c
 # ch   = aq
 #
 # pdfset = NNPDF31_nnlo_as_0118_luxqed
 # pdfmem =            0
 #
 # using dynamical scale, see cut_histo
 # xmuR =           1.0000000000000000     
 # xmuF =           1.0000000000000000     
 #
 # alphasPDF(mu) =   0.11800215829284905     
 #
 # qmin =    300.00000000000000     
 # qmax =    14000.000000000000     
 #
 # ptlep_cut =    20.000000000000000     
 # ylep_cut  =    2.5000000000000000     
 #
 # R_phot =  0.10000000000000001      # for isolation
 #
 # buff =         9.9999999999999998E-013
 # buff_rr =         9.9999999999999998E-013
 # buff_rv =         9.9999999999999998E-013
 # buff_z  =         9.9999999999999998E-013
 # buff_r  =         9.9999999999999998E-013
 #
 # lepton charge =   -1.0000000000000000     
 # lepton cL =  -0.66668072315649085     
 # lepton cR =   0.53517749919274349     
 #
 # out = ./histo/test_nnlo_aq_rr5262c_dynscale_xMuR_1.00_xMuF_1.00.histo                                     
 #
 #####################################################################
 #        ___                                           version beta #
 #       /   \ ___  ____  _  _  |     __   __  ___   __    ___       #
 #       |   | |__| |__   |\ |  |    /  \ /  \ |__| /__    __/       #
 #       \___/ |    |___  | \|  |___ \__/ \__/ |    __/   /__        #
 #                                                                   #
 #####################################################################
 #       You are using OpenLoops 2 to evaluate loop amplitudes       #
 #                             Authors:                              #
 #       F. Buccioni, J.-N. Lang, J. Lindert, P. Maierhoefer,        #
 #                S. Pozzorini, M. Zoller, H. Zhang                  #
 #                                                                   #
 #         Please cite Eur.Phys.J. C79 (2019) no.10, 866             #
 #                     Phys. Rev. Lett. 108 (2012) 111601            #
 #                     Eur.Phys.J. C78 (2018) no.1, 70               #
 #                                                                   #
 #####################################################################

                                                            
         *******************************************        
         *              C O L L I E R              *        
         *                                         *        
         *        Complex One-Loop Library         *        
         *      In Extended Regularizations        *        
         *                                         *        
         *    by A.Denner, S.Dittmaier, L.Hofer    *        
         *                                         *        
         *              version 1.2.4              *        
         *                                         *        
         *******************************************        
                                                            
 ====================================================
 ================OpenLoops Parameters================
 ====================================================
 install_path: "/users/ttp/signorile/Desktop/tools/OpenLoops"
 model =sm

 coupling constants
 alpha_s      =  0.11799999999999999     
 alpha_qed    =   7.5598868064660511E-003   1/alpha_qed    =   132.27711281929373     

 ew_scheme     =           1
 alpha_qed_0   =   7.2973525698163148E-003   1/alpha_qed_0   =   137.03599907399999     
 alpha_qed_MZ  =   7.8125000000000000E-003   1/alpha_qed_MZ  =   128.00000000000000     
 alpha_qed_Gmu =   7.5598868064660511E-003   1/alpha_qed_Gmu =   132.27711281929373     
 Gmu           =   1.1663900000000000E-005
 sw            =       (0.47188111823035794,-9.68042324079749594E-004)   sw2            =       (0.22267085263639186,-9.13601788762133621E-004)

 derived couplings
 vev          =              (246.19023188189755,-3.7281142650693186)

 particle masses and widths
 ME =                (0.0000000000000000,0.0000000000000000) rME =   0.0000000000000000      wME =   0.0000000000000000      YE =               (0.0000000000000000,0.0000000000000000)
 MM =                (0.0000000000000000,0.0000000000000000) rMM =   0.0000000000000000      wMM =   0.0000000000000000      YM =               (0.0000000000000000,0.0000000000000000)
 ML =                (0.0000000000000000,0.0000000000000000) rML =   0.0000000000000000      wML =   0.0000000000000000      YL =               (0.0000000000000000,0.0000000000000000)
 MU =                (0.0000000000000000,0.0000000000000000) rMU =   0.0000000000000000      wMU =   0.0000000000000000      YU =               (0.0000000000000000,0.0000000000000000)
 MD =                (0.0000000000000000,0.0000000000000000) rMD =   0.0000000000000000      wMD =   0.0000000000000000      YD =               (0.0000000000000000,0.0000000000000000)
 MS =                (0.0000000000000000,0.0000000000000000) rMS =   0.0000000000000000      wMS =   0.0000000000000000      YS =               (0.0000000000000000,0.0000000000000000)
 MC =                (0.0000000000000000,0.0000000000000000) rMC =   0.0000000000000000      wMC =   0.0000000000000000      YC =               (0.0000000000000000,0.0000000000000000)
 MB =                (0.0000000000000000,0.0000000000000000) rMB =   0.0000000000000000      wMB =   0.0000000000000000      YB =               (0.0000000000000000,0.0000000000000000)
 MT =                (173.19999999999999,0.0000000000000000) rMT =   173.19999999999999      wMT =   0.0000000000000000      YT =               (173.19999999999999,0.0000000000000000)
 MW =               (80.404890344843551,-1.0526097882481313) rMW =   80.397999999999996      wMW =   2.1053999999999999     
 MZ =               (91.196132638775055,-1.2474832700485456) rMZ =   91.187600000000003      wMZ =   2.4952000000000001     
 MH =                (125.00000000000000,0.0000000000000000) rMH =   125.00000000000000      wMH =   0.0000000000000000     
 MX =                (91.187600000000003,0.0000000000000000) rMX =   91.187600000000003      wMX =   0.0000000000000000     
 MY =                (80.397999999999996,0.0000000000000000) rMY =   80.397999999999996      wMY =   0.0000000000000000     

 ==Technical Parameters==
 muren              =   100.00000000000000     
 mureg              =   100.00000000000000     
 pole1_UV           =   0.0000000000000000     
 pole1_IR           =   0.0000000000000000     
 pole2_IR           =   0.0000000000000000     
 fact_UV            =   1.0000000000000000     
 fact_IR            =   1.0000000000000000     
 ew_renorm_scheme   =           1
 N_quarks           =           6
 light quarks       =           5
 nq_nondecoupled    =           0
 fermion_loops      =           1
 nonfermion_loops   =           1
 CT_on              =           1
 R2_on              =           1
 IR_on              =           1
 polecheck          =           0
 polenorm_swi       =           0
 i-operator mode    =           0
 last_switch        =           1
 se_integral_switch =           1
 use_coli_cache     =           1
 use_me_cache       =           1
 use_bubble_vertex  =           1
 check_Ward_tree    =           0
 check_Ward_loop    =           0
 out_symmetry       =           1
 psp_tolerance      =   9.9999997171806854E-010
 hp_mode            =           1
 hp_loopacc         =   8.0000000000000000     
 hp_step_thres      =  0.50000000000000000     
 hp_alloc_mode      =           3
 sync_qp_kinematics =           1
 stability_mode         =          11
 deviation_mode         =           1
 stability_triggerratio =  0.20000000000000001     
 stability_unstable     =   1.0000000000000000E-002
 stability_kill         =   1.0000000000000000     
 stability_kill2        =   10.000000000000000     
 redlib1                =           1
 redlib2                =           7
 redlib_qp              =           5

 ====================================================
 # 
 # number of hisrograms initialised =            6
 # name, lower bound, upper bound, number of bins
 # 
 # mll               100.00000000000000        1000.0000000000000               90
 # yll              -5.0000000000000000        5.0000000000000000              100
 # ptlm              10.000000000000000        1000.0000000000000               99
 # ptlp              10.000000000000000        1000.0000000000000               99
 # ylm              -5.0000000000000000        5.0000000000000000              100
 # ylp              -5.0000000000000000        5.0000000000000000              100
 # 

 Input parameters for vegas: ndim = 10  ncall =  9437184.
                             it =    0  itmx =   10
                             verb =  0  alph = 1.50
                             mds =   1  nd =  50


************* Integration by Vegas (iteration   1) **************
*                                                               *
*  integral  = 0.11621215       accum. integral = 0.11621215    *
*  std. dev. = 0.70644959E-01   accum. std. dev = 0.70644959E-01*
*   max. wt. =    1.00000                                       *
*                                                               *
**************   chi**2/iteration =  0.000       ****************


************* Integration by Vegas (iteration   2) **************
*                                                               *
*  integral  = -.34420142E-01   accum. integral = 0.89628273E-01*
*  std. dev. = 0.15260461       accum. std. dev = 0.64108815E-01*
*   max. wt. =    1.00000                                       *
*                                                               *
**************   chi**2/iteration = 0.8016       ****************


************* Integration by Vegas (iteration   3) **************
*                                                               *
*  integral  = 0.43870471E-01   accum. integral = 0.57869350E-01*
*  std. dev. = 0.42562927E-01   accum. std. dev = 0.35459434E-01*
*   max. wt. =    1.00000                                       *
*                                                               *
**************   chi**2/iteration = 0.5777       ****************


************* Integration by Vegas (iteration   4) **************
*                                                               *
*  integral  = 0.36810956E-01   accum. integral = 0.38596189E-01*
*  std. dev. = 0.10792022E-01   accum. std. dev = 0.10324444E-01*
*   max. wt. =    1.00000                                       *
*                                                               *
**************   chi**2/iteration = 0.4927       ****************


************* Integration by Vegas (iteration   5) **************
*                                                               *
*  integral  = 0.43342237E-01   accum. integral = 0.41461891E-01*
*  std. dev. = 0.83631542E-02   accum. std. dev = 0.64985959E-02*
*   max. wt. =    1.00000                                       *
*                                                               *
**************   chi**2/iteration = 0.4015       ****************


************* Integration by Vegas (iteration   6) **************
*                                                               *
*  integral  = 0.52049793E-01   accum. integral = 0.45803444E-01*
*  std. dev. = 0.77948915E-02   accum. std. dev = 0.49914611E-02*
*   max. wt. =    1.00000                                       *
*                                                               *
**************   chi**2/iteration = 0.5389       ****************


************* Integration by Vegas (iteration   7) **************
*                                                               *
*  integral  = 0.60087827E-01   accum. integral = 0.50785883E-01*
*  std. dev. = 0.68201449E-02   accum. std. dev = 0.40279477E-02*
*   max. wt. =    1.00000                                       *
*                                                               *
**************   chi**2/iteration = 0.9251       ****************


************* Integration by Vegas (iteration   8) **************
*                                                               *
*  integral  = 0.55465644E-01   accum. integral = 0.51836783E-01*
*  std. dev. = 0.74849377E-02   accum. std. dev = 0.35469668E-02*
*   max. wt. =    1.00000                                       *
*                                                               *
**************   chi**2/iteration = 0.8362       ****************


************* Integration by Vegas (iteration   9) **************
*                                                               *
*  integral  = 0.84808556E-01   accum. integral = 0.53505788E-01*
*  std. dev. = 0.15361008E-01   accum. std. dev = 0.34560288E-02*
*   max. wt. =    1.00000                                       *
*                                                               *
**************   chi**2/iteration =  1.278       ****************


************* Integration by Vegas (iteration  10) **************
*                                                               *
*  integral  = 0.45966289E-01   accum. integral = 0.53070132E-01*
*  std. dev. = 0.13955724E-01   accum. std. dev = 0.33546931E-02*
*   max. wt. =    1.00000                                       *
*                                                               *
**************   chi**2/iteration =  1.167       ****************


 Input parameters for vegas: ndim = 10  ncall = 97656250.
                             it =    0  itmx =    5
                             verb =  0  alph = 1.50
                             mds =   1  nd =  50


************* Integration by Vegas (iteration   1) **************
*                                                               *
*  integral  = 0.52783076E-01   accum. integral = 0.52783076E-01*
*  std. dev. = 0.33541437E-02   accum. std. dev = 0.33541437E-02*
*   max. wt. =    1.00000                                       *
*                                                               *
**************   chi**2/iteration =  0.000       ****************

 # Histo: mll             Σ  ->   -20.251363089653360      pm   1.4563465288527133     
 # Histo: yll             Σ  ->   -20.251363089653591      pm   1.5215403335172966     
 # Histo: ptlm            Σ  ->   -20.251363089653566      pm   2.6651697951386315     
 # Histo: ptlp            Σ  ->   -20.251363089653552      pm   1.8000209473886435     
 # Histo: ylm             Σ  ->   -20.251363089653367      pm   2.0246158990659069     
 # Histo: ylp             Σ  ->   -20.251363089653331      pm   2.1070927490346834     

************* Integration by Vegas (iteration   2) **************
*                                                               *
*  integral  = 0.55263219E-01   accum. integral = 0.54360816E-01*
*  std. dev. = 0.25366706E-02   accum. std. dev = 0.20232217E-02*
*   max. wt. =    1.00000                                       *
*                                                               *
**************   chi**2/iteration = 0.3475       ****************

 # Histo: mll             Σ  ->   -19.800176614233788      pm  0.80532514483717277     
 # Histo: yll             Σ  ->   -19.732509143249604      pm  0.81604462232877917     
 # Histo: ptlm            Σ  ->   -20.129360580297885      pm   1.1098619432401096     
 # Histo: ptlp            Σ  ->   -19.966349903483930      pm  0.97267149796238450     
 # Histo: ylm             Σ  ->   -20.079331699301925      pm   1.0417232818458426     
 # Histo: ylp             Σ  ->   -19.805311226417651      pm   1.0939306259825685     

************* Integration by Vegas (iteration   3) **************
*                                                               *
*  integral  = 0.55187832E-01   accum. integral = 0.54775238E-01*
*  std. dev. = 0.20187583E-02   accum. std. dev = 0.14290531E-02*
*   max. wt. =    1.00000                                       *
*                                                               *
**************   chi**2/iteration = 0.2157       ****************

 # Histo: mll             Σ  ->   -19.863796827130979      pm  0.61021401228689220     
 # Histo: yll             Σ  ->   -19.820157921030795      pm  0.62778928778775156     
 # Histo: ptlm            Σ  ->   -20.068949130908699      pm  0.74023419460816320     
 # Histo: ptlp            Σ  ->   -20.047582668394167      pm  0.75325344437933028     
 # Histo: ylm             Σ  ->   -19.854613730996345      pm  0.69215487671960685     
 # Histo: ylp             Σ  ->   -19.812217263575757      pm  0.75901305029428912     

************* Integration by Vegas (iteration   4) **************
*                                                               *
*  integral  = 0.58224463E-01   accum. integral = 0.55535311E-01*
*  std. dev. = 0.26879943E-02   accum. std. dev = 0.12618138E-02*
*   max. wt. =    1.00000                                       *
*                                                               *
**************   chi**2/iteration = 0.5716       ****************

 # Histo: mll             Σ  ->   -19.899484440469312      pm  0.46544758875000347     
 # Histo: yll             Σ  ->   -19.839148057410355      pm  0.50775256346037156     
 # Histo: ptlm            Σ  ->   -19.994623039557840      pm  0.55893416175092914     
 # Histo: ptlp            Σ  ->   -19.958581706572790      pm  0.58548196726724555     
 # Histo: ylm             Σ  ->   -19.744059774755399      pm  0.55238074129913084     
 # Histo: ylp             Σ  ->   -19.852344433814373      pm  0.62107249649380214     

************* Integration by Vegas (iteration   5) **************
*                                                               *
*  integral  = 0.53424675E-01   accum. integral = 0.55154617E-01*
*  std. dev. = 0.26898191E-02   accum. std. dev = 0.11423637E-02*
*   max. wt. =    1.00000                                       *
*                                                               *
**************   chi**2/iteration = 0.5548       ****************

 # Histo: mll             Σ  ->   -19.865568964161671      pm  0.39503101208835073     
 # Histo: yll             Σ  ->   -19.769705878072667      pm  0.42110244419553028     
 # Histo: ptlm            Σ  ->   -19.843945363281382      pm  0.45430769662563975     
 # Histo: ptlp            Σ  ->   -19.862588804512651      pm  0.46363649826809950     
 # Histo: ylm             Σ  ->   -19.698810619676685      pm  0.45823562075893493     
 # Histo: ylp             Σ  ->   -19.892105691981424      pm  0.52292366752683961     
Thanks for using LHAPDF 6.2.3. Please make sure to cite the paper:
  Eur.Phys.J. C75 (2015) 3, 132  (http://arxiv.org/abs/1412.7420)
 ################################################### 
 #
 # ./mixed_ll -corr nnlo -ch aq -sec rr5262c -vegasNc0 10000000 -vegasNc1 100000000 -vegasIt0 10 -vegasIt1 5 -ptlep_cut 20 -ylep_cut 2.5
 # 
 # Git version: 30d3bb394f7cf014e89cdb83edaa01a7e7a8a24b-dirty
 # 
 #
 # vegasIt0 =           10
 # vegasNc0 =     10000000
 #
 # vegasIt1 =            5
 # vegasNc1 =    100000000
 #
 # seed =            0
 #
 # gridfile = ./grid/test_nnlo_aq_rr5262c_dynscale_xMuR_1.00_xMuF_1.00.grid                                       
 # writegrid =  F
 # readgrid  =  F
 #
 # Using the Gmu scheme
 #
 # Input mz =    91.187600000000003     
 # Input mw =    80.397999999999996     
 # Input mh =    125.00000000000000     
 # Input mb =    0.0000000000000000     
 # Input mt =    173.19999999999999     
 # Input Gf =    1.1663900000000000E-005
 # Input gaz =    2.4952000000000001     
 # Input gaw =    2.1053999999999999     
 # Input gah =    4.1650000000000003E-003
 #
 # Derived vev    246.21845810181634     
 # Derived 1/aem    132.33843228049895     
 # Derived gw    0.65306233025595339     
 # Derived sw2   0.22264585341299614     
 # Derived cw2   0.77735414658700386     
 #
 # Input nup  =            2
 # Input ndn  =            3
 # Derived nf =            5
 #
 # sqrt(sh) =    14000.000000000000     
 #
 # corr = nnlo
 # sec  = rr5262c
 # ch   = aq
 #
 # pdfset = NNPDF31_nnlo_as_0118_luxqed
 # pdfmem =            0
 #
 # using dynamical scale, see cut_histo
 # xmuR =           1.0000000000000000     
 # xmuF =           1.0000000000000000     
 #
 # alphasPDF(mu) =   0.11800215829284905     
 #
 # qmin =    300.00000000000000     
 # qmax =    14000.000000000000     
 #
 # ptlep_cut =    20.000000000000000     
 # ylep_cut  =    2.5000000000000000     
 #
 # R_phot =  0.10000000000000001      # for isolation
 #
 # buff =         9.9999999999999998E-013
 # buff_rr =         9.9999999999999998E-013
 # buff_rv =         9.9999999999999998E-013
 # buff_z  =         9.9999999999999998E-013
 # buff_r  =         9.9999999999999998E-013
 #
 # lepton charge =   -1.0000000000000000     
 # lepton cL =  -0.66668072315649085     
 # lepton cR =   0.53517749919274349     
 #
 # out = ./histo/test_nnlo_aq_rr5262c_dynscale_xMuR_1.00_xMuF_1.00.histo                                     
 #
 ################################################### 
 # 
 # Result:            5.5154616960873815E-002 fb
 # Error:             1.1423636624700647E-003 fb
 # Chi2/Iteration:   0.55484925727966083     
 # 
 ################################################### 
 #
 # Points failing the technical cuts:      4193986
 #
 # bad points:            0
 #
 # Time =    87283.7969    
 #
