LHAPDF 6.2.3 loading /usr/share/LHAPDF/NNPDF31_nnlo_as_0118_luxqed/NNPDF31_nnlo_as_0118_luxqed_0000.dat
NNPDF31_nnlo_as_0118_luxqed PDF set, member #0, version 2; LHAPDF ID = 325100
 ####################################
 ##  QCD-EW dilepton production   ###
 ####################################
 # ./mixed_ll -corr nnlo -ch aq -sec rr5262a -vegasNc0 2000000 -vegasNc1 50000000 -vegasIt0 10 -vegasIt1 5 -ptlep_cut 20 -ylep_cut 2.5
 # 
 # -vegasIt0 set to           10
 # -vegasNc0 set to      2000000
 # -vegasIt1 set to            5
 # -vegasNc1 set to     50000000
 # -ptlep_cut set to    20.000000000000000     
 # -ylep_cut set to    2.5000000000000000     
 # -corr set to nnlo
 # -ch set to aq
 # -sec set to rr5262a
 #
 # vegasIt0 =           10
 # vegasNc0 =      2000000
 #
 # vegasIt1 =            5
 # vegasNc1 =     50000000
 #
 # seed =            0
 #
 # gridfile = ./grid/test_nnlo_aq_rr5262a_dynscale_xMuR_1.00_xMuF_1.00.grid                                       
 # writegrid =  F
 # readgrid  =  F
 #
 # Using the Gmu scheme
 #
 # Input mz =    91.187600000000003     
 # Input mw =    80.397999999999996     
 # Input mh =    125.00000000000000     
 # Input mb =    0.0000000000000000     
 # Input mt =    173.19999999999999     
 # Input Gf =    1.1663900000000000E-005
 # Input gaz =    2.4952000000000001     
 # Input gaw =    2.1053999999999999     
 # Input gah =    4.1650000000000003E-003
 #
 # Derived vev    246.21845810181634     
 # Derived 1/aem    132.33843228049895     
 # Derived gw    0.65306233025595339     
 # Derived sw2   0.22264585341299614     
 # Derived cw2   0.77735414658700386     
 #
 # Input nup  =            2
 # Input ndn  =            3
 # Derived nf =            5
 #
 # sqrt(sh) =    14000.000000000000     
 #
 # corr = nnlo
 # sec  = rr5262a
 # ch   = aq
 #
 # pdfset = NNPDF31_nnlo_as_0118_luxqed
 # pdfmem =            0
 #
 # using dynamical scale, see cut_histo
 # xmuR =           1.0000000000000000     
 # xmuF =           1.0000000000000000     
 #
 # alphasPDF(mu) =   0.11800215829284905     
 #
 # qmin =    300.00000000000000     
 # qmax =    14000.000000000000     
 #
 # ptlep_cut =    20.000000000000000     
 # ylep_cut  =    2.5000000000000000     
 #
 # R_phot =  0.10000000000000001      # for isolation
 #
 # buff =         9.9999999999999998E-013
 # buff_rr =         9.9999999999999998E-013
 # buff_rv =         9.9999999999999998E-013
 # buff_z  =         9.9999999999999998E-013
 # buff_r  =         9.9999999999999998E-013
 #
 # lepton charge =   -1.0000000000000000     
 # lepton cL =  -0.66668072315649085     
 # lepton cR =   0.53517749919274349     
 #
 # out = ./histo/test_nnlo_aq_rr5262a_dynscale_xMuR_1.00_xMuF_1.00.histo                                     
 #
 #####################################################################
 #        ___                                           version beta #
 #       /   \ ___  ____  _  _  |     __   __  ___   __    ___       #
 #       |   | |__| |__   |\ |  |    /  \ /  \ |__| /__    __/       #
 #       \___/ |    |___  | \|  |___ \__/ \__/ |    __/   /__        #
 #                                                                   #
 #####################################################################
 #       You are using OpenLoops 2 to evaluate loop amplitudes       #
 #                             Authors:                              #
 #       F. Buccioni, J.-N. Lang, J. Lindert, P. Maierhoefer,        #
 #                S. Pozzorini, M. Zoller, H. Zhang                  #
 #                                                                   #
 #         Please cite Eur.Phys.J. C79 (2019) no.10, 866             #
 #                     Phys. Rev. Lett. 108 (2012) 111601            #
 #                     Eur.Phys.J. C78 (2018) no.1, 70               #
 #                                                                   #
 #####################################################################

                                                            
         *******************************************        
         *              C O L L I E R              *        
         *                                         *        
         *        Complex One-Loop Library         *        
         *      In Extended Regularizations        *        
         *                                         *        
         *    by A.Denner, S.Dittmaier, L.Hofer    *        
         *                                         *        
         *              version 1.2.4              *        
         *                                         *        
         *******************************************        
                                                            
 ====================================================
 ================OpenLoops Parameters================
 ====================================================
 install_path: "/users/ttp/signorile/Desktop/tools/OpenLoops"
 model =sm

 coupling constants
 alpha_s      =  0.11799999999999999     
 alpha_qed    =   7.5598868064660511E-003   1/alpha_qed    =   132.27711281929373     

 ew_scheme     =           1
 alpha_qed_0   =   7.2973525698163148E-003   1/alpha_qed_0   =   137.03599907399999     
 alpha_qed_MZ  =   7.8125000000000000E-003   1/alpha_qed_MZ  =   128.00000000000000     
 alpha_qed_Gmu =   7.5598868064660511E-003   1/alpha_qed_Gmu =   132.27711281929373     
 Gmu           =   1.1663900000000000E-005
 sw            =       (0.47188111823035794,-9.68042324079749594E-004)   sw2            =       (0.22267085263639186,-9.13601788762133621E-004)

 derived couplings
 vev          =              (246.19023188189755,-3.7281142650693186)

 particle masses and widths
 ME =                (0.0000000000000000,0.0000000000000000) rME =   0.0000000000000000      wME =   0.0000000000000000      YE =               (0.0000000000000000,0.0000000000000000)
 MM =                (0.0000000000000000,0.0000000000000000) rMM =   0.0000000000000000      wMM =   0.0000000000000000      YM =               (0.0000000000000000,0.0000000000000000)
 ML =                (0.0000000000000000,0.0000000000000000) rML =   0.0000000000000000      wML =   0.0000000000000000      YL =               (0.0000000000000000,0.0000000000000000)
 MU =                (0.0000000000000000,0.0000000000000000) rMU =   0.0000000000000000      wMU =   0.0000000000000000      YU =               (0.0000000000000000,0.0000000000000000)
 MD =                (0.0000000000000000,0.0000000000000000) rMD =   0.0000000000000000      wMD =   0.0000000000000000      YD =               (0.0000000000000000,0.0000000000000000)
 MS =                (0.0000000000000000,0.0000000000000000) rMS =   0.0000000000000000      wMS =   0.0000000000000000      YS =               (0.0000000000000000,0.0000000000000000)
 MC =                (0.0000000000000000,0.0000000000000000) rMC =   0.0000000000000000      wMC =   0.0000000000000000      YC =               (0.0000000000000000,0.0000000000000000)
 MB =                (0.0000000000000000,0.0000000000000000) rMB =   0.0000000000000000      wMB =   0.0000000000000000      YB =               (0.0000000000000000,0.0000000000000000)
 MT =                (173.19999999999999,0.0000000000000000) rMT =   173.19999999999999      wMT =   0.0000000000000000      YT =               (173.19999999999999,0.0000000000000000)
 MW =               (80.404890344843551,-1.0526097882481313) rMW =   80.397999999999996      wMW =   2.1053999999999999     
 MZ =               (91.196132638775055,-1.2474832700485456) rMZ =   91.187600000000003      wMZ =   2.4952000000000001     
 MH =                (125.00000000000000,0.0000000000000000) rMH =   125.00000000000000      wMH =   0.0000000000000000     
 MX =                (91.187600000000003,0.0000000000000000) rMX =   91.187600000000003      wMX =   0.0000000000000000     
 MY =                (80.397999999999996,0.0000000000000000) rMY =   80.397999999999996      wMY =   0.0000000000000000     

 ==Technical Parameters==
 muren              =   100.00000000000000     
 mureg              =   100.00000000000000     
 pole1_UV           =   0.0000000000000000     
 pole1_IR           =   0.0000000000000000     
 pole2_IR           =   0.0000000000000000     
 fact_UV            =   1.0000000000000000     
 fact_IR            =   1.0000000000000000     
 ew_renorm_scheme   =           1
 N_quarks           =           6
 light quarks       =           5
 nq_nondecoupled    =           0
 fermion_loops      =           1
 nonfermion_loops   =           1
 CT_on              =           1
 R2_on              =           1
 IR_on              =           1
 polecheck          =           0
 polenorm_swi       =           0
 i-operator mode    =           0
 last_switch        =           1
 se_integral_switch =           1
 use_coli_cache     =           1
 use_me_cache       =           1
 use_bubble_vertex  =           1
 check_Ward_tree    =           0
 check_Ward_loop    =           0
 out_symmetry       =           1
 psp_tolerance      =   9.9999997171806854E-010
 hp_mode            =           1
 hp_loopacc         =   8.0000000000000000     
 hp_step_thres      =  0.50000000000000000     
 hp_alloc_mode      =           3
 sync_qp_kinematics =           1
 stability_mode         =          11
 deviation_mode         =           1
 stability_triggerratio =  0.20000000000000001     
 stability_unstable     =   1.0000000000000000E-002
 stability_kill         =   1.0000000000000000     
 stability_kill2        =   10.000000000000000     
 redlib1                =           1
 redlib2                =           7
 redlib_qp              =           5

 ====================================================
 # 
 # number of hisrograms initialised =            6
 # name, lower bound, upper bound, number of bins
 # 
 # mll               100.00000000000000        1000.0000000000000               90
 # yll              -5.0000000000000000        5.0000000000000000              100
 # ptlm              10.000000000000000        1000.0000000000000               99
 # ptlp              10.000000000000000        1000.0000000000000               99
 # ylm              -5.0000000000000000        5.0000000000000000              100
 # ylp              -5.0000000000000000        5.0000000000000000              100
 # 

 Input parameters for vegas: ndim = 10  ncall =  1948617.
                             it =    0  itmx =   10
                             verb =  0  alph = 1.50
                             mds =   1  nd =  50


************* Integration by Vegas (iteration   1) **************
*                                                               *
*  integral  = 0.24303480E-01   accum. integral = 0.24303480E-01*
*  std. dev. = 0.12204225E-01   accum. std. dev = 0.12204225E-01*
*   max. wt. =    1.00000                                       *
*                                                               *
**************   chi**2/iteration =  0.000       ****************


************* Integration by Vegas (iteration   2) **************
*                                                               *
*  integral  = 0.33292278E-01   accum. integral = 0.32523531E-01*
*  std. dev. = 0.37321982E-02   accum. std. dev = 0.35690377E-02*
*   max. wt. =    1.00000                                       *
*                                                               *
**************   chi**2/iteration = 0.4956       ****************


************* Integration by Vegas (iteration   3) **************
*                                                               *
*  integral  = 0.32805468E-01   accum. integral = 0.32750836E-01*
*  std. dev. = 0.17497179E-02   accum. std. dev = 0.15710750E-02*
*   max. wt. =    1.00000                                       *
*                                                               *
**************   chi**2/iteration = 0.2504       ****************


************* Integration by Vegas (iteration   4) **************
*                                                               *
*  integral  = 0.28650359E-01   accum. integral = 0.30411215E-01*
*  std. dev. = 0.13629691E-02   accum. std. dev = 0.10295362E-02*
*   max. wt. =    1.00000                                       *
*                                                               *
**************   chi**2/iteration =  1.462       ****************


************* Integration by Vegas (iteration   5) **************
*                                                               *
*  integral  = 0.34267046E-01   accum. integral = 0.31444133E-01*
*  std. dev. = 0.17019912E-02   accum. std. dev = 0.88090957E-03*
*   max. wt. =    1.00000                                       *
*                                                               *
**************   chi**2/iteration =  2.036       ****************


************* Integration by Vegas (iteration   6) **************
*                                                               *
*  integral  = 0.32115995E-01   accum. integral = 0.31640293E-01*
*  std. dev. = 0.13718086E-02   accum. std. dev = 0.74123984E-03*
*   max. wt. =    1.00000                                       *
*                                                               *
**************   chi**2/iteration =  1.663       ****************


************* Integration by Vegas (iteration   7) **************
*                                                               *
*  integral  = 0.31887825E-01   accum. integral = 0.31729980E-01*
*  std. dev. = 0.98335434E-03   accum. std. dev = 0.59191415E-03*
*   max. wt. =    1.00000                                       *
*                                                               *
**************   chi**2/iteration =  1.392       ****************


************* Integration by Vegas (iteration   8) **************
*                                                               *
*  integral  = 0.29905116E-01   accum. integral = 0.31139680E-01*
*  std. dev. = 0.85601031E-03   accum. std. dev = 0.48685566E-03*
*   max. wt. =    1.00000                                       *
*                                                               *
**************   chi**2/iteration =  1.633       ****************


************* Integration by Vegas (iteration   9) **************
*                                                               *
*  integral  = 0.32252755E-01   accum. integral = 0.31408323E-01*
*  std. dev. = 0.86316719E-03   accum. std. dev = 0.42405324E-03*
*   max. wt. =    1.00000                                       *
*                                                               *
**************   chi**2/iteration =  1.586       ****************


************* Integration by Vegas (iteration  10) **************
*                                                               *
*  integral  = 0.32147415E-01   accum. integral = 0.31540136E-01*
*  std. dev. = 0.91019519E-03   accum. std. dev = 0.38438383E-03*
*   max. wt. =    1.00000                                       *
*                                                               *
**************   chi**2/iteration =  1.470       ****************


 Input parameters for vegas: ndim = 10  ncall = 48828125.
                             it =    0  itmx =    5
                             verb =  0  alph = 1.50
                             mds =   1  nd =  50


************* Integration by Vegas (iteration   1) **************
*                                                               *
*  integral  = 0.31623353E-01   accum. integral = 0.31623353E-01*
*  std. dev. = 0.18945065E-03   accum. std. dev = 0.18945065E-03*
*   max. wt. =    1.00000                                       *
*                                                               *
**************   chi**2/iteration = 0.3638E-08   ****************

 # Histo: mll             Σ  ->    3.1623353395262295E-002 pm   1.2445289914507526E-003
 # Histo: yll             Σ  ->    3.1623353395262774E-002 pm   1.2444782923678756E-003
 # Histo: ptlm            Σ  ->    3.1623353395263010E-002 pm   4.9800010335566908E-003
 # Histo: ptlp            Σ  ->    3.1623353395262364E-002 pm   3.5889612002958319E-003
 # Histo: ylm             Σ  ->    3.1623353395262621E-002 pm   2.0982029510191865E-003
 # Histo: ylp             Σ  ->    3.1623353395262441E-002 pm   6.7690508880673067E-003

************* Integration by Vegas (iteration   2) **************
*                                                               *
*  integral  = 0.31748680E-01   accum. integral = 0.31689176E-01*
*  std. dev. = 0.18012975E-03   accum. std. dev = 0.13054178E-03*
*   max. wt. =    1.00000                                       *
*                                                               *
**************   chi**2/iteration = 0.2296       ****************

 # Histo: mll             Σ  ->    3.1694937629558974E-002 pm   8.4455814080573971E-004
 # Histo: yll             Σ  ->    3.1684765146209944E-002 pm   8.5093769616858465E-004
 # Histo: ptlm            Σ  ->    3.1721743484780011E-002 pm   2.7042599509708586E-003
 # Histo: ptlp            Σ  ->    3.1667673216108347E-002 pm   2.5175458905337222E-003
 # Histo: ylm             Σ  ->    3.1688791545308355E-002 pm   1.5001708851572837E-003
 # Histo: ylp             Σ  ->    3.1706875259605395E-002 pm   2.6222779957264563E-003

************* Integration by Vegas (iteration   3) **************
*                                                               *
*  integral  = 0.31836097E-01   accum. integral = 0.31734319E-01*
*  std. dev. = 0.19601000E-03   accum. std. dev = 0.10865097E-03*
*   max. wt. =    1.00000                                       *
*                                                               *
**************   chi**2/iteration = 0.3094       ****************

 # Histo: mll             Σ  ->    3.1739878245116301E-002 pm   6.8856317375489480E-004
 # Histo: yll             Σ  ->    3.1753755543515727E-002 pm   6.9313981876557233E-004
 # Histo: ptlm            Σ  ->    3.1797869315312616E-002 pm   2.0874854978522668E-003
 # Histo: ptlp            Σ  ->    3.1717321198931017E-002 pm   2.0178709273170276E-003
 # Histo: ylm             Σ  ->    3.1757942021572547E-002 pm   1.2189099241339679E-003
 # Histo: ylp             Σ  ->    3.1851938398508167E-002 pm   2.0676060754183678E-003

************* Integration by Vegas (iteration   4) **************
*                                                               *
*  integral  = 0.31815012E-01   accum. integral = 0.31752758E-01*
*  std. dev. = 0.19964202E-03   accum. std. dev = 0.95433333E-04*
*   max. wt. =    1.00000                                       *
*                                                               *
**************   chi**2/iteration = 0.2483       ****************

 # Histo: mll             Σ  ->    3.1763373366274578E-002 pm   6.0145747367330274E-004
 # Histo: yll             Σ  ->    3.1749590399086196E-002 pm   6.0511717731447123E-004
 # Histo: ptlm            Σ  ->    3.1846581503692649E-002 pm   1.7611543579561437E-003
 # Histo: ptlp            Σ  ->    3.1755507699678075E-002 pm   1.7590446635555950E-003
 # Histo: ylm             Σ  ->    3.1758210994827250E-002 pm   1.0578560440273909E-003
 # Histo: ylp             Σ  ->    3.1871284809257057E-002 pm   1.7888187089611701E-003

************* Integration by Vegas (iteration   5) **************
*                                                               *
*  integral  = 0.31434091E-01   accum. integral = 0.31688194E-01*
*  std. dev. = 0.18932689E-03   accum. std. dev = 0.85219102E-04*
*   max. wt. =    1.00000                                       *
*                                                               *
**************   chi**2/iteration = 0.7508       ****************

 # Histo: mll             Σ  ->    3.1704126900474888E-002 pm   5.3520462750909878E-004
 # Histo: yll             Σ  ->    3.1695442592384764E-002 pm   5.4182003141681429E-004
 # Histo: ptlm            Σ  ->    3.1702113407854483E-002 pm   1.5426197557983821E-003
 # Histo: ptlp            Σ  ->    3.1702023316621142E-002 pm   1.5567834220283909E-003
 # Histo: ylm             Σ  ->    3.1684914777859306E-002 pm   9.4240837424188081E-004
 # Histo: ylp             Σ  ->    3.1796042241585692E-002 pm   1.5735809037848865E-003
Thanks for using LHAPDF 6.2.3. Please make sure to cite the paper:
  Eur.Phys.J. C75 (2015) 3, 132  (http://arxiv.org/abs/1412.7420)
 ################################################### 
 #
 # ./mixed_ll -corr nnlo -ch aq -sec rr5262a -vegasNc0 2000000 -vegasNc1 50000000 -vegasIt0 10 -vegasIt1 5 -ptlep_cut 20 -ylep_cut 2.5
 # 
 # Git version: 30d3bb394f7cf014e89cdb83edaa01a7e7a8a24b-dirty
 # 
 #
 # vegasIt0 =           10
 # vegasNc0 =      2000000
 #
 # vegasIt1 =            5
 # vegasNc1 =     50000000
 #
 # seed =            0
 #
 # gridfile = ./grid/test_nnlo_aq_rr5262a_dynscale_xMuR_1.00_xMuF_1.00.grid                                       
 # writegrid =  F
 # readgrid  =  F
 #
 # Using the Gmu scheme
 #
 # Input mz =    91.187600000000003     
 # Input mw =    80.397999999999996     
 # Input mh =    125.00000000000000     
 # Input mb =    0.0000000000000000     
 # Input mt =    173.19999999999999     
 # Input Gf =    1.1663900000000000E-005
 # Input gaz =    2.4952000000000001     
 # Input gaw =    2.1053999999999999     
 # Input gah =    4.1650000000000003E-003
 #
 # Derived vev    246.21845810181634     
 # Derived 1/aem    132.33843228049895     
 # Derived gw    0.65306233025595339     
 # Derived sw2   0.22264585341299614     
 # Derived cw2   0.77735414658700386     
 #
 # Input nup  =            2
 # Input ndn  =            3
 # Derived nf =            5
 #
 # sqrt(sh) =    14000.000000000000     
 #
 # corr = nnlo
 # sec  = rr5262a
 # ch   = aq
 #
 # pdfset = NNPDF31_nnlo_as_0118_luxqed
 # pdfmem =            0
 #
 # using dynamical scale, see cut_histo
 # xmuR =           1.0000000000000000     
 # xmuF =           1.0000000000000000     
 #
 # alphasPDF(mu) =   0.11800215829284905     
 #
 # qmin =    300.00000000000000     
 # qmax =    14000.000000000000     
 #
 # ptlep_cut =    20.000000000000000     
 # ylep_cut  =    2.5000000000000000     
 #
 # R_phot =  0.10000000000000001      # for isolation
 #
 # buff =         9.9999999999999998E-013
 # buff_rr =         9.9999999999999998E-013
 # buff_rv =         9.9999999999999998E-013
 # buff_z  =         9.9999999999999998E-013
 # buff_r  =         9.9999999999999998E-013
 #
 # lepton charge =   -1.0000000000000000     
 # lepton cL =  -0.66668072315649085     
 # lepton cR =   0.53517749919274349     
 #
 # out = ./histo/test_nnlo_aq_rr5262a_dynscale_xMuR_1.00_xMuF_1.00.histo                                     
 #
 ################################################### 
 # 
 # Result:            3.1688194456616935E-002 fb
 # Error:             8.5219101773785049E-005 fb
 # Chi2/Iteration:   0.75084207204671682     
 # 
 ################################################### 
 #
 # Points failing the technical cuts:         6036
 #
 # bad points:            0
 #
 # Time =    22517.8867    
 #
