LHAPDF 6.2.3 loading /usr/share/LHAPDF/NNPDF31_nnlo_as_0118_luxqed/NNPDF31_nnlo_as_0118_luxqed_0000.dat
NNPDF31_nnlo_as_0118_luxqed PDF set, member #0, version 2; LHAPDF ID = 325100
 ####################################
 ##  QCD-EW dilepton production   ###
 ####################################
 # ./mixed_ll -corr nnlo -ch aq -sec rr5262b -vegasNc0 50000000 -vegasNc1 100000000 -vegasIt0 10 -vegasIt1 5 -ptlep_cut 20 -ylep_cut 2.5 -buff_rr 1E-8
 # 
 # -vegasIt0 set to           10
 # -vegasNc0 set to     50000000
 # -vegasIt1 set to            5
 # -vegasNc1 set to    100000000
 # -ptlep_cut set to    20.000000000000000     
 # -ylep_cut set to    2.5000000000000000     
 # -buff_rr set to    1.0000000000000000E-008
 # -corr set to nnlo
 # -ch set to aq
 # -sec set to rr5262b
 #
 # vegasIt0 =           10
 # vegasNc0 =     50000000
 #
 # vegasIt1 =            5
 # vegasNc1 =    100000000
 #
 # seed =            0
 #
 # gridfile = ./grid/test_nnlo_aq_rr5262b_dynscale_xMuR_1.00_xMuF_1.00.grid                                       
 # writegrid =  F
 # readgrid  =  F
 #
 # Using the Gmu scheme
 #
 # Input mz =    91.187600000000003     
 # Input mw =    80.397999999999996     
 # Input mh =    125.00000000000000     
 # Input mb =    0.0000000000000000     
 # Input mt =    173.19999999999999     
 # Input Gf =    1.1663900000000000E-005
 # Input gaz =    2.4952000000000001     
 # Input gaw =    2.1053999999999999     
 # Input gah =    4.1650000000000003E-003
 #
 # Derived vev    246.21845810181634     
 # Derived 1/aem    132.33843228049895     
 # Derived gw    0.65306233025595339     
 # Derived sw2   0.22264585341299614     
 # Derived cw2   0.77735414658700386     
 #
 # Input nup  =            2
 # Input ndn  =            3
 # Derived nf =            5
 #
 # sqrt(sh) =    14000.000000000000     
 #
 # corr = nnlo
 # sec  = rr5262b
 # ch   = aq
 #
 # pdfset = NNPDF31_nnlo_as_0118_luxqed
 # pdfmem =            0
 #
 # using dynamical scale, see cut_histo
 # xmuR =           1.0000000000000000     
 # xmuF =           1.0000000000000000     
 #
 # alphasPDF(mu) =   0.11800215829284905     
 #
 # qmin =    300.00000000000000     
 # qmax =    14000.000000000000     
 #
 # ptlep_cut =    20.000000000000000     
 # ylep_cut  =    2.5000000000000000     
 #
 # R_phot =  0.10000000000000001      # for isolation
 #
 # buff =         9.9999999999999998E-013
 # buff_rr =         1.0000000000000000E-008
 # buff_rv =         9.9999999999999998E-013
 # buff_z  =         9.9999999999999998E-013
 # buff_r  =         9.9999999999999998E-013
 #
 # lepton charge =   -1.0000000000000000     
 # lepton cL =  -0.66668072315649085     
 # lepton cR =   0.53517749919274349     
 #
 # out = ./histo/test_nnlo_aq_rr5262b_dynscale_xMuR_1.00_xMuF_1.00.histo                                     
 #
 #####################################################################
 #        ___                                           version beta #
 #       /   \ ___  ____  _  _  |     __   __  ___   __    ___       #
 #       |   | |__| |__   |\ |  |    /  \ /  \ |__| /__    __/       #
 #       \___/ |    |___  | \|  |___ \__/ \__/ |    __/   /__        #
 #                                                                   #
 #####################################################################
 #       You are using OpenLoops 2 to evaluate loop amplitudes       #
 #                             Authors:                              #
 #       F. Buccioni, J.-N. Lang, J. Lindert, P. Maierhoefer,        #
 #                S. Pozzorini, M. Zoller, H. Zhang                  #
 #                                                                   #
 #         Please cite Eur.Phys.J. C79 (2019) no.10, 866             #
 #                     Phys. Rev. Lett. 108 (2012) 111601            #
 #                     Eur.Phys.J. C78 (2018) no.1, 70               #
 #                                                                   #
 #####################################################################

                                                            
         *******************************************        
         *              C O L L I E R              *        
         *                                         *        
         *        Complex One-Loop Library         *        
         *      In Extended Regularizations        *        
         *                                         *        
         *    by A.Denner, S.Dittmaier, L.Hofer    *        
         *                                         *        
         *              version 1.2.4              *        
         *                                         *        
         *******************************************        
                                                            
 ====================================================
 ================OpenLoops Parameters================
 ====================================================
 install_path: "/users/ttp/signorile/Desktop/tools/OpenLoops"
 model =sm

 coupling constants
 alpha_s      =  0.11799999999999999     
 alpha_qed    =   7.5598868064660511E-003   1/alpha_qed    =   132.27711281929373     

 ew_scheme     =           1
 alpha_qed_0   =   7.2973525698163148E-003   1/alpha_qed_0   =   137.03599907399999     
 alpha_qed_MZ  =   7.8125000000000000E-003   1/alpha_qed_MZ  =   128.00000000000000     
 alpha_qed_Gmu =   7.5598868064660511E-003   1/alpha_qed_Gmu =   132.27711281929373     
 Gmu           =   1.1663900000000000E-005
 sw            =       (0.47188111823035794,-9.68042324079749594E-004)   sw2            =       (0.22267085263639186,-9.13601788762133621E-004)

 derived couplings
 vev          =              (246.19023188189755,-3.7281142650693186)

 particle masses and widths
 ME =                (0.0000000000000000,0.0000000000000000) rME =   0.0000000000000000      wME =   0.0000000000000000      YE =               (0.0000000000000000,0.0000000000000000)
 MM =                (0.0000000000000000,0.0000000000000000) rMM =   0.0000000000000000      wMM =   0.0000000000000000      YM =               (0.0000000000000000,0.0000000000000000)
 ML =                (0.0000000000000000,0.0000000000000000) rML =   0.0000000000000000      wML =   0.0000000000000000      YL =               (0.0000000000000000,0.0000000000000000)
 MU =                (0.0000000000000000,0.0000000000000000) rMU =   0.0000000000000000      wMU =   0.0000000000000000      YU =               (0.0000000000000000,0.0000000000000000)
 MD =                (0.0000000000000000,0.0000000000000000) rMD =   0.0000000000000000      wMD =   0.0000000000000000      YD =               (0.0000000000000000,0.0000000000000000)
 MS =                (0.0000000000000000,0.0000000000000000) rMS =   0.0000000000000000      wMS =   0.0000000000000000      YS =               (0.0000000000000000,0.0000000000000000)
 MC =                (0.0000000000000000,0.0000000000000000) rMC =   0.0000000000000000      wMC =   0.0000000000000000      YC =               (0.0000000000000000,0.0000000000000000)
 MB =                (0.0000000000000000,0.0000000000000000) rMB =   0.0000000000000000      wMB =   0.0000000000000000      YB =               (0.0000000000000000,0.0000000000000000)
 MT =                (173.19999999999999,0.0000000000000000) rMT =   173.19999999999999      wMT =   0.0000000000000000      YT =               (173.19999999999999,0.0000000000000000)
 MW =               (80.404890344843551,-1.0526097882481313) rMW =   80.397999999999996      wMW =   2.1053999999999999     
 MZ =               (91.196132638775055,-1.2474832700485456) rMZ =   91.187600000000003      wMZ =   2.4952000000000001     
 MH =                (125.00000000000000,0.0000000000000000) rMH =   125.00000000000000      wMH =   0.0000000000000000     
 MX =                (91.187600000000003,0.0000000000000000) rMX =   91.187600000000003      wMX =   0.0000000000000000     
 MY =                (80.397999999999996,0.0000000000000000) rMY =   80.397999999999996      wMY =   0.0000000000000000     

 ==Technical Parameters==
 muren              =   100.00000000000000     
 mureg              =   100.00000000000000     
 pole1_UV           =   0.0000000000000000     
 pole1_IR           =   0.0000000000000000     
 pole2_IR           =   0.0000000000000000     
 fact_UV            =   1.0000000000000000     
 fact_IR            =   1.0000000000000000     
 ew_renorm_scheme   =           1
 N_quarks           =           6
 light quarks       =           5
 nq_nondecoupled    =           0
 fermion_loops      =           1
 nonfermion_loops   =           1
 CT_on              =           1
 R2_on              =           1
 IR_on              =           1
 polecheck          =           0
 polenorm_swi       =           0
 i-operator mode    =           0
 last_switch        =           1
 se_integral_switch =           1
 use_coli_cache     =           1
 use_me_cache       =           1
 use_bubble_vertex  =           1
 check_Ward_tree    =           0
 check_Ward_loop    =           0
 out_symmetry       =           1
 psp_tolerance      =   9.9999997171806854E-010
 hp_mode            =           1
 hp_loopacc         =   8.0000000000000000     
 hp_step_thres      =  0.50000000000000000     
 hp_alloc_mode      =           3
 sync_qp_kinematics =           1
 stability_mode         =          11
 deviation_mode         =           1
 stability_triggerratio =  0.20000000000000001     
 stability_unstable     =   1.0000000000000000E-002
 stability_kill         =   1.0000000000000000     
 stability_kill2        =   10.000000000000000     
 redlib1                =           1
 redlib2                =           7
 redlib_qp              =           5

 ====================================================
 # 
 # number of hisrograms initialised =            6
 # name, lower bound, upper bound, number of bins
 # 
 # mll               100.00000000000000        1000.0000000000000               90
 # yll              -5.0000000000000000        5.0000000000000000              100
 # ptlm              10.000000000000000        1000.0000000000000               99
 # ptlp              10.000000000000000        1000.0000000000000               99
 # ylm              -5.0000000000000000        5.0000000000000000              100
 # ylp              -5.0000000000000000        5.0000000000000000              100
 # 

 Input parameters for vegas: ndim = 10  ncall = 48828125.
                             it =    0  itmx =   10
                             verb =  0  alph = 1.50
                             mds =   1  nd =  50


************* Integration by Vegas (iteration   1) **************
*                                                               *
*  integral  = -.34232698E-01   accum. integral = -.34232698E-01*
*  std. dev. = 0.10997277E-01   accum. std. dev = 0.10997277E-01*
*   max. wt. =    1.00000                                       *
*                                                               *
**************   chi**2/iteration =  0.000       ****************


************* Integration by Vegas (iteration   2) **************
*                                                               *
*  integral  = -.28239415E-01   accum. integral = -.29701083E-01*
*  std. dev. = 0.62457258E-02   accum. std. dev = 0.54309656E-02*
*   max. wt. =    1.00000                                       *
*                                                               *
**************   chi**2/iteration = 0.2243       ****************


************* Integration by Vegas (iteration   3) **************
*                                                               *
*  integral  = -.22601698E-01   accum. integral = -.24197960E-01*
*  std. dev. = 0.29249918E-02   accum. std. dev = 0.25752469E-02*
*   max. wt. =    1.00000                                       *
*                                                               *
**************   chi**2/iteration = 0.7742       ****************


************* Integration by Vegas (iteration   4) **************
*                                                               *
*  integral  = -.23976723E-01   accum. integral = -.24046207E-01*
*  std. dev. = 0.17425818E-02   accum. std. dev = 0.14432208E-02*
*   max. wt. =    1.00000                                       *
*                                                               *
**************   chi**2/iteration = 0.5179       ****************


************* Integration by Vegas (iteration   5) **************
*                                                               *
*  integral  = -.25868898E-01   accum. integral = -.24581380E-01*
*  std. dev. = 0.22385280E-02   accum. std. dev = 0.12129781E-02*
*   max. wt. =    1.00000                                       *
*                                                               *
**************   chi**2/iteration = 0.5055       ****************


************* Integration by Vegas (iteration   6) **************
*                                                               *
*  integral  = -.27309043E-01   accum. integral = -.25345006E-01*
*  std. dev. = 0.19453032E-02   accum. std. dev = 0.10292773E-02*
*   max. wt. =    1.00000                                       *
*                                                               *
**************   chi**2/iteration = 0.6875       ****************


************* Integration by Vegas (iteration   7) **************
*                                                               *
*  integral  = -.24942335E-01   accum. integral = -.25210723E-01*
*  std. dev. = 0.14551351E-02   accum. std. dev = 0.84030846E-03*
*   max. wt. =    1.00000                                       *
*                                                               *
**************   chi**2/iteration = 0.5814       ****************


************* Integration by Vegas (iteration   8) **************
*                                                               *
*  integral  = -.21219173E-01   accum. integral = -.24109963E-01*
*  std. dev. = 0.13617607E-02   accum. std. dev = 0.71511559E-03*
*   max. wt. =    1.00000                                       *
*                                                               *
**************   chi**2/iteration =  1.387       ****************


************* Integration by Vegas (iteration   9) **************
*                                                               *
*  integral  = -.23264006E-01   accum. integral = -.23900262E-01*
*  std. dev. = 0.12456367E-02   accum. std. dev = 0.62018022E-03*
*   max. wt. =    1.00000                                       *
*                                                               *
**************   chi**2/iteration =  1.257       ****************


************* Integration by Vegas (iteration  10) **************
*                                                               *
*  integral  = -.23877142E-01   accum. integral = -.23894625E-01*
*  std. dev. = 0.10922480E-02   accum. std. dev = 0.53930780E-03*
*   max. wt. =    1.00000                                       *
*                                                               *
**************   chi**2/iteration =  1.118       ****************


 Input parameters for vegas: ndim = 10  ncall = 97656250.
                             it =    0  itmx =    5
                             verb =  0  alph = 1.50
                             mds =   1  nd =  50


************* Integration by Vegas (iteration   1) **************
*                                                               *
*  integral  = -.22725737E-01   accum. integral = -.22725737E-01*
*  std. dev. = 0.82595762E-03   accum. std. dev = 0.82595762E-03*
*   max. wt. =    1.00000                                       *
*                                                               *
**************   chi**2/iteration =  0.000       ****************

 # Histo: mll             Σ  ->   -2.2725737320500327E-002 pm   5.2007321162908923E-003
 # Histo: yll             Σ  ->   -2.2725737320499956E-002 pm   4.9838227544870412E-003
 # Histo: ptlm            Σ  ->   -2.2725737320499942E-002 pm   2.0339838377618311E-002
 # Histo: ptlp            Σ  ->   -2.2725737320500934E-002 pm   1.7267431639735632E-002
 # Histo: ylm             Σ  ->   -2.2725737320500237E-002 pm   8.0860098061988038E-003
 # Histo: ylp             Σ  ->   -2.2725737320500018E-002 pm   1.4390141149219712E-002

************* Integration by Vegas (iteration   2) **************
*                                                               *
*  integral  = -.23824177E-01   accum. integral = -.23254196E-01*
*  std. dev. = 0.85779222E-03   accum. std. dev = 0.59497633E-03*
*   max. wt. =    1.00000                                       *
*                                                               *
**************   chi**2/iteration = 0.8500       ****************

 # Histo: mll             Σ  ->   -2.3250180904563957E-002 pm   3.6119785082047522E-003
 # Histo: yll             Σ  ->   -2.3132226650267235E-002 pm   3.4760119224499660E-003
 # Histo: ptlm            Σ  ->   -2.2740860900520035E-002 pm   1.4118350500376813E-002
 # Histo: ptlp            Σ  ->   -2.3470929937116945E-002 pm   1.2433505600668662E-002
 # Histo: ylm             Σ  ->   -2.3234281726317085E-002 pm   5.7169437661196794E-003
 # Histo: ylp             Σ  ->   -2.3250323369762758E-002 pm   1.0392305885189407E-002

************* Integration by Vegas (iteration   3) **************
*                                                               *
*  integral  = -.24279221E-01   accum. integral = -.23606438E-01*
*  std. dev. = 0.82227433E-03   accum. std. dev = 0.48202549E-03*
*   max. wt. =    1.00000                                       *
*                                                               *
**************   chi**2/iteration = 0.9349       ****************

 # Histo: mll             Σ  ->   -2.3640472405589693E-002 pm   2.9399085853765430E-003
 # Histo: yll             Σ  ->   -2.3406776934271584E-002 pm   2.8351643769006811E-003
 # Histo: ptlm            Σ  ->   -2.3316982353050790E-002 pm   1.1152376421916497E-002
 # Histo: ptlp            Σ  ->   -2.3363408608048395E-002 pm   1.0395201179989806E-002
 # Histo: ylm             Σ  ->   -2.3594899134350509E-002 pm   4.6841298759025029E-003
 # Histo: ylp             Σ  ->   -2.3633036651794684E-002 pm   8.5780966712220470E-003

************* Integration by Vegas (iteration   4) **************
*                                                               *
*  integral  = -.23653568E-01   accum. integral = -.23620031E-01*
*  std. dev. = 0.75712374E-03   accum. std. dev = 0.40661294E-03*
*   max. wt. =    1.00000                                       *
*                                                               *
**************   chi**2/iteration = 0.6243       ****************

 # Histo: mll             Σ  ->   -2.3612423295219131E-002 pm   2.5043040616548789E-003
 # Histo: yll             Σ  ->   -2.3435726211234353E-002 pm   2.4127186454419819E-003
 # Histo: ptlm            Σ  ->   -2.3315112311027425E-002 pm   9.3518414918833045E-003
 # Histo: ptlp            Σ  ->   -2.3451250501060564E-002 pm   8.5671842755628974E-003
 # Histo: ylm             Σ  ->   -2.3664111145887477E-002 pm   3.9876424915932830E-003
 # Histo: ylp             Σ  ->   -2.3641209746834056E-002 pm   7.3720363513918932E-003

************* Integration by Vegas (iteration   5) **************
*                                                               *
*  integral  = -.24736444E-01   accum. integral = -.23872325E-01*
*  std. dev. = 0.75251428E-03   accum. std. dev = 0.35773018E-03*
*   max. wt. =    1.00000                                       *
*                                                               *
**************   chi**2/iteration = 0.8941       ****************

 # Histo: mll             Σ  ->   -2.3845292917584717E-002 pm   2.2140738426785311E-003
 # Histo: yll             Σ  ->   -2.3730443183413396E-002 pm   2.1324499283076107E-003
 # Histo: ptlm            Σ  ->   -2.3614366541271341E-002 pm   8.3268793722232962E-003
 # Histo: ptlp            Σ  ->   -2.3745913974186524E-002 pm   7.5264221131730105E-003
 # Histo: ylm             Σ  ->   -2.3846052429576874E-002 pm   3.5420287802147440E-003
 # Histo: ylp             Σ  ->   -2.3888176744804826E-002 pm   6.5498529404667038E-003
Thanks for using LHAPDF 6.2.3. Please make sure to cite the paper:
  Eur.Phys.J. C75 (2015) 3, 132  (http://arxiv.org/abs/1412.7420)
 ################################################### 
 #
 # ./mixed_ll -corr nnlo -ch aq -sec rr5262b -vegasNc0 50000000 -vegasNc1 100000000 -vegasIt0 10 -vegasIt1 5 -ptlep_cut 20 -ylep_cut 2.5 -buff_rr 1E-8
 # 
 # Git version: b7d44ffad2051e15b190bf81cd2499f7fc8f1b55-dirty
 # 
 #
 # vegasIt0 =           10
 # vegasNc0 =     50000000
 #
 # vegasIt1 =            5
 # vegasNc1 =    100000000
 #
 # seed =            0
 #
 # gridfile = ./grid/test_nnlo_aq_rr5262b_dynscale_xMuR_1.00_xMuF_1.00.grid                                       
 # writegrid =  F
 # readgrid  =  F
 #
 # Using the Gmu scheme
 #
 # Input mz =    91.187600000000003     
 # Input mw =    80.397999999999996     
 # Input mh =    125.00000000000000     
 # Input mb =    0.0000000000000000     
 # Input mt =    173.19999999999999     
 # Input Gf =    1.1663900000000000E-005
 # Input gaz =    2.4952000000000001     
 # Input gaw =    2.1053999999999999     
 # Input gah =    4.1650000000000003E-003
 #
 # Derived vev    246.21845810181634     
 # Derived 1/aem    132.33843228049895     
 # Derived gw    0.65306233025595339     
 # Derived sw2   0.22264585341299614     
 # Derived cw2   0.77735414658700386     
 #
 # Input nup  =            2
 # Input ndn  =            3
 # Derived nf =            5
 #
 # sqrt(sh) =    14000.000000000000     
 #
 # corr = nnlo
 # sec  = rr5262b
 # ch   = aq
 #
 # pdfset = NNPDF31_nnlo_as_0118_luxqed
 # pdfmem =            0
 #
 # using dynamical scale, see cut_histo
 # xmuR =           1.0000000000000000     
 # xmuF =           1.0000000000000000     
 #
 # alphasPDF(mu) =   0.11800215829284905     
 #
 # qmin =    300.00000000000000     
 # qmax =    14000.000000000000     
 #
 # ptlep_cut =    20.000000000000000     
 # ylep_cut  =    2.5000000000000000     
 #
 # R_phot =  0.10000000000000001      # for isolation
 #
 # buff =         9.9999999999999998E-013
 # buff_rr =         1.0000000000000000E-008
 # buff_rv =         9.9999999999999998E-013
 # buff_z  =         9.9999999999999998E-013
 # buff_r  =         9.9999999999999998E-013
 #
 # lepton charge =   -1.0000000000000000     
 # lepton cL =  -0.66668072315649085     
 # lepton cR =   0.53517749919274349     
 #
 # out = ./histo/test_nnlo_aq_rr5262b_dynscale_xMuR_1.00_xMuF_1.00.histo                                     
 #
 ################################################### 
 # 
 # Result:           -2.3872325091912019E-002 fb
 # Error:             3.5773018380565581E-004 fb
 # Chi2/Iteration:   0.89407431285620043     
 # 
 ################################################### 
 #
 # Points failing the technical cuts:     26578302
 #
 # bad points:            0
 #
 # Time =    173185.781    
 #
