LHAPDF 6.2.3 loading /usr/share/LHAPDF/NNPDF31_nnlo_as_0118_luxqed/NNPDF31_nnlo_as_0118_luxqed_0000.dat
NNPDF31_nnlo_as_0118_luxqed PDF set, member #0, version 2; LHAPDF ID = 325100
 ####################################
 ##  QCD-EW dilepton production   ###
 ####################################
 # ./mixed_ll -corr nnlo -ch aq -sec rr5161b -vegasNc0 50000000 -vegasNc1 100000000 -vegasIt0 10 -vegasIt1 5 -ptlep_cut 20 -ylep_cut 2.5 -buff_rr 1E-8
 # 
 # -vegasIt0 set to           10
 # -vegasNc0 set to     50000000
 # -vegasIt1 set to            5
 # -vegasNc1 set to    100000000
 # -ptlep_cut set to    20.000000000000000     
 # -ylep_cut set to    2.5000000000000000     
 # -buff_rr set to    1.0000000000000000E-008
 # -corr set to nnlo
 # -ch set to aq
 # -sec set to rr5161b
 #
 # vegasIt0 =           10
 # vegasNc0 =     50000000
 #
 # vegasIt1 =            5
 # vegasNc1 =    100000000
 #
 # seed =            0
 #
 # gridfile = ./grid/test_nnlo_aq_rr5161b_dynscale_xMuR_1.00_xMuF_1.00.grid                                       
 # writegrid =  F
 # readgrid  =  F
 #
 # Using the Gmu scheme
 #
 # Input mz =    91.187600000000003     
 # Input mw =    80.397999999999996     
 # Input mh =    125.00000000000000     
 # Input mb =    0.0000000000000000     
 # Input mt =    173.19999999999999     
 # Input Gf =    1.1663900000000000E-005
 # Input gaz =    2.4952000000000001     
 # Input gaw =    2.1053999999999999     
 # Input gah =    4.1650000000000003E-003
 #
 # Derived vev    246.21845810181634     
 # Derived 1/aem    132.33843228049895     
 # Derived gw    0.65306233025595339     
 # Derived sw2   0.22264585341299614     
 # Derived cw2   0.77735414658700386     
 #
 # Input nup  =            2
 # Input ndn  =            3
 # Derived nf =            5
 #
 # sqrt(sh) =    14000.000000000000     
 #
 # corr = nnlo
 # sec  = rr5161b
 # ch   = aq
 #
 # pdfset = NNPDF31_nnlo_as_0118_luxqed
 # pdfmem =            0
 #
 # using dynamical scale, see cut_histo
 # xmuR =           1.0000000000000000     
 # xmuF =           1.0000000000000000     
 #
 # alphasPDF(mu) =   0.11800215829284905     
 #
 # qmin =    300.00000000000000     
 # qmax =    14000.000000000000     
 #
 # ptlep_cut =    20.000000000000000     
 # ylep_cut  =    2.5000000000000000     
 #
 # R_phot =  0.10000000000000001      # for isolation
 #
 # buff =         9.9999999999999998E-013
 # buff_rr =         1.0000000000000000E-008
 # buff_rv =         9.9999999999999998E-013
 # buff_z  =         9.9999999999999998E-013
 # buff_r  =         9.9999999999999998E-013
 #
 # lepton charge =   -1.0000000000000000     
 # lepton cL =  -0.66668072315649085     
 # lepton cR =   0.53517749919274349     
 #
 # out = ./histo/test_nnlo_aq_rr5161b_dynscale_xMuR_1.00_xMuF_1.00.histo                                     
 #
 #####################################################################
 #        ___                                           version beta #
 #       /   \ ___  ____  _  _  |     __   __  ___   __    ___       #
 #       |   | |__| |__   |\ |  |    /  \ /  \ |__| /__    __/       #
 #       \___/ |    |___  | \|  |___ \__/ \__/ |    __/   /__        #
 #                                                                   #
 #####################################################################
 #       You are using OpenLoops 2 to evaluate loop amplitudes       #
 #                             Authors:                              #
 #       F. Buccioni, J.-N. Lang, J. Lindert, P. Maierhoefer,        #
 #                S. Pozzorini, M. Zoller, H. Zhang                  #
 #                                                                   #
 #         Please cite Eur.Phys.J. C79 (2019) no.10, 866             #
 #                     Phys. Rev. Lett. 108 (2012) 111601            #
 #                     Eur.Phys.J. C78 (2018) no.1, 70               #
 #                                                                   #
 #####################################################################

                                                            
         *******************************************        
         *              C O L L I E R              *        
         *                                         *        
         *        Complex One-Loop Library         *        
         *      In Extended Regularizations        *        
         *                                         *        
         *    by A.Denner, S.Dittmaier, L.Hofer    *        
         *                                         *        
         *              version 1.2.4              *        
         *                                         *        
         *******************************************        
                                                            
 ====================================================
 ================OpenLoops Parameters================
 ====================================================
 install_path: "/users/ttp/signorile/Desktop/tools/OpenLoops"
 model =sm

 coupling constants
 alpha_s      =  0.11799999999999999     
 alpha_qed    =   7.5598868064660511E-003   1/alpha_qed    =   132.27711281929373     

 ew_scheme     =           1
 alpha_qed_0   =   7.2973525698163148E-003   1/alpha_qed_0   =   137.03599907399999     
 alpha_qed_MZ  =   7.8125000000000000E-003   1/alpha_qed_MZ  =   128.00000000000000     
 alpha_qed_Gmu =   7.5598868064660511E-003   1/alpha_qed_Gmu =   132.27711281929373     
 Gmu           =   1.1663900000000000E-005
 sw            =       (0.47188111823035794,-9.68042324079749594E-004)   sw2            =       (0.22267085263639186,-9.13601788762133621E-004)

 derived couplings
 vev          =              (246.19023188189755,-3.7281142650693186)

 particle masses and widths
 ME =                (0.0000000000000000,0.0000000000000000) rME =   0.0000000000000000      wME =   0.0000000000000000      YE =               (0.0000000000000000,0.0000000000000000)
 MM =                (0.0000000000000000,0.0000000000000000) rMM =   0.0000000000000000      wMM =   0.0000000000000000      YM =               (0.0000000000000000,0.0000000000000000)
 ML =                (0.0000000000000000,0.0000000000000000) rML =   0.0000000000000000      wML =   0.0000000000000000      YL =               (0.0000000000000000,0.0000000000000000)
 MU =                (0.0000000000000000,0.0000000000000000) rMU =   0.0000000000000000      wMU =   0.0000000000000000      YU =               (0.0000000000000000,0.0000000000000000)
 MD =                (0.0000000000000000,0.0000000000000000) rMD =   0.0000000000000000      wMD =   0.0000000000000000      YD =               (0.0000000000000000,0.0000000000000000)
 MS =                (0.0000000000000000,0.0000000000000000) rMS =   0.0000000000000000      wMS =   0.0000000000000000      YS =               (0.0000000000000000,0.0000000000000000)
 MC =                (0.0000000000000000,0.0000000000000000) rMC =   0.0000000000000000      wMC =   0.0000000000000000      YC =               (0.0000000000000000,0.0000000000000000)
 MB =                (0.0000000000000000,0.0000000000000000) rMB =   0.0000000000000000      wMB =   0.0000000000000000      YB =               (0.0000000000000000,0.0000000000000000)
 MT =                (173.19999999999999,0.0000000000000000) rMT =   173.19999999999999      wMT =   0.0000000000000000      YT =               (173.19999999999999,0.0000000000000000)
 MW =               (80.404890344843551,-1.0526097882481313) rMW =   80.397999999999996      wMW =   2.1053999999999999     
 MZ =               (91.196132638775055,-1.2474832700485456) rMZ =   91.187600000000003      wMZ =   2.4952000000000001     
 MH =                (125.00000000000000,0.0000000000000000) rMH =   125.00000000000000      wMH =   0.0000000000000000     
 MX =                (91.187600000000003,0.0000000000000000) rMX =   91.187600000000003      wMX =   0.0000000000000000     
 MY =                (80.397999999999996,0.0000000000000000) rMY =   80.397999999999996      wMY =   0.0000000000000000     

 ==Technical Parameters==
 muren              =   100.00000000000000     
 mureg              =   100.00000000000000     
 pole1_UV           =   0.0000000000000000     
 pole1_IR           =   0.0000000000000000     
 pole2_IR           =   0.0000000000000000     
 fact_UV            =   1.0000000000000000     
 fact_IR            =   1.0000000000000000     
 ew_renorm_scheme   =           1
 N_quarks           =           6
 light quarks       =           5
 nq_nondecoupled    =           0
 fermion_loops      =           1
 nonfermion_loops   =           1
 CT_on              =           1
 R2_on              =           1
 IR_on              =           1
 polecheck          =           0
 polenorm_swi       =           0
 i-operator mode    =           0
 last_switch        =           1
 se_integral_switch =           1
 use_coli_cache     =           1
 use_me_cache       =           1
 use_bubble_vertex  =           1
 check_Ward_tree    =           0
 check_Ward_loop    =           0
 out_symmetry       =           1
 psp_tolerance      =   9.9999997171806854E-010
 hp_mode            =           1
 hp_loopacc         =   8.0000000000000000     
 hp_step_thres      =  0.50000000000000000     
 hp_alloc_mode      =           3
 sync_qp_kinematics =           1
 stability_mode         =          11
 deviation_mode         =           1
 stability_triggerratio =  0.20000000000000001     
 stability_unstable     =   1.0000000000000000E-002
 stability_kill         =   1.0000000000000000     
 stability_kill2        =   10.000000000000000     
 redlib1                =           1
 redlib2                =           7
 redlib_qp              =           5

 ====================================================
 # 
 # number of hisrograms initialised =            6
 # name, lower bound, upper bound, number of bins
 # 
 # mll               100.00000000000000        1000.0000000000000               90
 # yll              -5.0000000000000000        5.0000000000000000              100
 # ptlm              10.000000000000000        1000.0000000000000               99
 # ptlp              10.000000000000000        1000.0000000000000               99
 # ylm              -5.0000000000000000        5.0000000000000000              100
 # ylp              -5.0000000000000000        5.0000000000000000              100
 # 

 Input parameters for vegas: ndim = 10  ncall = 48828125.
                             it =    0  itmx =   10
                             verb =  0  alph = 1.50
                             mds =   1  nd =  50


************* Integration by Vegas (iteration   1) **************
*                                                               *
*  integral  = -.14407334E-02   accum. integral = -.14407334E-02*
*  std. dev. = 0.12699162E-02   accum. std. dev = 0.12699162E-02*
*   max. wt. =    1.00000                                       *
*                                                               *
**************   chi**2/iteration =  0.000       ****************


************* Integration by Vegas (iteration   2) **************
*                                                               *
*  integral  = -.18487754E-02   accum. integral = -.18199094E-02*
*  std. dev. = 0.35038692E-03   accum. std. dev = 0.33776596E-03*
*   max. wt. =    1.00000                                       *
*                                                               *
**************   chi**2/iteration = 0.9584E-01   ****************


************* Integration by Vegas (iteration   3) **************
*                                                               *
*  integral  = -.24753951E-02   accum. integral = -.23168862E-02*
*  std. dev. = 0.19075440E-03   accum. std. dev = 0.16609671E-03*
*   max. wt. =    1.00000                                       *
*                                                               *
**************   chi**2/iteration =  1.475       ****************


************* Integration by Vegas (iteration   4) **************
*                                                               *
*  integral  = -.24664765E-02   accum. integral = -.24043922E-02*
*  std. dev. = 0.13990495E-03   accum. std. dev = 0.10700406E-03*
*   max. wt. =    1.00000                                       *
*                                                               *
**************   chi**2/iteration =  1.142       ****************


************* Integration by Vegas (iteration   5) **************
*                                                               *
*  integral  = -.23832302E-02   accum. integral = -.23979786E-02*
*  std. dev. = 0.16226303E-03   accum. std. dev = 0.89329250E-04*
*   max. wt. =    1.00000                                       *
*                                                               *
**************   chi**2/iteration = 0.8592       ****************


************* Integration by Vegas (iteration   6) **************
*                                                               *
*  integral  = -.25510943E-02   accum. integral = -.24284704E-02*
*  std. dev. = 0.17913859E-03   accum. std. dev = 0.79941313E-04*
*   max. wt. =    1.00000                                       *
*                                                               *
**************   chi**2/iteration = 0.8044       ****************


************* Integration by Vegas (iteration   7) **************
*                                                               *
*  integral  = -.26745148E-02   accum. integral = -.24930511E-02*
*  std. dev. = 0.13400310E-03   accum. std. dev = 0.68652986E-04*
*   max. wt. =    1.00000                                       *
*                                                               *
**************   chi**2/iteration =  1.085       ****************


************* Integration by Vegas (iteration   8) **************
*                                                               *
*  integral  = -.24823969E-02   accum. integral = -.24905717E-02*
*  std. dev. = 0.12465749E-03   accum. std. dev = 0.60136218E-04*
*   max. wt. =    1.00000                                       *
*                                                               *
**************   chi**2/iteration = 0.9305       ****************


************* Integration by Vegas (iteration   9) **************
*                                                               *
*  integral  = -.24820453E-02   accum. integral = -.24889250E-02*
*  std. dev. = 0.12291712E-03   accum. std. dev = 0.54017909E-04*
*   max. wt. =    1.00000                                       *
*                                                               *
**************   chi**2/iteration = 0.8147       ****************


************* Integration by Vegas (iteration  10) **************
*                                                               *
*  integral  = -.24478480E-02   accum. integral = -.24820275E-02*
*  std. dev. = 0.12024740E-03   accum. std. dev = 0.49274408E-04*
*   max. wt. =    1.00000                                       *
*                                                               *
**************   chi**2/iteration = 0.7350       ****************


 Input parameters for vegas: ndim = 10  ncall = 97656250.
                             it =    0  itmx =    5
                             verb =  0  alph = 1.50
                             mds =   1  nd =  50


************* Integration by Vegas (iteration   1) **************
*                                                               *
*  integral  = -.25239292E-02   accum. integral = -.25239292E-02*
*  std. dev. = 0.10223971E-03   accum. std. dev = 0.10223971E-03*
*   max. wt. =    1.00000                                       *
*                                                               *
**************   chi**2/iteration =  0.000       ****************

 # Histo: mll             Σ  ->   -2.5239292145690243E-003 pm   6.2921793997631570E-004
 # Histo: yll             Σ  ->   -2.5239292145690611E-003 pm   5.8669758463866155E-004
 # Histo: ptlm            Σ  ->   -2.5239292145689137E-003 pm   2.0978215315974706E-003
 # Histo: ptlp            Σ  ->   -2.5239292145690950E-003 pm   1.5172027151054499E-003
 # Histo: ylm             Σ  ->   -2.5239292145689926E-003 pm   1.0057754587370744E-003
 # Histo: ylp             Σ  ->   -2.5239292145690377E-003 pm   1.7149891494189252E-003

************* Integration by Vegas (iteration   2) **************
*                                                               *
*  integral  = -.25301677E-02   accum. integral = -.25268129E-02*
*  std. dev. = 0.11027683E-03   accum. std. dev = 0.74974880E-04*
*   max. wt. =    1.00000                                       *
*                                                               *
**************   chi**2/iteration = 0.1719E-02   ****************

 # Histo: mll             Σ  ->   -2.5630496848573245E-003 pm   4.5205298014005705E-004
 # Histo: yll             Σ  ->   -2.5923111821674820E-003 pm   3.9211753531778575E-004
 # Histo: ptlm            Σ  ->   -2.4931970554524121E-003 pm   1.5095889811202116E-003
 # Histo: ptlp            Σ  ->   -2.5306328884969133E-003 pm   1.1006896729735536E-003
 # Histo: ylm             Σ  ->   -2.5496158029067748E-003 pm   5.6802704027159511E-004
 # Histo: ylp             Σ  ->   -2.5310248695945749E-003 pm   1.1225426390411575E-003

************* Integration by Vegas (iteration   3) **************
*                                                               *
*  integral  = -.26593590E-02   accum. integral = -.25788723E-02*
*  std. dev. = 0.93224181E-04   accum. std. dev = 0.58424431E-04*
*   max. wt. =    1.00000                                       *
*                                                               *
**************   chi**2/iteration = 0.6143       ****************

 # Histo: mll             Σ  ->   -2.6000888472309676E-003 pm   3.6534846663612404E-004
 # Histo: yll             Σ  ->   -2.6041085307355011E-003 pm   3.1815650518496411E-004
 # Histo: ptlm            Σ  ->   -2.5131296820884905E-003 pm   1.1820913689475673E-003
 # Histo: ptlp            Σ  ->   -2.5800680476216354E-003 pm   8.8765816002821631E-004
 # Histo: ylm             Σ  ->   -2.5837477356383870E-003 pm   4.5682643148099375E-004
 # Histo: ylp             Σ  ->   -2.5863473033534306E-003 pm   8.8976258664045344E-004

************* Integration by Vegas (iteration   4) **************
*                                                               *
*  integral  = -.25711510E-02   accum. integral = -.25765114E-02*
*  std. dev. = 0.88036621E-04   accum. std. dev = 0.48680009E-04*
*   max. wt. =    1.00000                                       *
*                                                               *
**************   chi**2/iteration = 0.4114       ****************

 # Histo: mll             Σ  ->   -2.5930611560164509E-003 pm   3.0928693070395946E-004
 # Histo: yll             Σ  ->   -2.5961928624586091E-003 pm   2.7059293468590571E-004
 # Histo: ptlm            Σ  ->   -2.5097301906893891E-003 pm   1.0087763522038549E-003
 # Histo: ptlp            Σ  ->   -2.5712925940172019E-003 pm   7.4887258628823035E-004
 # Histo: ylm             Σ  ->   -2.5738774779869638E-003 pm   3.8577722617035877E-004
 # Histo: ylp             Σ  ->   -2.5800965984963016E-003 pm   7.5593568162695161E-004

************* Integration by Vegas (iteration   5) **************
*                                                               *
*  integral  = -.25689496E-02   accum. integral = -.25746620E-02*
*  std. dev. = 0.85553526E-04   accum. std. dev = 0.42310265E-04*
*   max. wt. =    1.00000                                       *
*                                                               *
**************   chi**2/iteration = 0.3100       ****************

 # Histo: mll             Σ  ->   -2.5799136910782334E-003 pm   2.7280442628820452E-004
 # Histo: yll             Σ  ->   -2.5935785089521691E-003 pm   2.3905903420303170E-004
 # Histo: ptlm            Σ  ->   -2.5400610246531993E-003 pm   8.9330293476322874E-004
 # Histo: ptlp            Σ  ->   -2.5554818790686981E-003 pm   6.6319722458244457E-004
 # Histo: ylm             Σ  ->   -2.5678483722700774E-003 pm   3.4146193086924848E-004
 # Histo: ylp             Σ  ->   -2.5701390904424473E-003 pm   6.6619124192597308E-004
Thanks for using LHAPDF 6.2.3. Please make sure to cite the paper:
  Eur.Phys.J. C75 (2015) 3, 132  (http://arxiv.org/abs/1412.7420)
 ################################################### 
 #
 # ./mixed_ll -corr nnlo -ch aq -sec rr5161b -vegasNc0 50000000 -vegasNc1 100000000 -vegasIt0 10 -vegasIt1 5 -ptlep_cut 20 -ylep_cut 2.5 -buff_rr 1E-8
 # 
 # Git version: f1f5ef72fd57f8ae53a48ab1f4de239081bd8b38-dirty
 # 
 #
 # vegasIt0 =           10
 # vegasNc0 =     50000000
 #
 # vegasIt1 =            5
 # vegasNc1 =    100000000
 #
 # seed =            0
 #
 # gridfile = ./grid/test_nnlo_aq_rr5161b_dynscale_xMuR_1.00_xMuF_1.00.grid                                       
 # writegrid =  F
 # readgrid  =  F
 #
 # Using the Gmu scheme
 #
 # Input mz =    91.187600000000003     
 # Input mw =    80.397999999999996     
 # Input mh =    125.00000000000000     
 # Input mb =    0.0000000000000000     
 # Input mt =    173.19999999999999     
 # Input Gf =    1.1663900000000000E-005
 # Input gaz =    2.4952000000000001     
 # Input gaw =    2.1053999999999999     
 # Input gah =    4.1650000000000003E-003
 #
 # Derived vev    246.21845810181634     
 # Derived 1/aem    132.33843228049895     
 # Derived gw    0.65306233025595339     
 # Derived sw2   0.22264585341299614     
 # Derived cw2   0.77735414658700386     
 #
 # Input nup  =            2
 # Input ndn  =            3
 # Derived nf =            5
 #
 # sqrt(sh) =    14000.000000000000     
 #
 # corr = nnlo
 # sec  = rr5161b
 # ch   = aq
 #
 # pdfset = NNPDF31_nnlo_as_0118_luxqed
 # pdfmem =            0
 #
 # using dynamical scale, see cut_histo
 # xmuR =           1.0000000000000000     
 # xmuF =           1.0000000000000000     
 #
 # alphasPDF(mu) =   0.11800215829284905     
 #
 # qmin =    300.00000000000000     
 # qmax =    14000.000000000000     
 #
 # ptlep_cut =    20.000000000000000     
 # ylep_cut  =    2.5000000000000000     
 #
 # R_phot =  0.10000000000000001      # for isolation
 #
 # buff =         9.9999999999999998E-013
 # buff_rr =         1.0000000000000000E-008
 # buff_rv =         9.9999999999999998E-013
 # buff_z  =         9.9999999999999998E-013
 # buff_r  =         9.9999999999999998E-013
 #
 # lepton charge =   -1.0000000000000000     
 # lepton cL =  -0.66668072315649085     
 # lepton cR =   0.53517749919274349     
 #
 # out = ./histo/test_nnlo_aq_rr5161b_dynscale_xMuR_1.00_xMuF_1.00.histo                                     
 #
 ################################################### 
 # 
 # Result:           -2.5746619868559032E-003 fb
 # Error:             4.2310264782406104E-005 fb
 # Chi2/Iteration:   0.31004738355684769     
 # 
 ################################################### 
 #
 # Points failing the technical cuts:      3651414
 #
 # bad points:            0
 #
 # Time =    173085.109    
 #
