LHAPDF 6.2.3 loading /usr/share/LHAPDF/NNPDF31_nnlo_as_0118_luxqed/NNPDF31_nnlo_as_0118_luxqed_0000.dat
NNPDF31_nnlo_as_0118_luxqed PDF set, member #0, version 2; LHAPDF ID = 325100
 ####################################
 ##  QCD-EW dilepton production   ###
 ####################################
 # ./mixed_ll -corr nnlo -ch aq -sec rr5161d -vegasNc0 50000000 -vegasNc1 100000000 -vegasIt0 10 -vegasIt1 5 -ptlep_cut 20 -ylep_cut 2.5 -buff_rr 1E-8
 # 
 # -vegasIt0 set to           10
 # -vegasNc0 set to     50000000
 # -vegasIt1 set to            5
 # -vegasNc1 set to    100000000
 # -ptlep_cut set to    20.000000000000000     
 # -ylep_cut set to    2.5000000000000000     
 # -buff_rr set to    1.0000000000000000E-008
 # -corr set to nnlo
 # -ch set to aq
 # -sec set to rr5161d
 #
 # vegasIt0 =           10
 # vegasNc0 =     50000000
 #
 # vegasIt1 =            5
 # vegasNc1 =    100000000
 #
 # seed =            0
 #
 # gridfile = ./grid/test_nnlo_aq_rr5161d_dynscale_xMuR_1.00_xMuF_1.00.grid                                       
 # writegrid =  F
 # readgrid  =  F
 #
 # Using the Gmu scheme
 #
 # Input mz =    91.187600000000003     
 # Input mw =    80.397999999999996     
 # Input mh =    125.00000000000000     
 # Input mb =    0.0000000000000000     
 # Input mt =    173.19999999999999     
 # Input Gf =    1.1663900000000000E-005
 # Input gaz =    2.4952000000000001     
 # Input gaw =    2.1053999999999999     
 # Input gah =    4.1650000000000003E-003
 #
 # Derived vev    246.21845810181634     
 # Derived 1/aem    132.33843228049895     
 # Derived gw    0.65306233025595339     
 # Derived sw2   0.22264585341299614     
 # Derived cw2   0.77735414658700386     
 #
 # Input nup  =            2
 # Input ndn  =            3
 # Derived nf =            5
 #
 # sqrt(sh) =    14000.000000000000     
 #
 # corr = nnlo
 # sec  = rr5161d
 # ch   = aq
 #
 # pdfset = NNPDF31_nnlo_as_0118_luxqed
 # pdfmem =            0
 #
 # using dynamical scale, see cut_histo
 # xmuR =           1.0000000000000000     
 # xmuF =           1.0000000000000000     
 #
 # alphasPDF(mu) =   0.11800215829284905     
 #
 # qmin =    300.00000000000000     
 # qmax =    14000.000000000000     
 #
 # ptlep_cut =    20.000000000000000     
 # ylep_cut  =    2.5000000000000000     
 #
 # R_phot =  0.10000000000000001      # for isolation
 #
 # buff =         9.9999999999999998E-013
 # buff_rr =         1.0000000000000000E-008
 # buff_rv =         9.9999999999999998E-013
 # buff_z  =         9.9999999999999998E-013
 # buff_r  =         9.9999999999999998E-013
 #
 # lepton charge =   -1.0000000000000000     
 # lepton cL =  -0.66668072315649085     
 # lepton cR =   0.53517749919274349     
 #
 # out = ./histo/test_nnlo_aq_rr5161d_dynscale_xMuR_1.00_xMuF_1.00.histo                                     
 #
 #####################################################################
 #        ___                                           version beta #
 #       /   \ ___  ____  _  _  |     __   __  ___   __    ___       #
 #       |   | |__| |__   |\ |  |    /  \ /  \ |__| /__    __/       #
 #       \___/ |    |___  | \|  |___ \__/ \__/ |    __/   /__        #
 #                                                                   #
 #####################################################################
 #       You are using OpenLoops 2 to evaluate loop amplitudes       #
 #                             Authors:                              #
 #       F. Buccioni, J.-N. Lang, J. Lindert, P. Maierhoefer,        #
 #                S. Pozzorini, M. Zoller, H. Zhang                  #
 #                                                                   #
 #         Please cite Eur.Phys.J. C79 (2019) no.10, 866             #
 #                     Phys. Rev. Lett. 108 (2012) 111601            #
 #                     Eur.Phys.J. C78 (2018) no.1, 70               #
 #                                                                   #
 #####################################################################

                                                            
         *******************************************        
         *              C O L L I E R              *        
         *                                         *        
         *        Complex One-Loop Library         *        
         *      In Extended Regularizations        *        
         *                                         *        
         *    by A.Denner, S.Dittmaier, L.Hofer    *        
         *                                         *        
         *              version 1.2.4              *        
         *                                         *        
         *******************************************        
                                                            
 ====================================================
 ================OpenLoops Parameters================
 ====================================================
 install_path: "/users/ttp/signorile/Desktop/tools/OpenLoops"
 model =sm

 coupling constants
 alpha_s      =  0.11799999999999999     
 alpha_qed    =   7.5598868064660511E-003   1/alpha_qed    =   132.27711281929373     

 ew_scheme     =           1
 alpha_qed_0   =   7.2973525698163148E-003   1/alpha_qed_0   =   137.03599907399999     
 alpha_qed_MZ  =   7.8125000000000000E-003   1/alpha_qed_MZ  =   128.00000000000000     
 alpha_qed_Gmu =   7.5598868064660511E-003   1/alpha_qed_Gmu =   132.27711281929373     
 Gmu           =   1.1663900000000000E-005
 sw            =       (0.47188111823035794,-9.68042324079749594E-004)   sw2            =       (0.22267085263639186,-9.13601788762133621E-004)

 derived couplings
 vev          =              (246.19023188189755,-3.7281142650693186)

 particle masses and widths
 ME =                (0.0000000000000000,0.0000000000000000) rME =   0.0000000000000000      wME =   0.0000000000000000      YE =               (0.0000000000000000,0.0000000000000000)
 MM =                (0.0000000000000000,0.0000000000000000) rMM =   0.0000000000000000      wMM =   0.0000000000000000      YM =               (0.0000000000000000,0.0000000000000000)
 ML =                (0.0000000000000000,0.0000000000000000) rML =   0.0000000000000000      wML =   0.0000000000000000      YL =               (0.0000000000000000,0.0000000000000000)
 MU =                (0.0000000000000000,0.0000000000000000) rMU =   0.0000000000000000      wMU =   0.0000000000000000      YU =               (0.0000000000000000,0.0000000000000000)
 MD =                (0.0000000000000000,0.0000000000000000) rMD =   0.0000000000000000      wMD =   0.0000000000000000      YD =               (0.0000000000000000,0.0000000000000000)
 MS =                (0.0000000000000000,0.0000000000000000) rMS =   0.0000000000000000      wMS =   0.0000000000000000      YS =               (0.0000000000000000,0.0000000000000000)
 MC =                (0.0000000000000000,0.0000000000000000) rMC =   0.0000000000000000      wMC =   0.0000000000000000      YC =               (0.0000000000000000,0.0000000000000000)
 MB =                (0.0000000000000000,0.0000000000000000) rMB =   0.0000000000000000      wMB =   0.0000000000000000      YB =               (0.0000000000000000,0.0000000000000000)
 MT =                (173.19999999999999,0.0000000000000000) rMT =   173.19999999999999      wMT =   0.0000000000000000      YT =               (173.19999999999999,0.0000000000000000)
 MW =               (80.404890344843551,-1.0526097882481313) rMW =   80.397999999999996      wMW =   2.1053999999999999     
 MZ =               (91.196132638775055,-1.2474832700485456) rMZ =   91.187600000000003      wMZ =   2.4952000000000001     
 MH =                (125.00000000000000,0.0000000000000000) rMH =   125.00000000000000      wMH =   0.0000000000000000     
 MX =                (91.187600000000003,0.0000000000000000) rMX =   91.187600000000003      wMX =   0.0000000000000000     
 MY =                (80.397999999999996,0.0000000000000000) rMY =   80.397999999999996      wMY =   0.0000000000000000     

 ==Technical Parameters==
 muren              =   100.00000000000000     
 mureg              =   100.00000000000000     
 pole1_UV           =   0.0000000000000000     
 pole1_IR           =   0.0000000000000000     
 pole2_IR           =   0.0000000000000000     
 fact_UV            =   1.0000000000000000     
 fact_IR            =   1.0000000000000000     
 ew_renorm_scheme   =           1
 N_quarks           =           6
 light quarks       =           5
 nq_nondecoupled    =           0
 fermion_loops      =           1
 nonfermion_loops   =           1
 CT_on              =           1
 R2_on              =           1
 IR_on              =           1
 polecheck          =           0
 polenorm_swi       =           0
 i-operator mode    =           0
 last_switch        =           1
 se_integral_switch =           1
 use_coli_cache     =           1
 use_me_cache       =           1
 use_bubble_vertex  =           1
 check_Ward_tree    =           0
 check_Ward_loop    =           0
 out_symmetry       =           1
 psp_tolerance      =   9.9999997171806854E-010
 hp_mode            =           1
 hp_loopacc         =   8.0000000000000000     
 hp_step_thres      =  0.50000000000000000     
 hp_alloc_mode      =           3
 sync_qp_kinematics =           1
 stability_mode         =          11
 deviation_mode         =           1
 stability_triggerratio =  0.20000000000000001     
 stability_unstable     =   1.0000000000000000E-002
 stability_kill         =   1.0000000000000000     
 stability_kill2        =   10.000000000000000     
 redlib1                =           1
 redlib2                =           7
 redlib_qp              =           5

 ====================================================
 # 
 # number of hisrograms initialised =            6
 # name, lower bound, upper bound, number of bins
 # 
 # mll               100.00000000000000        1000.0000000000000               90
 # yll              -5.0000000000000000        5.0000000000000000              100
 # ptlm              10.000000000000000        1000.0000000000000               99
 # ptlp              10.000000000000000        1000.0000000000000               99
 # ylm              -5.0000000000000000        5.0000000000000000              100
 # ylp              -5.0000000000000000        5.0000000000000000              100
 # 

 Input parameters for vegas: ndim = 10  ncall = 48828125.
                             it =    0  itmx =   10
                             verb =  0  alph = 1.50
                             mds =   1  nd =  50


************* Integration by Vegas (iteration   1) **************
*                                                               *
*  integral  = 0.23027445E-02   accum. integral = 0.23027445E-02*
*  std. dev. = 0.12559375E-02   accum. std. dev = 0.12559375E-02*
*   max. wt. =    1.00000                                       *
*                                                               *
**************   chi**2/iteration =  0.000       ****************


************* Integration by Vegas (iteration   2) **************
*                                                               *
*  integral  = 0.11608229E-02   accum. integral = 0.12318308E-02*
*  std. dev. = 0.32340308E-03   accum. std. dev = 0.31318665E-03*
*   max. wt. =    1.00000                                       *
*                                                               *
**************   chi**2/iteration = 0.7745       ****************


************* Integration by Vegas (iteration   3) **************
*                                                               *
*  integral  = 0.12845608E-02   accum. integral = 0.12736579E-02*
*  std. dev. = 0.15989891E-03   accum. std. dev = 0.14241163E-03*
*   max. wt. =    1.00000                                       *
*                                                               *
**************   chi**2/iteration = 0.3987       ****************


************* Integration by Vegas (iteration   4) **************
*                                                               *
*  integral  = 0.10475079E-02   accum. integral = 0.11525764E-02*
*  std. dev. = 0.13266084E-03   accum. std. dev = 0.97069634E-04*
*   max. wt. =    1.00000                                       *
*                                                               *
**************   chi**2/iteration = 0.7157       ****************


************* Integration by Vegas (iteration   5) **************
*                                                               *
*  integral  = 0.10435273E-02   accum. integral = 0.11327996E-02*
*  std. dev. = 0.20623608E-03   accum. std. dev = 0.87827571E-04*
*   max. wt. =    1.00000                                       *
*                                                               *
**************   chi**2/iteration = 0.5941       ****************


************* Integration by Vegas (iteration   6) **************
*                                                               *
*  integral  = 0.95113734E-03   accum. integral = 0.11034015E-02*
*  std. dev. = 0.19988014E-03   accum. std. dev = 0.80407636E-04*
*   max. wt. =    1.00000                                       *
*                                                               *
**************   chi**2/iteration = 0.6137       ****************


************* Integration by Vegas (iteration   7) **************
*                                                               *
*  integral  = 0.11317852E-02   accum. integral = 0.11104399E-02*
*  std. dev. = 0.14002708E-03   accum. std. dev = 0.69729101E-04*
*   max. wt. =    1.00000                                       *
*                                                               *
**************   chi**2/iteration = 0.5166       ****************


************* Integration by Vegas (iteration   8) **************
*                                                               *
*  integral  = 0.96806378E-03   accum. integral = 0.10783728E-02*
*  std. dev. = 0.12932710E-03   accum. std. dev = 0.61376336E-04*
*   max. wt. =    1.00000                                       *
*                                                               *
**************   chi**2/iteration = 0.5769       ****************


************* Integration by Vegas (iteration   9) **************
*                                                               *
*  integral  = 0.95675498E-03   accum. integral = 0.10519935E-02*
*  std. dev. = 0.11662072E-03   accum. std. dev = 0.54313612E-04*
*   max. wt. =    1.00000                                       *
*                                                               *
**************   chi**2/iteration = 0.6113       ****************


************* Integration by Vegas (iteration  10) **************
*                                                               *
*  integral  = 0.95837368E-03   accum. integral = 0.10346013E-02*
*  std. dev. = 0.11370727E-03   accum. std. dev = 0.49009592E-04*
*   max. wt. =    1.00000                                       *
*                                                               *
**************   chi**2/iteration = 0.6047       ****************


 Input parameters for vegas: ndim = 10  ncall = 97656250.
                             it =    0  itmx =    5
                             verb =  0  alph = 1.50
                             mds =   1  nd =  50

 xx(1)  =   0.86793635563550398     
 xx(2)  =   0.29235613975256114     
 xx(3)  =    4.4173974322834786E-004
 xx(4)  =   0.87852170072695490     
 xx(5)  =   0.31080029124871517     
 xx(6)  =   0.67133446089479265     
 xx(7)  =    1.6337696067556686E-004
 xx(8)  =   0.20630821242855546     
 xx(9)  =   0.85357474814500645     
 xx(10) =   0.17546553925827518     
 xx(11) =   0.90894581443348987     
 xx(12) =   0.53944593338052849     
 
 i   100429825.45570394     
 i   0.0000000000000000     
 i  -116699.31901179046     
 i   116699.31661462369     
 i   117053.59704709513     
 i  -117053.59704696557     
 i  -99294729.941795304     
 i   102019985.78661427     
 ff(1)=   103155081.29812588     
 

************* Integration by Vegas (iteration   1) **************
*                                                               *
*  integral  = 0.10129908E-02   accum. integral = 0.10129908E-02*
*  std. dev. = 0.79618863E-04   accum. std. dev = 0.79618863E-04*
*   max. wt. =    1.00000                                       *
*                                                               *
**************   chi**2/iteration = 0.2842E-10   ****************

 # Histo: mll             Σ  ->    1.0129907502882188E-003 pm   5.5452334288415999E-004
 # Histo: yll             Σ  ->    1.0129907502882285E-003 pm   4.8053749308270174E-004
 # Histo: ptlm            Σ  ->    1.0129907502882494E-003 pm   1.8517155599826857E-003
 # Histo: ptlp            Σ  ->    1.0129907502882804E-003 pm   1.4731162437432051E-003
 # Histo: ylm             Σ  ->    1.0129907502882209E-003 pm   7.0745018646642497E-004
 # Histo: ylp             Σ  ->    1.0129907502882526E-003 pm   1.3947539314617728E-003
 xx(1)  =   0.61150453915376923     
 xx(2)  =   0.36504989837216373     
 xx(3)  =    3.2736811432856623E-004
 xx(4)  =   0.72475453809776436     
 xx(5)  =   0.54714201427749054     
 xx(6)  =   0.38054099480366843     
 xx(7)  =    1.5997071794270136E-004
 xx(8)  =   0.38381502871278783     
 xx(9)  =   0.77825152095826378     
 xx(10) =   0.88238200078962659     
 xx(11) =   0.64029787144617967     
 xx(12) =   0.95549662409955616     
 
 i   0.0000000000000000     
 i   0.0000000000000000     
 i  -138113.92129175845     
 i   138113.91879725520     
 i   138207.99180978831     
 i  -138207.99180981104     
 i   0.0000000000000000     
 i   183594948.36787307     
 ff(1)=   183594948.36537856     
 

************* Integration by Vegas (iteration   2) **************
*                                                               *
*  integral  = 0.98396642E-03   accum. integral = 0.10005296E-02*
*  std. dev. = 0.91792638E-04   accum. std. dev = 0.60145943E-04*
*   max. wt. =    1.00000                                       *
*                                                               *
**************   chi**2/iteration = 0.5700E-01   ****************

 # Histo: mll             Σ  ->    9.9705229158726779E-004 pm   3.8498593513714216E-004
 # Histo: yll             Σ  ->    9.7388536065689082E-004 pm   3.3963827894406616E-004
 # Histo: ptlm            Σ  ->    1.0007809071362055E-003 pm   1.2560465805784983E-003
 # Histo: ptlp            Σ  ->    1.0087513249724710E-003 pm   9.6836608112468251E-004
 # Histo: ylm             Σ  ->    9.8509097906959871E-004 pm   4.8051182208074173E-004
 # Histo: ylp             Σ  ->    9.5591792217983112E-004 pm   9.3171472051848628E-004

************* Integration by Vegas (iteration   3) **************
*                                                               *
*  integral  = 0.96777888E-03   accum. integral = 0.99083207E-03*
*  std. dev. = 0.92734620E-04   accum. std. dev = 0.50461668E-04*
*   max. wt. =    1.00000                                       *
*                                                               *
**************   chi**2/iteration = 0.7239E-01   ****************

 # Histo: mll             Σ  ->    9.9271697847509981E-004 pm   3.2169496625972406E-004
 # Histo: yll             Σ  ->    9.7021920757909413E-004 pm   2.8339958278631491E-004
 # Histo: ptlm            Σ  ->    1.0008587343622686E-003 pm   9.8620938764539630E-004
 # Histo: ptlp            Σ  ->    9.7887090788699666E-004 pm   7.8786577019817890E-004
 # Histo: ylm             Σ  ->    9.8006756980511286E-004 pm   4.0270132049428919E-004
 # Histo: ylp             Σ  ->    9.6708243725427735E-004 pm   7.9213830337868053E-004
 xx(1)  =   0.79336617761238604     
 xx(2)  =   0.38137081216657553     
 xx(3)  =    3.0416535860968861E-004
 xx(4)  =   0.54315249417898337     
 xx(5)  =   0.83524635380864787     
 xx(6)  =   0.53815894925497210     
 xx(7)  =    1.7008972102125526E-004
 xx(8)  =   0.10050210315409457     
 xx(9)  =   0.40748758673156421     
 xx(10) =    2.0488230410898620E-002
 xx(11) =   0.91500626373376293     
 xx(12) =   0.79029944949042097     
 
 i   111183880.31264925     
 i  -111943362.15725969     
 i  -44381.053210152859     
 i   44381.052148837975     
 i   44418.896917227154     
 i  -44418.896917241429     
 i  -113231771.49999632     
 i   0.0000000000000000     
 ff(1)=  -113991253.34566809     
 

************* Integration by Vegas (iteration   4) **************
*                                                               *
*  integral  = 0.90462103E-03   accum. integral = 0.96707099E-03*
*  std. dev. = 0.81807776E-04   accum. std. dev = 0.42948326E-04*
*   max. wt. =    1.00000                                       *
*                                                               *
**************   chi**2/iteration = 0.3163       ****************

 # Histo: mll             Σ  ->    9.7258031367023574E-004 pm   2.7408799718337408E-004
 # Histo: yll             Σ  ->    9.5591763618207493E-004 pm   2.4384062694264667E-004
 # Histo: ptlm            Σ  ->    9.8940664521718347E-004 pm   8.4633258116897957E-004
 # Histo: ptlp            Σ  ->    9.2714731370895748E-004 pm   6.6250137015564931E-004
 # Histo: ylm             Σ  ->    9.6714396722856412E-004 pm   3.4683769667584664E-004
 # Histo: ylp             Σ  ->    9.5805235545986785E-004 pm   6.7993417136965034E-004

************* Integration by Vegas (iteration   5) **************
*                                                               *
*  integral  = 0.10624142E-02   accum. integral = 0.99022134E-03*
*  std. dev. = 0.75842814E-04   accum. std. dev = 0.37372181E-04*
*   max. wt. =    1.00000                                       *
*                                                               *
**************   chi**2/iteration = 0.5363       ****************

 # Histo: mll             Σ  ->    9.9107837816354372E-004 pm   2.4148575365739219E-004
 # Histo: yll             Σ  ->    9.8080042629937643E-004 pm   2.1496879530276305E-004
 # Histo: ptlm            Σ  ->    9.9511857059453724E-004 pm   7.5000198505311344E-004
 # Histo: ptlp            Σ  ->    9.4541004977954099E-004 pm   5.9267529354539434E-004
 # Histo: ylm             Σ  ->    9.8860598055226464E-004 pm   3.0306764106682768E-004
 # Histo: ylp             Σ  ->    9.7870849015651087E-004 pm   5.9905319193279713E-004
Thanks for using LHAPDF 6.2.3. Please make sure to cite the paper:
  Eur.Phys.J. C75 (2015) 3, 132  (http://arxiv.org/abs/1412.7420)
 ################################################### 
 #
 # ./mixed_ll -corr nnlo -ch aq -sec rr5161d -vegasNc0 50000000 -vegasNc1 100000000 -vegasIt0 10 -vegasIt1 5 -ptlep_cut 20 -ylep_cut 2.5 -buff_rr 1E-8
 # 
 # Git version: f1f5ef72fd57f8ae53a48ab1f4de239081bd8b38-dirty
 # 
 #
 # vegasIt0 =           10
 # vegasNc0 =     50000000
 #
 # vegasIt1 =            5
 # vegasNc1 =    100000000
 #
 # seed =            0
 #
 # gridfile = ./grid/test_nnlo_aq_rr5161d_dynscale_xMuR_1.00_xMuF_1.00.grid                                       
 # writegrid =  F
 # readgrid  =  F
 #
 # Using the Gmu scheme
 #
 # Input mz =    91.187600000000003     
 # Input mw =    80.397999999999996     
 # Input mh =    125.00000000000000     
 # Input mb =    0.0000000000000000     
 # Input mt =    173.19999999999999     
 # Input Gf =    1.1663900000000000E-005
 # Input gaz =    2.4952000000000001     
 # Input gaw =    2.1053999999999999     
 # Input gah =    4.1650000000000003E-003
 #
 # Derived vev    246.21845810181634     
 # Derived 1/aem    132.33843228049895     
 # Derived gw    0.65306233025595339     
 # Derived sw2   0.22264585341299614     
 # Derived cw2   0.77735414658700386     
 #
 # Input nup  =            2
 # Input ndn  =            3
 # Derived nf =            5
 #
 # sqrt(sh) =    14000.000000000000     
 #
 # corr = nnlo
 # sec  = rr5161d
 # ch   = aq
 #
 # pdfset = NNPDF31_nnlo_as_0118_luxqed
 # pdfmem =            0
 #
 # using dynamical scale, see cut_histo
 # xmuR =           1.0000000000000000     
 # xmuF =           1.0000000000000000     
 #
 # alphasPDF(mu) =   0.11800215829284905     
 #
 # qmin =    300.00000000000000     
 # qmax =    14000.000000000000     
 #
 # ptlep_cut =    20.000000000000000     
 # ylep_cut  =    2.5000000000000000     
 #
 # R_phot =  0.10000000000000001      # for isolation
 #
 # buff =         9.9999999999999998E-013
 # buff_rr =         1.0000000000000000E-008
 # buff_rv =         9.9999999999999998E-013
 # buff_z  =         9.9999999999999998E-013
 # buff_r  =         9.9999999999999998E-013
 #
 # lepton charge =   -1.0000000000000000     
 # lepton cL =  -0.66668072315649085     
 # lepton cR =   0.53517749919274349     
 #
 # out = ./histo/test_nnlo_aq_rr5161d_dynscale_xMuR_1.00_xMuF_1.00.histo                                     
 #
 ################################################### 
 # 
 # Result:            9.9022134061973110E-004 fb
 # Error:             3.7372181097919281E-005 fb
 # Chi2/Iteration:   0.53634776946624696     
 # 
 ################################################### 
 #
 # Points failing the technical cuts:      4542019
 #
 # bad points:            0
 #
 # Time =    208544.922    
 #
