LHAPDF 6.2.3 loading /usr/share/LHAPDF/NNPDF31_nnlo_as_0118_luxqed/NNPDF31_nnlo_as_0118_luxqed_0000.dat
NNPDF31_nnlo_as_0118_luxqed PDF set, member #0, version 2; LHAPDF ID = 325100
 ####################################
 ##  QCD-EW dilepton production   ###
 ####################################
 # ./mixed_ll -corr nnlo -ch aq -sec rr5161c -vegasNc0 2000000 -vegasNc1 50000000 -vegasIt0 10 -vegasIt1 5 -ptlep_cut 20 -ylep_cut 2.5
 # 
 # -vegasIt0 set to           10
 # -vegasNc0 set to      2000000
 # -vegasIt1 set to            5
 # -vegasNc1 set to     50000000
 # -ptlep_cut set to    20.000000000000000     
 # -ylep_cut set to    2.5000000000000000     
 # -corr set to nnlo
 # -ch set to aq
 # -sec set to rr5161c
 #
 # vegasIt0 =           10
 # vegasNc0 =      2000000
 #
 # vegasIt1 =            5
 # vegasNc1 =     50000000
 #
 # seed =            0
 #
 # gridfile = ./grid/test_nnlo_aq_rr5161c_dynscale_xMuR_1.00_xMuF_1.00.grid                                       
 # writegrid =  F
 # readgrid  =  F
 #
 # Using the Gmu scheme
 #
 # Input mz =    91.187600000000003     
 # Input mw =    80.397999999999996     
 # Input mh =    125.00000000000000     
 # Input mb =    0.0000000000000000     
 # Input mt =    173.19999999999999     
 # Input Gf =    1.1663900000000000E-005
 # Input gaz =    2.4952000000000001     
 # Input gaw =    2.1053999999999999     
 # Input gah =    4.1650000000000003E-003
 #
 # Derived vev    246.21845810181634     
 # Derived 1/aem    132.33843228049895     
 # Derived gw    0.65306233025595339     
 # Derived sw2   0.22264585341299614     
 # Derived cw2   0.77735414658700386     
 #
 # Input nup  =            2
 # Input ndn  =            3
 # Derived nf =            5
 #
 # sqrt(sh) =    14000.000000000000     
 #
 # corr = nnlo
 # sec  = rr5161c
 # ch   = aq
 #
 # pdfset = NNPDF31_nnlo_as_0118_luxqed
 # pdfmem =            0
 #
 # using dynamical scale, see cut_histo
 # xmuR =           1.0000000000000000     
 # xmuF =           1.0000000000000000     
 #
 # alphasPDF(mu) =   0.11800215829284905     
 #
 # qmin =    300.00000000000000     
 # qmax =    14000.000000000000     
 #
 # ptlep_cut =    20.000000000000000     
 # ylep_cut  =    2.5000000000000000     
 #
 # R_phot =  0.10000000000000001      # for isolation
 #
 # buff =         9.9999999999999998E-013
 # buff_rr =         9.9999999999999998E-013
 # buff_rv =         9.9999999999999998E-013
 # buff_z  =         9.9999999999999998E-013
 # buff_r  =         9.9999999999999998E-013
 #
 # lepton charge =   -1.0000000000000000     
 # lepton cL =  -0.66668072315649085     
 # lepton cR =   0.53517749919274349     
 #
 # out = ./histo/test_nnlo_aq_rr5161c_dynscale_xMuR_1.00_xMuF_1.00.histo                                     
 #
 #####################################################################
 #        ___                                           version beta #
 #       /   \ ___  ____  _  _  |     __   __  ___   __    ___       #
 #       |   | |__| |__   |\ |  |    /  \ /  \ |__| /__    __/       #
 #       \___/ |    |___  | \|  |___ \__/ \__/ |    __/   /__        #
 #                                                                   #
 #####################################################################
 #       You are using OpenLoops 2 to evaluate loop amplitudes       #
 #                             Authors:                              #
 #       F. Buccioni, J.-N. Lang, J. Lindert, P. Maierhoefer,        #
 #                S. Pozzorini, M. Zoller, H. Zhang                  #
 #                                                                   #
 #         Please cite Eur.Phys.J. C79 (2019) no.10, 866             #
 #                     Phys. Rev. Lett. 108 (2012) 111601            #
 #                     Eur.Phys.J. C78 (2018) no.1, 70               #
 #                                                                   #
 #####################################################################

                                                            
         *******************************************        
         *              C O L L I E R              *        
         *                                         *        
         *        Complex One-Loop Library         *        
         *      In Extended Regularizations        *        
         *                                         *        
         *    by A.Denner, S.Dittmaier, L.Hofer    *        
         *                                         *        
         *              version 1.2.4              *        
         *                                         *        
         *******************************************        
                                                            
 ====================================================
 ================OpenLoops Parameters================
 ====================================================
 install_path: "/users/ttp/signorile/Desktop/tools/OpenLoops"
 model =sm

 coupling constants
 alpha_s      =  0.11799999999999999     
 alpha_qed    =   7.5598868064660511E-003   1/alpha_qed    =   132.27711281929373     

 ew_scheme     =           1
 alpha_qed_0   =   7.2973525698163148E-003   1/alpha_qed_0   =   137.03599907399999     
 alpha_qed_MZ  =   7.8125000000000000E-003   1/alpha_qed_MZ  =   128.00000000000000     
 alpha_qed_Gmu =   7.5598868064660511E-003   1/alpha_qed_Gmu =   132.27711281929373     
 Gmu           =   1.1663900000000000E-005
 sw            =       (0.47188111823035794,-9.68042324079749594E-004)   sw2            =       (0.22267085263639186,-9.13601788762133621E-004)

 derived couplings
 vev          =              (246.19023188189755,-3.7281142650693186)

 particle masses and widths
 ME =                (0.0000000000000000,0.0000000000000000) rME =   0.0000000000000000      wME =   0.0000000000000000      YE =               (0.0000000000000000,0.0000000000000000)
 MM =                (0.0000000000000000,0.0000000000000000) rMM =   0.0000000000000000      wMM =   0.0000000000000000      YM =               (0.0000000000000000,0.0000000000000000)
 ML =                (0.0000000000000000,0.0000000000000000) rML =   0.0000000000000000      wML =   0.0000000000000000      YL =               (0.0000000000000000,0.0000000000000000)
 MU =                (0.0000000000000000,0.0000000000000000) rMU =   0.0000000000000000      wMU =   0.0000000000000000      YU =               (0.0000000000000000,0.0000000000000000)
 MD =                (0.0000000000000000,0.0000000000000000) rMD =   0.0000000000000000      wMD =   0.0000000000000000      YD =               (0.0000000000000000,0.0000000000000000)
 MS =                (0.0000000000000000,0.0000000000000000) rMS =   0.0000000000000000      wMS =   0.0000000000000000      YS =               (0.0000000000000000,0.0000000000000000)
 MC =                (0.0000000000000000,0.0000000000000000) rMC =   0.0000000000000000      wMC =   0.0000000000000000      YC =               (0.0000000000000000,0.0000000000000000)
 MB =                (0.0000000000000000,0.0000000000000000) rMB =   0.0000000000000000      wMB =   0.0000000000000000      YB =               (0.0000000000000000,0.0000000000000000)
 MT =                (173.19999999999999,0.0000000000000000) rMT =   173.19999999999999      wMT =   0.0000000000000000      YT =               (173.19999999999999,0.0000000000000000)
 MW =               (80.404890344843551,-1.0526097882481313) rMW =   80.397999999999996      wMW =   2.1053999999999999     
 MZ =               (91.196132638775055,-1.2474832700485456) rMZ =   91.187600000000003      wMZ =   2.4952000000000001     
 MH =                (125.00000000000000,0.0000000000000000) rMH =   125.00000000000000      wMH =   0.0000000000000000     
 MX =                (91.187600000000003,0.0000000000000000) rMX =   91.187600000000003      wMX =   0.0000000000000000     
 MY =                (80.397999999999996,0.0000000000000000) rMY =   80.397999999999996      wMY =   0.0000000000000000     

 ==Technical Parameters==
 muren              =   100.00000000000000     
 mureg              =   100.00000000000000     
 pole1_UV           =   0.0000000000000000     
 pole1_IR           =   0.0000000000000000     
 pole2_IR           =   0.0000000000000000     
 fact_UV            =   1.0000000000000000     
 fact_IR            =   1.0000000000000000     
 ew_renorm_scheme   =           1
 N_quarks           =           6
 light quarks       =           5
 nq_nondecoupled    =           0
 fermion_loops      =           1
 nonfermion_loops   =           1
 CT_on              =           1
 R2_on              =           1
 IR_on              =           1
 polecheck          =           0
 polenorm_swi       =           0
 i-operator mode    =           0
 last_switch        =           1
 se_integral_switch =           1
 use_coli_cache     =           1
 use_me_cache       =           1
 use_bubble_vertex  =           1
 check_Ward_tree    =           0
 check_Ward_loop    =           0
 out_symmetry       =           1
 psp_tolerance      =   9.9999997171806854E-010
 hp_mode            =           1
 hp_loopacc         =   8.0000000000000000     
 hp_step_thres      =  0.50000000000000000     
 hp_alloc_mode      =           3
 sync_qp_kinematics =           1
 stability_mode         =          11
 deviation_mode         =           1
 stability_triggerratio =  0.20000000000000001     
 stability_unstable     =   1.0000000000000000E-002
 stability_kill         =   1.0000000000000000     
 stability_kill2        =   10.000000000000000     
 redlib1                =           1
 redlib2                =           7
 redlib_qp              =           5

 ====================================================
 # 
 # number of hisrograms initialised =            6
 # name, lower bound, upper bound, number of bins
 # 
 # mll               100.00000000000000        1000.0000000000000               90
 # yll              -5.0000000000000000        5.0000000000000000              100
 # ptlm              10.000000000000000        1000.0000000000000               99
 # ptlp              10.000000000000000        1000.0000000000000               99
 # ylm              -5.0000000000000000        5.0000000000000000              100
 # ylp              -5.0000000000000000        5.0000000000000000              100
 # 

 Input parameters for vegas: ndim = 10  ncall =  1948617.
                             it =    0  itmx =   10
                             verb =  0  alph = 1.50
                             mds =   1  nd =  50


************* Integration by Vegas (iteration   1) **************
*                                                               *
*  integral  = -.21416782E-01   accum. integral = -.21416782E-01*
*  std. dev. = 0.16522041E-03   accum. std. dev = 0.16522041E-03*
*   max. wt. =    1.00000                                       *
*                                                               *
**************   chi**2/iteration =  0.000       ****************


************* Integration by Vegas (iteration   2) **************
*                                                               *
*  integral  = -.21801294E-01   accum. integral = -.21704306E-01*
*  std. dev. = 0.95959010E-04   accum. std. dev = 0.82978930E-04*
*   max. wt. =    1.00000                                       *
*                                                               *
**************   chi**2/iteration =  4.046       ****************


************* Integration by Vegas (iteration   3) **************
*                                                               *
*  integral  = -.21683595E-01   accum. integral = -.21692204E-01*
*  std. dev. = 0.69982656E-04   accum. std. dev = 0.53496939E-04*
*   max. wt. =    1.00000                                       *
*                                                               *
**************   chi**2/iteration =  2.042       ****************


************* Integration by Vegas (iteration   4) **************
*                                                               *
*  integral  = -.21660804E-01   accum. integral = -.21678780E-01*
*  std. dev. = 0.61908550E-04   accum. std. dev = 0.40477859E-04*
*   max. wt. =    1.00000                                       *
*                                                               *
**************   chi**2/iteration =  1.411       ****************


************* Integration by Vegas (iteration   5) **************
*                                                               *
*  integral  = -.21765394E-01   accum. integral = -.21698123E-01*
*  std. dev. = 0.75487655E-04   accum. std. dev = 0.35672936E-04*
*   max. wt. =    1.00000                                       *
*                                                               *
**************   chi**2/iteration =  1.314       ****************


************* Integration by Vegas (iteration   6) **************
*                                                               *
*  integral  = -.21634660E-01   accum. integral = -.21684308E-01*
*  std. dev. = 0.67625872E-04   accum. std. dev = 0.31552162E-04*
*   max. wt. =    1.00000                                       *
*                                                               *
**************   chi**2/iteration =  1.189       ****************


************* Integration by Vegas (iteration   7) **************
*                                                               *
*  integral  = -.21580263E-01   accum. integral = -.21659271E-01*
*  std. dev. = 0.56050047E-04   accum. std. dev = 0.27495058E-04*
*   max. wt. =    1.00000                                       *
*                                                               *
**************   chi**2/iteration =  1.427       ****************


************* Integration by Vegas (iteration   8) **************
*                                                               *
*  integral  = -.21654741E-01   accum. integral = -.21658515E-01*
*  std. dev. = 0.61434473E-04   accum. std. dev = 0.25096283E-04*
*   max. wt. =    1.00000                                       *
*                                                               *
**************   chi**2/iteration =  1.224       ****************


************* Integration by Vegas (iteration   9) **************
*                                                               *
*  integral  = -.21718537E-01   accum. integral = -.21665454E-01*
*  std. dev. = 0.69410099E-04   accum. std. dev = 0.23600981E-04*
*   max. wt. =    1.00000                                       *
*                                                               *
**************   chi**2/iteration =  1.153       ****************


************* Integration by Vegas (iteration  10) **************
*                                                               *
*  integral  = -.21709957E-01   accum. integral = -.21669425E-01*
*  std. dev. = 0.75403005E-04   accum. std. dev = 0.22523469E-04*
*   max. wt. =    1.00000                                       *
*                                                               *
**************   chi**2/iteration =  1.060       ****************


 Input parameters for vegas: ndim = 10  ncall = 48828125.
                             it =    0  itmx =    5
                             verb =  0  alph = 1.50
                             mds =   1  nd =  50


************* Integration by Vegas (iteration   1) **************
*                                                               *
*  integral  = -.21709268E-01   accum. integral = -.21709268E-01*
*  std. dev. = 0.14568232E-04   accum. std. dev = 0.14568232E-04*
*   max. wt. =    1.00000                                       *
*                                                               *
**************   chi**2/iteration =  0.000       ****************

 # Histo: mll             Σ  ->   -3.3372283619085570E-002 pm   2.7689259731905626E-003
 # Histo: yll             Σ  ->   -3.3372283619085945E-002 pm   3.2224684701091747E-003
 # Histo: ptlm            Σ  ->   -3.3372283619086687E-002 pm   2.6150297101520115E-003
 # Histo: ptlp            Σ  ->   -3.3372283619086188E-002 pm   2.5694219904037851E-003
 # Histo: ylm             Σ  ->   -3.3372283619085889E-002 pm   3.3050163903568176E-003
 # Histo: ylp             Σ  ->   -3.3372283619085966E-002 pm   3.4613560853591816E-003

************* Integration by Vegas (iteration   2) **************
*                                                               *
*  integral  = -.21714231E-01   accum. integral = -.21712307E-01*
*  std. dev. = 0.11591356E-04   accum. std. dev = 0.90705004E-05*
*   max. wt. =    1.00000                                       *
*                                                               *
**************   chi**2/iteration = 0.7100E-01   ****************

 # Histo: mll             Σ  ->   -3.2916610219806984E-002 pm   1.7022395302079541E-003
 # Histo: yll             Σ  ->   -3.2481072335031419E-002 pm   1.5492009453953802E-003
 # Histo: ptlm            Σ  ->   -3.2391076052976905E-002 pm   1.2018720576393500E-003
 # Histo: ptlp            Σ  ->   -3.2396880229093677E-002 pm   1.1401639099023278E-003
 # Histo: ylm             Σ  ->   -3.2170598617329793E-002 pm   1.4649574168835852E-003
 # Histo: ylp             Σ  ->   -3.1943583789766888E-002 pm   1.4433728291803314E-003

************* Integration by Vegas (iteration   3) **************
*                                                               *
*  integral  = -.21716531E-01   accum. integral = -.21713981E-01*
*  std. dev. = 0.11193548E-04   accum. std. dev = 0.70472104E-05*
*   max. wt. =    1.00000                                       *
*                                                               *
**************   chi**2/iteration = 0.7847E-01   ****************

 # Histo: mll             Σ  ->   -3.2123136401276453E-002 pm   1.2580256469562033E-003
 # Histo: yll             Σ  ->   -3.1632116142217330E-002 pm   9.5993671758954735E-004
 # Histo: ptlm            Σ  ->   -3.2014608433147899E-002 pm   9.4181612489375283E-004
 # Histo: ptlp            Σ  ->   -3.2039807735522736E-002 pm   9.1092854220703868E-004
 # Histo: ylm             Σ  ->   -3.1477649027414269E-002 pm   8.9538653588147870E-004
 # Histo: ylp             Σ  ->   -3.1442496913359451E-002 pm   9.9397819388812730E-004

************* Integration by Vegas (iteration   4) **************
*                                                               *
*  integral  = -.21717793E-01   accum. integral = -.21715008E-01*
*  std. dev. = 0.11603915E-04   accum. std. dev = 0.60234123E-05*
*   max. wt. =    1.00000                                       *
*                                                               *
**************   chi**2/iteration = 0.7860E-01   ****************

 # Histo: mll             Σ  ->   -3.2044350157794346E-002 pm   8.5853361462616211E-004
 # Histo: yll             Σ  ->   -3.1613703411585016E-002 pm   8.1872234332186912E-004
 # Histo: ptlm            Σ  ->   -3.2135138338240055E-002 pm   8.5240958847439729E-004
 # Histo: ptlp            Σ  ->   -3.2136147349500870E-002 pm   8.2327715813765344E-004
 # Histo: ylm             Σ  ->   -3.1381086897777383E-002 pm   7.1667235170885086E-004
 # Histo: ylp             Σ  ->   -3.1458635341543958E-002 pm   8.1833821037744327E-004

************* Integration by Vegas (iteration   5) **************
*                                                               *
*  integral  = -.21709157E-01   accum. integral = -.21713765E-01*
*  std. dev. = 0.11596365E-04   accum. std. dev = 0.53453357E-05*
*   max. wt. =    1.00000                                       *
*                                                               *
**************   chi**2/iteration = 0.1091       ****************

 # Histo: mll             Σ  ->   -3.2071732438542208E-002 pm   7.0525207358371374E-004
 # Histo: yll             Σ  ->   -3.1728810739809050E-002 pm   6.7919341194009307E-004
 # Histo: ptlm            Σ  ->   -3.2135701959892828E-002 pm   6.8364429763897636E-004
 # Histo: ptlp            Σ  ->   -3.2125352105673154E-002 pm   6.5124135725906607E-004
 # Histo: ylm             Σ  ->   -3.1436279415850470E-002 pm   6.1482100037040617E-004
 # Histo: ylp             Σ  ->   -3.1537842687715749E-002 pm   6.8722066085371810E-004
Thanks for using LHAPDF 6.2.3. Please make sure to cite the paper:
  Eur.Phys.J. C75 (2015) 3, 132  (http://arxiv.org/abs/1412.7420)
 ################################################### 
 #
 # ./mixed_ll -corr nnlo -ch aq -sec rr5161c -vegasNc0 2000000 -vegasNc1 50000000 -vegasIt0 10 -vegasIt1 5 -ptlep_cut 20 -ylep_cut 2.5
 # 
 # Git version: f1f5ef72fd57f8ae53a48ab1f4de239081bd8b38-dirty
 # 
 #
 # vegasIt0 =           10
 # vegasNc0 =      2000000
 #
 # vegasIt1 =            5
 # vegasNc1 =     50000000
 #
 # seed =            0
 #
 # gridfile = ./grid/test_nnlo_aq_rr5161c_dynscale_xMuR_1.00_xMuF_1.00.grid                                       
 # writegrid =  F
 # readgrid  =  F
 #
 # Using the Gmu scheme
 #
 # Input mz =    91.187600000000003     
 # Input mw =    80.397999999999996     
 # Input mh =    125.00000000000000     
 # Input mb =    0.0000000000000000     
 # Input mt =    173.19999999999999     
 # Input Gf =    1.1663900000000000E-005
 # Input gaz =    2.4952000000000001     
 # Input gaw =    2.1053999999999999     
 # Input gah =    4.1650000000000003E-003
 #
 # Derived vev    246.21845810181634     
 # Derived 1/aem    132.33843228049895     
 # Derived gw    0.65306233025595339     
 # Derived sw2   0.22264585341299614     
 # Derived cw2   0.77735414658700386     
 #
 # Input nup  =            2
 # Input ndn  =            3
 # Derived nf =            5
 #
 # sqrt(sh) =    14000.000000000000     
 #
 # corr = nnlo
 # sec  = rr5161c
 # ch   = aq
 #
 # pdfset = NNPDF31_nnlo_as_0118_luxqed
 # pdfmem =            0
 #
 # using dynamical scale, see cut_histo
 # xmuR =           1.0000000000000000     
 # xmuF =           1.0000000000000000     
 #
 # alphasPDF(mu) =   0.11800215829284905     
 #
 # qmin =    300.00000000000000     
 # qmax =    14000.000000000000     
 #
 # ptlep_cut =    20.000000000000000     
 # ylep_cut  =    2.5000000000000000     
 #
 # R_phot =  0.10000000000000001      # for isolation
 #
 # buff =         9.9999999999999998E-013
 # buff_rr =         9.9999999999999998E-013
 # buff_rv =         9.9999999999999998E-013
 # buff_z  =         9.9999999999999998E-013
 # buff_r  =         9.9999999999999998E-013
 #
 # lepton charge =   -1.0000000000000000     
 # lepton cL =  -0.66668072315649085     
 # lepton cR =   0.53517749919274349     
 #
 # out = ./histo/test_nnlo_aq_rr5161c_dynscale_xMuR_1.00_xMuF_1.00.histo                                     
 #
 ################################################### 
 # 
 # Result:           -2.1713764921376229E-002 fb
 # Error:             5.3453357093007993E-006 fb
 # Chi2/Iteration:   0.10907382910786732     
 # 
 ################################################### 
 #
 # Points failing the technical cuts:           29
 #
 # bad points:            0
 #
 # Time =    28747.7168    
 #
