LHAPDF 6.2.3 loading /usr/share/LHAPDF/NNPDF31_nnlo_as_0118_luxqed/NNPDF31_nnlo_as_0118_luxqed_0000.dat
NNPDF31_nnlo_as_0118_luxqed PDF set, member #0, version 2; LHAPDF ID = 325100
 ####################################
 ##  QCD-EW dilepton production   ###
 ####################################
 # ./mixed_ll -corr nnlo -ch gq -sec rr5164 -ptlep_cut 20 -ylep_cut 2.5 -vegasNc0 1000000 -vegasNc1 50000000 -vegasIt0 10 -vegasIt1 5
 # 
 # -vegasIt0 set to           10
 # -vegasNc0 set to      1000000
 # -vegasIt1 set to            5
 # -vegasNc1 set to     50000000
 # -ptlep_cut set to    20.000000000000000     
 # -ylep_cut set to    2.5000000000000000     
 # -corr set to nnlo
 # -ch set to gq
 # -sec set to rr5164
 #
 # vegasIt0 =           10
 # vegasNc0 =      1000000
 #
 # vegasIt1 =            5
 # vegasNc1 =     50000000
 #
 # seed =            0
 #
 # gridfile = ./grid/test_nnlo_gq_rr5164_dynscale_xMuR_1.00_xMuF_1.00.grid                                        
 # writegrid =  F
 # readgrid  =  F
 #
 # Using the Gmu scheme
 #
 # Input mz =    91.187600000000003     
 # Input mw =    80.397999999999996     
 # Input mh =    125.00000000000000     
 # Input mb =    0.0000000000000000     
 # Input mt =    173.19999999999999     
 # Input Gf =    1.1663900000000000E-005
 # Input gaz =    2.4952000000000001     
 # Input gaw =    2.1053999999999999     
 # Input gah =    4.1650000000000003E-003
 #
 # Derived vev    246.21845810181634     
 # Derived 1/aem    132.33843228049895     
 # Derived gw    0.65306233025595339     
 # Derived sw2   0.22264585341299614     
 # Derived cw2   0.77735414658700386     
 #
 # Input nup  =            2
 # Input ndn  =            3
 # Derived nf =            5
 #
 # sqrt(sh) =    14000.000000000000     
 #
 # corr = nnlo
 # sec  = rr5164
 # ch   = gq
 #
 # pdfset = NNPDF31_nnlo_as_0118_luxqed
 # pdfmem =            0
 #
 # using dynamical scale, see cut_histo
 # xmuR =           1.0000000000000000     
 # xmuF =           1.0000000000000000     
 #
 # alphasPDF(mu) =   0.11800215829284905     
 #
 # qmin =    300.00000000000000     
 # qmax =    14000.000000000000     
 #
 # ptlep_cut =    20.000000000000000     
 # ylep_cut  =    2.5000000000000000     
 #
 # R_phot =  0.10000000000000001      # for isolation
 #
 # buff =         9.9999999999999998E-013
 # buff_rr =         9.9999999999999998E-013
 # buff_rv =         9.9999999999999998E-013
 # buff_z  =         9.9999999999999998E-013
 # buff_r  =         9.9999999999999998E-013
 #
 # lepton charge =   -1.0000000000000000     
 # lepton cL =  -0.66668072315649085     
 # lepton cR =   0.53517749919274349     
 #
 # out = ./histo/test_nnlo_gq_rr5164_dynscale_xMuR_1.00_xMuF_1.00.histo                                      
 #
 #####################################################################
 #        ___                                           version beta #
 #       /   \ ___  ____  _  _  |     __   __  ___   __    ___       #
 #       |   | |__| |__   |\ |  |    /  \ /  \ |__| /__    __/       #
 #       \___/ |    |___  | \|  |___ \__/ \__/ |    __/   /__        #
 #                                                                   #
 #####################################################################
 #       You are using OpenLoops 2 to evaluate loop amplitudes       #
 #                             Authors:                              #
 #       F. Buccioni, J.-N. Lang, J. Lindert, P. Maierhoefer,        #
 #                S. Pozzorini, M. Zoller, H. Zhang                  #
 #                                                                   #
 #         Please cite Eur.Phys.J. C79 (2019) no.10, 866             #
 #                     Phys. Rev. Lett. 108 (2012) 111601            #
 #                     Eur.Phys.J. C78 (2018) no.1, 70               #
 #                                                                   #
 #####################################################################

                                                            
         *******************************************        
         *              C O L L I E R              *        
         *                                         *        
         *        Complex One-Loop Library         *        
         *      In Extended Regularizations        *        
         *                                         *        
         *    by A.Denner, S.Dittmaier, L.Hofer    *        
         *                                         *        
         *              version 1.2.4              *        
         *                                         *        
         *******************************************        
                                                            
 ====================================================
 ================OpenLoops Parameters================
 ====================================================
 install_path: "/users/ttp/signorile/Desktop/tools/OpenLoops"
 model =sm

 coupling constants
 alpha_s      =  0.11799999999999999     
 alpha_qed    =   7.5598868064660511E-003   1/alpha_qed    =   132.27711281929373     

 ew_scheme     =           1
 alpha_qed_0   =   7.2973525698163148E-003   1/alpha_qed_0   =   137.03599907399999     
 alpha_qed_MZ  =   7.8125000000000000E-003   1/alpha_qed_MZ  =   128.00000000000000     
 alpha_qed_Gmu =   7.5598868064660511E-003   1/alpha_qed_Gmu =   132.27711281929373     
 Gmu           =   1.1663900000000000E-005
 sw            =       (0.47188111823035794,-9.68042324079749594E-004)   sw2            =       (0.22267085263639186,-9.13601788762133621E-004)

 derived couplings
 vev          =              (246.19023188189755,-3.7281142650693186)

 particle masses and widths
 ME =                (0.0000000000000000,0.0000000000000000) rME =   0.0000000000000000      wME =   0.0000000000000000      YE =               (0.0000000000000000,0.0000000000000000)
 MM =                (0.0000000000000000,0.0000000000000000) rMM =   0.0000000000000000      wMM =   0.0000000000000000      YM =               (0.0000000000000000,0.0000000000000000)
 ML =                (0.0000000000000000,0.0000000000000000) rML =   0.0000000000000000      wML =   0.0000000000000000      YL =               (0.0000000000000000,0.0000000000000000)
 MU =                (0.0000000000000000,0.0000000000000000) rMU =   0.0000000000000000      wMU =   0.0000000000000000      YU =               (0.0000000000000000,0.0000000000000000)
 MD =                (0.0000000000000000,0.0000000000000000) rMD =   0.0000000000000000      wMD =   0.0000000000000000      YD =               (0.0000000000000000,0.0000000000000000)
 MS =                (0.0000000000000000,0.0000000000000000) rMS =   0.0000000000000000      wMS =   0.0000000000000000      YS =               (0.0000000000000000,0.0000000000000000)
 MC =                (0.0000000000000000,0.0000000000000000) rMC =   0.0000000000000000      wMC =   0.0000000000000000      YC =               (0.0000000000000000,0.0000000000000000)
 MB =                (0.0000000000000000,0.0000000000000000) rMB =   0.0000000000000000      wMB =   0.0000000000000000      YB =               (0.0000000000000000,0.0000000000000000)
 MT =                (173.19999999999999,0.0000000000000000) rMT =   173.19999999999999      wMT =   0.0000000000000000      YT =               (173.19999999999999,0.0000000000000000)
 MW =               (80.404890344843551,-1.0526097882481313) rMW =   80.397999999999996      wMW =   2.1053999999999999     
 MZ =               (91.196132638775055,-1.2474832700485456) rMZ =   91.187600000000003      wMZ =   2.4952000000000001     
 MH =                (125.00000000000000,0.0000000000000000) rMH =   125.00000000000000      wMH =   0.0000000000000000     
 MX =                (91.187600000000003,0.0000000000000000) rMX =   91.187600000000003      wMX =   0.0000000000000000     
 MY =                (80.397999999999996,0.0000000000000000) rMY =   80.397999999999996      wMY =   0.0000000000000000     

 ==Technical Parameters==
 muren              =   100.00000000000000     
 mureg              =   100.00000000000000     
 pole1_UV           =   0.0000000000000000     
 pole1_IR           =   0.0000000000000000     
 pole2_IR           =   0.0000000000000000     
 fact_UV            =   1.0000000000000000     
 fact_IR            =   1.0000000000000000     
 ew_renorm_scheme   =           1
 N_quarks           =           6
 light quarks       =           5
 nq_nondecoupled    =           0
 fermion_loops      =           1
 nonfermion_loops   =           1
 CT_on              =           1
 R2_on              =           1
 IR_on              =           1
 polecheck          =           0
 polenorm_swi       =           0
 i-operator mode    =           0
 last_switch        =           1
 se_integral_switch =           1
 use_coli_cache     =           1
 use_me_cache       =           1
 use_bubble_vertex  =           1
 check_Ward_tree    =           0
 check_Ward_loop    =           0
 out_symmetry       =           1
 psp_tolerance      =   9.9999997171806854E-010
 hp_mode            =           1
 hp_loopacc         =   8.0000000000000000     
 hp_step_thres      =  0.50000000000000000     
 hp_alloc_mode      =           3
 sync_qp_kinematics =           1
 stability_mode         =          11
 deviation_mode         =           1
 stability_triggerratio =  0.20000000000000001     
 stability_unstable     =   1.0000000000000000E-002
 stability_kill         =   1.0000000000000000     
 stability_kill2        =   10.000000000000000     
 redlib1                =           1
 redlib2                =           7
 redlib_qp              =           5

 ====================================================
 # 
 # number of hisrograms initialised =            6
 # name, lower bound, upper bound, number of bins
 # 
 # mll               100.00000000000000        1000.0000000000000               90
 # yll              -5.0000000000000000        5.0000000000000000              100
 # ptlm              10.000000000000000        1000.0000000000000               99
 # ptlp              10.000000000000000        1000.0000000000000               99
 # ylm              -5.0000000000000000        5.0000000000000000              100
 # ylp              -5.0000000000000000        5.0000000000000000              100
 # 

 Input parameters for vegas: ndim = 10  ncall =   944784.
                             it =    0  itmx =   10
                             verb =  0  alph = 1.50
                             mds =   1  nd =  50


************* Integration by Vegas (iteration   1) **************
*                                                               *
*  integral  = -.15446208       accum. integral = -.15446208    *
*  std. dev. = 0.41652293E-01   accum. std. dev = 0.41652293E-01*
*   max. wt. =    1.00000                                       *
*                                                               *
**************   chi**2/iteration =  0.000       ****************


************* Integration by Vegas (iteration   2) **************
*                                                               *
*  integral  = -.21466431       accum. integral = -.19908260    *
*  std. dev. = 0.24613824E-01   accum. std. dev = 0.21190448E-01*
*   max. wt. =    1.00000                                       *
*                                                               *
**************   chi**2/iteration =  1.547       ****************


************* Integration by Vegas (iteration   3) **************
*                                                               *
*  integral  = -.20329365       accum. integral = -.20155469    *
*  std. dev. = 0.17772703E-01   accum. std. dev = 0.13617273E-01*
*   max. wt. =    1.00000                                       *
*                                                               *
**************   chi**2/iteration = 0.7854       ****************


************* Integration by Vegas (iteration   4) **************
*                                                               *
*  integral  = -.19732538       accum. integral = -.20001117    *
*  std. dev. = 0.17962669E-01   accum. std. dev = 0.10851548E-01*
*   max. wt. =    1.00000                                       *
*                                                               *
**************   chi**2/iteration = 0.5354       ****************


************* Integration by Vegas (iteration   5) **************
*                                                               *
*  integral  = -.16728265       accum. integral = -.18422193    *
*  std. dev. = 0.11239801E-01   accum. std. dev = 0.78068534E-02*
*   max. wt. =    1.00000                                       *
*                                                               *
**************   chi**2/iteration =  1.498       ****************


************* Integration by Vegas (iteration   6) **************
*                                                               *
*  integral  = -.16525774       accum. integral = -.17694846    *
*  std. dev. = 0.98975032E-02   accum. std. dev = 0.61295619E-02*
*   max. wt. =    1.00000                                       *
*                                                               *
**************   chi**2/iteration =  1.651       ****************


************* Integration by Vegas (iteration   7) **************
*                                                               *
*  integral  = -.16644990       accum. integral = -.17402464    *
*  std. dev. = 0.98659235E-02   accum. std. dev = 0.52065299E-02*
*   max. wt. =    1.00000                                       *
*                                                               *
**************   chi**2/iteration =  1.512       ****************


************* Integration by Vegas (iteration   8) **************
*                                                               *
*  integral  = -.16313927       accum. integral = -.17181623    *
*  std. dev. = 0.10320295E-01   accum. std. dev = 0.46484753E-02*
*   max. wt. =    1.00000                                       *
*                                                               *
**************   chi**2/iteration =  1.423       ****************


************* Integration by Vegas (iteration   9) **************
*                                                               *
*  integral  = -.17504457       accum. integral = -.17230041    *
*  std. dev. = 0.11066427E-01   accum. std. dev = 0.42857314E-02*
*   max. wt. =    1.00000                                       *
*                                                               *
**************   chi**2/iteration =  1.254       ****************


************* Integration by Vegas (iteration  10) **************
*                                                               *
*  integral  = -.16135246       accum. integral = -.17059379    *
*  std. dev. = 0.99729396E-02   accum. std. dev = 0.39375465E-02*
*   max. wt. =    1.00000                                       *
*                                                               *
**************   chi**2/iteration =  1.228       ****************


 Input parameters for vegas: ndim = 10  ncall = 48828125.
                             it =    0  itmx =    5
                             verb =  0  alph = 1.50
                             mds =   1  nd =  50


************* Integration by Vegas (iteration   1) **************
*                                                               *
*  integral  = -.17223882       accum. integral = -.17223882    *
*  std. dev. = 0.14500325E-02   accum. std. dev = 0.14500325E-02*
*   max. wt. =    1.00000                                       *
*                                                               *
**************   chi**2/iteration =  0.000       ****************

 # Histo: mll             Σ  ->   -22.717406677325748      pm   2.7833611925863377     
 # Histo: yll             Σ  ->   -22.717406677325723      pm   2.6403106421660434     
 # Histo: ptlm            Σ  ->   -22.717406677325911      pm   2.3103939898840062     
 # Histo: ptlp            Σ  ->   -22.717406677325243      pm   2.4255579191429826     
 # Histo: ylm             Σ  ->   -22.717406677325780      pm   3.0033037145877701     
 # Histo: ylp             Σ  ->   -22.717406677325787      pm   2.6963987848937698     

************* Integration by Vegas (iteration   2) **************
*                                                               *
*  integral  = -.17513925       accum. integral = -.17384062    *
*  std. dev. = 0.13056184E-02   accum. std. dev = 0.97026247E-03*
*   max. wt. =    1.00000                                       *
*                                                               *
**************   chi**2/iteration =  2.207       ****************

 # Histo: mll             Σ  ->   -21.799645292536766      pm   1.3172584156288092     
 # Histo: yll             Σ  ->   -21.346121876290219      pm   1.2050968252990264     
 # Histo: ptlm            Σ  ->   -21.869167801963169      pm   1.1934361356027205     
 # Histo: ptlp            Σ  ->   -21.871549349033980      pm   1.2681306490704978     
 # Histo: ylm             Σ  ->   -21.284486979144340      pm   1.3611433385691565     
 # Histo: ylp             Σ  ->   -21.428268716048077      pm   1.2410715649223474     

************* Integration by Vegas (iteration   3) **************
*                                                               *
*  integral  = -.17268437       accum. integral = -.17345467    *
*  std. dev. = 0.13707447E-02   accum. std. dev = 0.79194366E-03*
*   max. wt. =    1.00000                                       *
*                                                               *
**************   chi**2/iteration =  1.341       ****************

 # Histo: mll             Σ  ->   -21.239080057011691      pm  0.89083037189114156     
 # Histo: yll             Σ  ->   -21.107527538282849      pm  0.87544540265403425     
 # Histo: ptlm            Σ  ->   -21.393122215739695      pm  0.80439015884354481     
 # Histo: ptlp            Σ  ->   -21.423397805553666      pm  0.87174385116318753     
 # Histo: ylm             Σ  ->   -20.951695392285078      pm  0.93525745753155121     
 # Histo: ylp             Σ  ->   -20.937827900134984      pm  0.83846497066288517     

************* Integration by Vegas (iteration   4) **************
*                                                               *
*  integral  = -.17525839       accum. integral = -.17395176    *
*  std. dev. = 0.12839666E-02   accum. std. dev = 0.67404085E-03*
*   max. wt. =    1.00000                                       *
*                                                               *
**************   chi**2/iteration =  1.371       ****************

 # Histo: mll             Σ  ->   -20.859504635187648      pm  0.70629707695093402     
 # Histo: yll             Σ  ->   -20.901404575671048      pm  0.68435714651179769     
 # Histo: ptlm            Σ  ->   -21.170036762980772      pm  0.65872921307526244     
 # Histo: ptlp            Σ  ->   -21.157493608226254      pm  0.69289370706410669     
 # Histo: ylm             Σ  ->   -20.705012468424950      pm  0.74785856258175909     
 # Histo: ylp             Σ  ->   -20.780501558490325      pm  0.67325167548751308     

************* Integration by Vegas (iteration   5) **************
*                                                               *
*  integral  = -.17406412       accum. integral = -.17398351    *
*  std. dev. = 0.10738794E-02   accum. std. dev = 0.57089961E-03*
*   max. wt. =    1.00000                                       *
*                                                               *
**************   chi**2/iteration =  1.030       ****************

 # Histo: mll             Σ  ->   -20.709857390271598      pm  0.58052550827585081     
 # Histo: yll             Σ  ->   -20.786516892269354      pm  0.58271646714787351     
 # Histo: ptlm            Σ  ->   -21.042986440611951      pm  0.54033542290816683     
 # Histo: ptlp            Σ  ->   -21.027788984629808      pm  0.56427005460617174     
 # Histo: ylm             Σ  ->   -20.661369142118989      pm  0.62725587399037319     
 # Histo: ylp             Σ  ->   -20.655916951294643      pm  0.55554007495081881     
Thanks for using LHAPDF 6.2.3. Please make sure to cite the paper:
  Eur.Phys.J. C75 (2015) 3, 132  (http://arxiv.org/abs/1412.7420)
 ################################################### 
 #
 # ./mixed_ll -corr nnlo -ch gq -sec rr5164 -ptlep_cut 20 -ylep_cut 2.5 -vegasNc0 1000000 -vegasNc1 50000000 -vegasIt0 10 -vegasIt1 5
 # 
 # Git version: 5f8ce1600b0be00db9578e137ddd65ab43c02b57
 # 
 #
 # vegasIt0 =           10
 # vegasNc0 =      1000000
 #
 # vegasIt1 =            5
 # vegasNc1 =     50000000
 #
 # seed =            0
 #
 # gridfile = ./grid/test_nnlo_gq_rr5164_dynscale_xMuR_1.00_xMuF_1.00.grid                                        
 # writegrid =  F
 # readgrid  =  F
 #
 # Using the Gmu scheme
 #
 # Input mz =    91.187600000000003     
 # Input mw =    80.397999999999996     
 # Input mh =    125.00000000000000     
 # Input mb =    0.0000000000000000     
 # Input mt =    173.19999999999999     
 # Input Gf =    1.1663900000000000E-005
 # Input gaz =    2.4952000000000001     
 # Input gaw =    2.1053999999999999     
 # Input gah =    4.1650000000000003E-003
 #
 # Derived vev    246.21845810181634     
 # Derived 1/aem    132.33843228049895     
 # Derived gw    0.65306233025595339     
 # Derived sw2   0.22264585341299614     
 # Derived cw2   0.77735414658700386     
 #
 # Input nup  =            2
 # Input ndn  =            3
 # Derived nf =            5
 #
 # sqrt(sh) =    14000.000000000000     
 #
 # corr = nnlo
 # sec  = rr5164
 # ch   = gq
 #
 # pdfset = NNPDF31_nnlo_as_0118_luxqed
 # pdfmem =            0
 #
 # using dynamical scale, see cut_histo
 # xmuR =           1.0000000000000000     
 # xmuF =           1.0000000000000000     
 #
 # alphasPDF(mu) =   0.11800215829284905     
 #
 # qmin =    300.00000000000000     
 # qmax =    14000.000000000000     
 #
 # ptlep_cut =    20.000000000000000     
 # ylep_cut  =    2.5000000000000000     
 #
 # R_phot =  0.10000000000000001      # for isolation
 #
 # buff =         9.9999999999999998E-013
 # buff_rr =         9.9999999999999998E-013
 # buff_rv =         9.9999999999999998E-013
 # buff_z  =         9.9999999999999998E-013
 # buff_r  =         9.9999999999999998E-013
 #
 # lepton charge =   -1.0000000000000000     
 # lepton cL =  -0.66668072315649085     
 # lepton cR =   0.53517749919274349     
 #
 # out = ./histo/test_nnlo_gq_rr5164_dynscale_xMuR_1.00_xMuF_1.00.histo                                      
 #
 ################################################### 
 # 
 # Result:          -0.17398351454991431      fb
 # Error:             5.7089961046597154E-004 fb
 # Chi2/Iteration:    1.0300084288818963     
 # 
 ################################################### 
 #
 # Points failing the technical cuts:      3916936
 #
 # bad points:            0
 #
 # Time =    32280.9902    
 #
