LHAPDF 6.2.3 loading /usr/share/LHAPDF/NNPDF31_nnlo_as_0118_luxqed/NNPDF31_nnlo_as_0118_luxqed_0000.dat
NNPDF31_nnlo_as_0118_luxqed PDF set, member #0, version 2; LHAPDF ID = 325100
 ####################################
 ##  QCD-EW dilepton production   ###
 ####################################
 # ./mixed_ll -corr nnlo -ch gq -sec rr5162 -ptlep_cut 20 -ylep_cut 2.5 -vegasNc0 1000000 -vegasNc1 50000000 -vegasIt0 10 -vegasIt1 5
 # 
 # -vegasIt0 set to           10
 # -vegasNc0 set to      1000000
 # -vegasIt1 set to            5
 # -vegasNc1 set to     50000000
 # -ptlep_cut set to    20.000000000000000     
 # -ylep_cut set to    2.5000000000000000     
 # -corr set to nnlo
 # -ch set to gq
 # -sec set to rr5162
 #
 # vegasIt0 =           10
 # vegasNc0 =      1000000
 #
 # vegasIt1 =            5
 # vegasNc1 =     50000000
 #
 # seed =            0
 #
 # gridfile = ./grid/test_nnlo_gq_rr5162_dynscale_xMuR_1.00_xMuF_1.00.grid                                        
 # writegrid =  F
 # readgrid  =  F
 #
 # Using the Gmu scheme
 #
 # Input mz =    91.187600000000003     
 # Input mw =    80.397999999999996     
 # Input mh =    125.00000000000000     
 # Input mb =    0.0000000000000000     
 # Input mt =    173.19999999999999     
 # Input Gf =    1.1663900000000000E-005
 # Input gaz =    2.4952000000000001     
 # Input gaw =    2.1053999999999999     
 # Input gah =    4.1650000000000003E-003
 #
 # Derived vev    246.21845810181634     
 # Derived 1/aem    132.33843228049895     
 # Derived gw    0.65306233025595339     
 # Derived sw2   0.22264585341299614     
 # Derived cw2   0.77735414658700386     
 #
 # Input nup  =            2
 # Input ndn  =            3
 # Derived nf =            5
 #
 # sqrt(sh) =    14000.000000000000     
 #
 # corr = nnlo
 # sec  = rr5162
 # ch   = gq
 #
 # pdfset = NNPDF31_nnlo_as_0118_luxqed
 # pdfmem =            0
 #
 # using dynamical scale, see cut_histo
 # xmuR =           1.0000000000000000     
 # xmuF =           1.0000000000000000     
 #
 # alphasPDF(mu) =   0.11800215829284905     
 #
 # qmin =    300.00000000000000     
 # qmax =    14000.000000000000     
 #
 # ptlep_cut =    20.000000000000000     
 # ylep_cut  =    2.5000000000000000     
 #
 # R_phot =  0.10000000000000001      # for isolation
 #
 # buff =         9.9999999999999998E-013
 # buff_rr =         9.9999999999999998E-013
 # buff_rv =         9.9999999999999998E-013
 # buff_z  =         9.9999999999999998E-013
 # buff_r  =         9.9999999999999998E-013
 #
 # lepton charge =   -1.0000000000000000     
 # lepton cL =  -0.66668072315649085     
 # lepton cR =   0.53517749919274349     
 #
 # out = ./histo/test_nnlo_gq_rr5162_dynscale_xMuR_1.00_xMuF_1.00.histo                                      
 #
 #####################################################################
 #        ___                                           version beta #
 #       /   \ ___  ____  _  _  |     __   __  ___   __    ___       #
 #       |   | |__| |__   |\ |  |    /  \ /  \ |__| /__    __/       #
 #       \___/ |    |___  | \|  |___ \__/ \__/ |    __/   /__        #
 #                                                                   #
 #####################################################################
 #       You are using OpenLoops 2 to evaluate loop amplitudes       #
 #                             Authors:                              #
 #       F. Buccioni, J.-N. Lang, J. Lindert, P. Maierhoefer,        #
 #                S. Pozzorini, M. Zoller, H. Zhang                  #
 #                                                                   #
 #         Please cite Eur.Phys.J. C79 (2019) no.10, 866             #
 #                     Phys. Rev. Lett. 108 (2012) 111601            #
 #                     Eur.Phys.J. C78 (2018) no.1, 70               #
 #                                                                   #
 #####################################################################

                                                            
         *******************************************        
         *              C O L L I E R              *        
         *                                         *        
         *        Complex One-Loop Library         *        
         *      In Extended Regularizations        *        
         *                                         *        
         *    by A.Denner, S.Dittmaier, L.Hofer    *        
         *                                         *        
         *              version 1.2.4              *        
         *                                         *        
         *******************************************        
                                                            
 ====================================================
 ================OpenLoops Parameters================
 ====================================================
 install_path: "/users/ttp/signorile/Desktop/tools/OpenLoops"
 model =sm

 coupling constants
 alpha_s      =  0.11799999999999999     
 alpha_qed    =   7.5598868064660511E-003   1/alpha_qed    =   132.27711281929373     

 ew_scheme     =           1
 alpha_qed_0   =   7.2973525698163148E-003   1/alpha_qed_0   =   137.03599907399999     
 alpha_qed_MZ  =   7.8125000000000000E-003   1/alpha_qed_MZ  =   128.00000000000000     
 alpha_qed_Gmu =   7.5598868064660511E-003   1/alpha_qed_Gmu =   132.27711281929373     
 Gmu           =   1.1663900000000000E-005
 sw            =       (0.47188111823035794,-9.68042324079749594E-004)   sw2            =       (0.22267085263639186,-9.13601788762133621E-004)

 derived couplings
 vev          =              (246.19023188189755,-3.7281142650693186)

 particle masses and widths
 ME =                (0.0000000000000000,0.0000000000000000) rME =   0.0000000000000000      wME =   0.0000000000000000      YE =               (0.0000000000000000,0.0000000000000000)
 MM =                (0.0000000000000000,0.0000000000000000) rMM =   0.0000000000000000      wMM =   0.0000000000000000      YM =               (0.0000000000000000,0.0000000000000000)
 ML =                (0.0000000000000000,0.0000000000000000) rML =   0.0000000000000000      wML =   0.0000000000000000      YL =               (0.0000000000000000,0.0000000000000000)
 MU =                (0.0000000000000000,0.0000000000000000) rMU =   0.0000000000000000      wMU =   0.0000000000000000      YU =               (0.0000000000000000,0.0000000000000000)
 MD =                (0.0000000000000000,0.0000000000000000) rMD =   0.0000000000000000      wMD =   0.0000000000000000      YD =               (0.0000000000000000,0.0000000000000000)
 MS =                (0.0000000000000000,0.0000000000000000) rMS =   0.0000000000000000      wMS =   0.0000000000000000      YS =               (0.0000000000000000,0.0000000000000000)
 MC =                (0.0000000000000000,0.0000000000000000) rMC =   0.0000000000000000      wMC =   0.0000000000000000      YC =               (0.0000000000000000,0.0000000000000000)
 MB =                (0.0000000000000000,0.0000000000000000) rMB =   0.0000000000000000      wMB =   0.0000000000000000      YB =               (0.0000000000000000,0.0000000000000000)
 MT =                (173.19999999999999,0.0000000000000000) rMT =   173.19999999999999      wMT =   0.0000000000000000      YT =               (173.19999999999999,0.0000000000000000)
 MW =               (80.404890344843551,-1.0526097882481313) rMW =   80.397999999999996      wMW =   2.1053999999999999     
 MZ =               (91.196132638775055,-1.2474832700485456) rMZ =   91.187600000000003      wMZ =   2.4952000000000001     
 MH =                (125.00000000000000,0.0000000000000000) rMH =   125.00000000000000      wMH =   0.0000000000000000     
 MX =                (91.187600000000003,0.0000000000000000) rMX =   91.187600000000003      wMX =   0.0000000000000000     
 MY =                (80.397999999999996,0.0000000000000000) rMY =   80.397999999999996      wMY =   0.0000000000000000     

 ==Technical Parameters==
 muren              =   100.00000000000000     
 mureg              =   100.00000000000000     
 pole1_UV           =   0.0000000000000000     
 pole1_IR           =   0.0000000000000000     
 pole2_IR           =   0.0000000000000000     
 fact_UV            =   1.0000000000000000     
 fact_IR            =   1.0000000000000000     
 ew_renorm_scheme   =           1
 N_quarks           =           6
 light quarks       =           5
 nq_nondecoupled    =           0
 fermion_loops      =           1
 nonfermion_loops   =           1
 CT_on              =           1
 R2_on              =           1
 IR_on              =           1
 polecheck          =           0
 polenorm_swi       =           0
 i-operator mode    =           0
 last_switch        =           1
 se_integral_switch =           1
 use_coli_cache     =           1
 use_me_cache       =           1
 use_bubble_vertex  =           1
 check_Ward_tree    =           0
 check_Ward_loop    =           0
 out_symmetry       =           1
 psp_tolerance      =   9.9999997171806854E-010
 hp_mode            =           1
 hp_loopacc         =   8.0000000000000000     
 hp_step_thres      =  0.50000000000000000     
 hp_alloc_mode      =           3
 sync_qp_kinematics =           1
 stability_mode         =          11
 deviation_mode         =           1
 stability_triggerratio =  0.20000000000000001     
 stability_unstable     =   1.0000000000000000E-002
 stability_kill         =   1.0000000000000000     
 stability_kill2        =   10.000000000000000     
 redlib1                =           1
 redlib2                =           7
 redlib_qp              =           5

 ====================================================
 # 
 # number of hisrograms initialised =            6
 # name, lower bound, upper bound, number of bins
 # 
 # mll               100.00000000000000        1000.0000000000000               90
 # yll              -5.0000000000000000        5.0000000000000000              100
 # ptlm              10.000000000000000        1000.0000000000000               99
 # ptlp              10.000000000000000        1000.0000000000000               99
 # ylm              -5.0000000000000000        5.0000000000000000              100
 # ylp              -5.0000000000000000        5.0000000000000000              100
 # 

 Input parameters for vegas: ndim = 10  ncall =   944784.
                             it =    0  itmx =   10
                             verb =  0  alph = 1.50
                             mds =   1  nd =  50


************* Integration by Vegas (iteration   1) **************
*                                                               *
*  integral  = -.38684738E-01   accum. integral = -.38684738E-01*
*  std. dev. = 0.21491465E-01   accum. std. dev = 0.21491465E-01*
*   max. wt. =    1.00000                                       *
*                                                               *
**************   chi**2/iteration =  0.000       ****************


************* Integration by Vegas (iteration   2) **************
*                                                               *
*  integral  = -.68840662E-02   accum. integral = -.98823651E-02*
*  std. dev. = 0.69340882E-02   accum. std. dev = 0.65991097E-02*
*   max. wt. =    1.00000                                       *
*                                                               *
**************   chi**2/iteration =  1.981       ****************


************* Integration by Vegas (iteration   3) **************
*                                                               *
*  integral  = 0.23239630E-02   accum. integral = -.77222701E-02*
*  std. dev. = 0.14231496E-01   accum. std. dev = 0.59867959E-02*
*   max. wt. =    1.00000                                       *
*                                                               *
**************   chi**2/iteration =  1.294       ****************


************* Integration by Vegas (iteration   4) **************
*                                                               *
*  integral  = -.70632133E-02   accum. integral = -.75589607E-02*
*  std. dev. = 0.10430837E-01   accum. std. dev = 0.51923417E-02*
*   max. wt. =    1.00000                                       *
*                                                               *
**************   chi**2/iteration = 0.8635       ****************


************* Integration by Vegas (iteration   5) **************
*                                                               *
*  integral  = -.62333268E-02   accum. integral = -.65624124E-02*
*  std. dev. = 0.29837917E-02   accum. std. dev = 0.25870563E-02*
*   max. wt. =    1.00000                                       *
*                                                               *
**************   chi**2/iteration = 0.6600       ****************


************* Integration by Vegas (iteration   6) **************
*                                                               *
*  integral  = -.29885685E-02   accum. integral = -.45337299E-02*
*  std. dev. = 0.22578015E-02   accum. std. dev = 0.17010811E-02*
*   max. wt. =    1.00000                                       *
*                                                               *
**************   chi**2/iteration = 0.7446       ****************


************* Integration by Vegas (iteration   7) **************
*                                                               *
*  integral  = -.61227281E-02   accum. integral = -.51909083E-02*
*  std. dev. = 0.20255795E-02   accum. std. dev = 0.13026545E-02*
*   max. wt. =    1.00000                                       *
*                                                               *
**************   chi**2/iteration = 0.6807       ****************


************* Integration by Vegas (iteration   8) **************
*                                                               *
*  integral  = -.79824679E-02   accum. integral = -.61562361E-02*
*  std. dev. = 0.17917186E-02   accum. std. dev = 0.10536194E-02*
*   max. wt. =    1.00000                                       *
*                                                               *
**************   chi**2/iteration = 0.8103       ****************


************* Integration by Vegas (iteration   9) **************
*                                                               *
*  integral  = -.77135444E-02   accum. integral = -.65627797E-02*
*  std. dev. = 0.17726520E-02   accum. std. dev = 0.90571119E-03*
*   max. wt. =    1.00000                                       *
*                                                               *
**************   chi**2/iteration = 0.7803       ****************


************* Integration by Vegas (iteration  10) **************
*                                                               *
*  integral  = -.80452819E-02   accum. integral = -.68438958E-02*
*  std. dev. = 0.18723548E-02   accum. std. dev = 0.81532987E-03*
*   max. wt. =    1.00000                                       *
*                                                               *
**************   chi**2/iteration = 0.7500       ****************


 Input parameters for vegas: ndim = 10  ncall = 48828125.
                             it =    0  itmx =    5
                             verb =  0  alph = 1.50
                             mds =   1  nd =  50


************* Integration by Vegas (iteration   1) **************
*                                                               *
*  integral  = -.87731908E-02   accum. integral = -.87731908E-02*
*  std. dev. = 0.12096653E-02   accum. std. dev = 0.12096653E-02*
*   max. wt. =    1.00000                                       *
*                                                               *
**************   chi**2/iteration =  0.000       ****************

 # Histo: mll             Σ  ->    11.968586879018945      pm   1.2320384664729467     
 # Histo: yll             Σ  ->    11.968586879019075      pm   1.3285447227530571     
 # Histo: ptlm            Σ  ->    11.968586879019139      pm   1.1883529001935051     
 # Histo: ptlp            Σ  ->    11.968586879019014      pm   1.2044118385788996     
 # Histo: ylm             Σ  ->    11.968586879019071      pm   1.3157484547148999     
 # Histo: ylp             Σ  ->    11.968586879019014      pm   1.4484658670257562     

************* Integration by Vegas (iteration   2) **************
*                                                               *
*  integral  = -.74874344E-02   accum. integral = -.80385926E-02*
*  std. dev. = 0.10478000E-02   accum. std. dev = 0.79199784E-03*
*   max. wt. =    1.00000                                       *
*                                                               *
**************   chi**2/iteration = 0.6448       ****************

 # Histo: mll             Σ  ->    10.543908285921832      pm  0.61098511671254307     
 # Histo: yll             Σ  ->    10.589900524773208      pm  0.67920347281191040     
 # Histo: ptlm            Σ  ->    10.807029645246914      pm  0.63892384595279095     
 # Histo: ptlp            Σ  ->    10.783773162291357      pm  0.65511747870213566     
 # Histo: ylm             Σ  ->    10.479563665086333      pm  0.65405370761978177     
 # Histo: ylp             Σ  ->    10.454900240821436      pm  0.71114567825589059     

************* Integration by Vegas (iteration   3) **************
*                                                               *
*  integral  = -.71484271E-02   accum. integral = -.72549191E-02*
*  std. dev. = 0.29195432E-03   accum. std. dev = 0.27393474E-03*
*   max. wt. =    1.00000                                       *
*                                                               *
**************   chi**2/iteration = 0.8784       ****************

 # Histo: mll             Σ  ->    10.680661776304037      pm  0.43251004520107283     
 # Histo: yll             Σ  ->    10.667396441938177      pm  0.47153751582622366     
 # Histo: ptlm            Σ  ->    10.919596526506142      pm  0.45976948947338303     
 # Histo: ptlp            Σ  ->    10.837578052000604      pm  0.45983775096604590     
 # Histo: ylm             Σ  ->    10.581141228546825      pm  0.46999290299266955     
 # Histo: ylp             Σ  ->    10.555352352545810      pm  0.48693822565740802     

************* Integration by Vegas (iteration   4) **************
*                                                               *
*  integral  = -.72386832E-02   accum. integral = -.72461323E-02*
*  std. dev. = 0.25222275E-03   accum. std. dev = 0.18555009E-03*
*   max. wt. =    1.00000                                       *
*                                                               *
**************   chi**2/iteration = 0.5863       ****************

 # Histo: mll             Σ  ->    10.736642056450037      pm  0.34966586948214246     
 # Histo: yll             Σ  ->    10.803979708379176      pm  0.37917356590882861     
 # Histo: ptlm            Σ  ->    10.978421588356904      pm  0.37306607874342046     
 # Histo: ptlp            Σ  ->    10.921183240175214      pm  0.37432230134590855     
 # Histo: ylm             Σ  ->    10.674835115432149      pm  0.39506922842583642     
 # Histo: ylp             Σ  ->    10.608431056525156      pm  0.38575034582423240     

************* Integration by Vegas (iteration   5) **************
*                                                               *
*  integral  = -.73635967E-02   accum. integral = -.72924147E-02*
*  std. dev. = 0.23011181E-03   accum. std. dev = 0.14444195E-03*
*   max. wt. =    1.00000                                       *
*                                                               *
**************   chi**2/iteration = 0.4792       ****************

 # Histo: mll             Σ  ->    10.787187489244856      pm  0.28810682041933067     
 # Histo: yll             Σ  ->    10.821944853856774      pm  0.31971060706564008     
 # Histo: ptlm            Σ  ->    10.954136745421174      pm  0.30075020015080917     
 # Histo: ptlp            Σ  ->    10.930878028785520      pm  0.30325182730741490     
 # Histo: ylm             Σ  ->    10.714209264286476      pm  0.31299042991825982     
 # Histo: ylp             Σ  ->    10.627630852600021      pm  0.31600817730167391     
Thanks for using LHAPDF 6.2.3. Please make sure to cite the paper:
  Eur.Phys.J. C75 (2015) 3, 132  (http://arxiv.org/abs/1412.7420)
 ################################################### 
 #
 # ./mixed_ll -corr nnlo -ch gq -sec rr5162 -ptlep_cut 20 -ylep_cut 2.5 -vegasNc0 1000000 -vegasNc1 50000000 -vegasIt0 10 -vegasIt1 5
 # 
 # Git version: 5f8ce1600b0be00db9578e137ddd65ab43c02b57
 # 
 #
 # vegasIt0 =           10
 # vegasNc0 =      1000000
 #
 # vegasIt1 =            5
 # vegasNc1 =     50000000
 #
 # seed =            0
 #
 # gridfile = ./grid/test_nnlo_gq_rr5162_dynscale_xMuR_1.00_xMuF_1.00.grid                                        
 # writegrid =  F
 # readgrid  =  F
 #
 # Using the Gmu scheme
 #
 # Input mz =    91.187600000000003     
 # Input mw =    80.397999999999996     
 # Input mh =    125.00000000000000     
 # Input mb =    0.0000000000000000     
 # Input mt =    173.19999999999999     
 # Input Gf =    1.1663900000000000E-005
 # Input gaz =    2.4952000000000001     
 # Input gaw =    2.1053999999999999     
 # Input gah =    4.1650000000000003E-003
 #
 # Derived vev    246.21845810181634     
 # Derived 1/aem    132.33843228049895     
 # Derived gw    0.65306233025595339     
 # Derived sw2   0.22264585341299614     
 # Derived cw2   0.77735414658700386     
 #
 # Input nup  =            2
 # Input ndn  =            3
 # Derived nf =            5
 #
 # sqrt(sh) =    14000.000000000000     
 #
 # corr = nnlo
 # sec  = rr5162
 # ch   = gq
 #
 # pdfset = NNPDF31_nnlo_as_0118_luxqed
 # pdfmem =            0
 #
 # using dynamical scale, see cut_histo
 # xmuR =           1.0000000000000000     
 # xmuF =           1.0000000000000000     
 #
 # alphasPDF(mu) =   0.11800215829284905     
 #
 # qmin =    300.00000000000000     
 # qmax =    14000.000000000000     
 #
 # ptlep_cut =    20.000000000000000     
 # ylep_cut  =    2.5000000000000000     
 #
 # R_phot =  0.10000000000000001      # for isolation
 #
 # buff =         9.9999999999999998E-013
 # buff_rr =         9.9999999999999998E-013
 # buff_rv =         9.9999999999999998E-013
 # buff_z  =         9.9999999999999998E-013
 # buff_r  =         9.9999999999999998E-013
 #
 # lepton charge =   -1.0000000000000000     
 # lepton cL =  -0.66668072315649085     
 # lepton cR =   0.53517749919274349     
 #
 # out = ./histo/test_nnlo_gq_rr5162_dynscale_xMuR_1.00_xMuF_1.00.histo                                      
 #
 ################################################### 
 # 
 # Result:           -7.2924146624398899E-003 fb
 # Error:             1.4444195431487759E-004 fb
 # Chi2/Iteration:   0.47923430439422854     
 # 
 ################################################### 
 #
 # Points failing the technical cuts:      1665933
 #
 # bad points:            0
 #
 # Time =    38409.9336    
 #
