LHAPDF 6.2.3 loading /usr/share/LHAPDF/NNPDF31_nnlo_as_0118_luxqed/NNPDF31_nnlo_as_0118_luxqed_0000.dat
NNPDF31_nnlo_as_0118_luxqed PDF set, member #0, version 2; LHAPDF ID = 325100
 ####################################
 ##  QCD-EW dilepton production   ###
 ####################################
 # ./mixed_ll -corr nnlo -ch qa -sec rr5162 -ptlep_cut 20 -ylep_cut 2.5 -vegasNc0 1000000 -vegasNc1 50000000 -vegasIt0 10 -vegasIt1 5
 # 
 # -vegasIt0 set to           10
 # -vegasNc0 set to      1000000
 # -vegasIt1 set to            5
 # -vegasNc1 set to     50000000
 # -ptlep_cut set to    20.000000000000000     
 # -ylep_cut set to    2.5000000000000000     
 # -corr set to nnlo
 # -ch set to qa
 # -sec set to rr5162
 #
 # vegasIt0 =           10
 # vegasNc0 =      1000000
 #
 # vegasIt1 =            5
 # vegasNc1 =     50000000
 #
 # seed =            0
 #
 # gridfile = ./grid/test_nnlo_qa_rr5162_dynscale_xMuR_1.00_xMuF_1.00.grid                                        
 # writegrid =  F
 # readgrid  =  F
 #
 # Using the Gmu scheme
 #
 # Input mz =    91.187600000000003     
 # Input mw =    80.397999999999996     
 # Input mh =    125.00000000000000     
 # Input mb =    0.0000000000000000     
 # Input mt =    173.19999999999999     
 # Input Gf =    1.1663900000000000E-005
 # Input gaz =    2.4952000000000001     
 # Input gaw =    2.1053999999999999     
 # Input gah =    4.1650000000000003E-003
 #
 # Derived vev    246.21845810181634     
 # Derived 1/aem    132.33843228049895     
 # Derived gw    0.65306233025595339     
 # Derived sw2   0.22264585341299614     
 # Derived cw2   0.77735414658700386     
 #
 # Input nup  =            2
 # Input ndn  =            3
 # Derived nf =            5
 #
 # sqrt(sh) =    14000.000000000000     
 #
 # corr = nnlo
 # sec  = rr5162
 # ch   = qa
 #
 # pdfset = NNPDF31_nnlo_as_0118_luxqed
 # pdfmem =            0
 #
 # using dynamical scale, see cut_histo
 # xmuR =           1.0000000000000000     
 # xmuF =           1.0000000000000000     
 #
 # alphasPDF(mu) =   0.11800215829284905     
 #
 # qmin =    300.00000000000000     
 # qmax =    14000.000000000000     
 #
 # ptlep_cut =    20.000000000000000     
 # ylep_cut  =    2.5000000000000000     
 #
 # R_phot =  0.10000000000000001      # for isolation
 #
 # buff =         9.9999999999999998E-013
 # buff_rr =         9.9999999999999998E-013
 # buff_rv =         9.9999999999999998E-013
 # buff_z  =         9.9999999999999998E-013
 # buff_r  =         9.9999999999999998E-013
 #
 # lepton charge =   -1.0000000000000000     
 # lepton cL =  -0.66668072315649085     
 # lepton cR =   0.53517749919274349     
 #
 # out = ./histo/test_nnlo_qa_rr5162_dynscale_xMuR_1.00_xMuF_1.00.histo                                      
 #
 #####################################################################
 #        ___                                           version beta #
 #       /   \ ___  ____  _  _  |     __   __  ___   __    ___       #
 #       |   | |__| |__   |\ |  |    /  \ /  \ |__| /__    __/       #
 #       \___/ |    |___  | \|  |___ \__/ \__/ |    __/   /__        #
 #                                                                   #
 #####################################################################
 #       You are using OpenLoops 2 to evaluate loop amplitudes       #
 #                             Authors:                              #
 #       F. Buccioni, J.-N. Lang, J. Lindert, P. Maierhoefer,        #
 #                S. Pozzorini, M. Zoller, H. Zhang                  #
 #                                                                   #
 #         Please cite Eur.Phys.J. C79 (2019) no.10, 866             #
 #                     Phys. Rev. Lett. 108 (2012) 111601            #
 #                     Eur.Phys.J. C78 (2018) no.1, 70               #
 #                                                                   #
 #####################################################################

                                                            
         *******************************************        
         *              C O L L I E R              *        
         *                                         *        
         *        Complex One-Loop Library         *        
         *      In Extended Regularizations        *        
         *                                         *        
         *    by A.Denner, S.Dittmaier, L.Hofer    *        
         *                                         *        
         *              version 1.2.4              *        
         *                                         *        
         *******************************************        
                                                            
 ====================================================
 ================OpenLoops Parameters================
 ====================================================
 install_path: "/users/ttp/signorile/Desktop/tools/OpenLoops"
 model =sm

 coupling constants
 alpha_s      =  0.11799999999999999     
 alpha_qed    =   7.5598868064660511E-003   1/alpha_qed    =   132.27711281929373     

 ew_scheme     =           1
 alpha_qed_0   =   7.2973525698163148E-003   1/alpha_qed_0   =   137.03599907399999     
 alpha_qed_MZ  =   7.8125000000000000E-003   1/alpha_qed_MZ  =   128.00000000000000     
 alpha_qed_Gmu =   7.5598868064660511E-003   1/alpha_qed_Gmu =   132.27711281929373     
 Gmu           =   1.1663900000000000E-005
 sw            =       (0.47188111823035794,-9.68042324079749594E-004)   sw2            =       (0.22267085263639186,-9.13601788762133621E-004)

 derived couplings
 vev          =              (246.19023188189755,-3.7281142650693186)

 particle masses and widths
 ME =                (0.0000000000000000,0.0000000000000000) rME =   0.0000000000000000      wME =   0.0000000000000000      YE =               (0.0000000000000000,0.0000000000000000)
 MM =                (0.0000000000000000,0.0000000000000000) rMM =   0.0000000000000000      wMM =   0.0000000000000000      YM =               (0.0000000000000000,0.0000000000000000)
 ML =                (0.0000000000000000,0.0000000000000000) rML =   0.0000000000000000      wML =   0.0000000000000000      YL =               (0.0000000000000000,0.0000000000000000)
 MU =                (0.0000000000000000,0.0000000000000000) rMU =   0.0000000000000000      wMU =   0.0000000000000000      YU =               (0.0000000000000000,0.0000000000000000)
 MD =                (0.0000000000000000,0.0000000000000000) rMD =   0.0000000000000000      wMD =   0.0000000000000000      YD =               (0.0000000000000000,0.0000000000000000)
 MS =                (0.0000000000000000,0.0000000000000000) rMS =   0.0000000000000000      wMS =   0.0000000000000000      YS =               (0.0000000000000000,0.0000000000000000)
 MC =                (0.0000000000000000,0.0000000000000000) rMC =   0.0000000000000000      wMC =   0.0000000000000000      YC =               (0.0000000000000000,0.0000000000000000)
 MB =                (0.0000000000000000,0.0000000000000000) rMB =   0.0000000000000000      wMB =   0.0000000000000000      YB =               (0.0000000000000000,0.0000000000000000)
 MT =                (173.19999999999999,0.0000000000000000) rMT =   173.19999999999999      wMT =   0.0000000000000000      YT =               (173.19999999999999,0.0000000000000000)
 MW =               (80.404890344843551,-1.0526097882481313) rMW =   80.397999999999996      wMW =   2.1053999999999999     
 MZ =               (91.196132638775055,-1.2474832700485456) rMZ =   91.187600000000003      wMZ =   2.4952000000000001     
 MH =                (125.00000000000000,0.0000000000000000) rMH =   125.00000000000000      wMH =   0.0000000000000000     
 MX =                (91.187600000000003,0.0000000000000000) rMX =   91.187600000000003      wMX =   0.0000000000000000     
 MY =                (80.397999999999996,0.0000000000000000) rMY =   80.397999999999996      wMY =   0.0000000000000000     

 ==Technical Parameters==
 muren              =   100.00000000000000     
 mureg              =   100.00000000000000     
 pole1_UV           =   0.0000000000000000     
 pole1_IR           =   0.0000000000000000     
 pole2_IR           =   0.0000000000000000     
 fact_UV            =   1.0000000000000000     
 fact_IR            =   1.0000000000000000     
 ew_renorm_scheme   =           1
 N_quarks           =           6
 light quarks       =           5
 nq_nondecoupled    =           0
 fermion_loops      =           1
 nonfermion_loops   =           1
 CT_on              =           1
 R2_on              =           1
 IR_on              =           1
 polecheck          =           0
 polenorm_swi       =           0
 i-operator mode    =           0
 last_switch        =           1
 se_integral_switch =           1
 use_coli_cache     =           1
 use_me_cache       =           1
 use_bubble_vertex  =           1
 check_Ward_tree    =           0
 check_Ward_loop    =           0
 out_symmetry       =           1
 psp_tolerance      =   9.9999997171806854E-010
 hp_mode            =           1
 hp_loopacc         =   8.0000000000000000     
 hp_step_thres      =  0.50000000000000000     
 hp_alloc_mode      =           3
 sync_qp_kinematics =           1
 stability_mode         =          11
 deviation_mode         =           1
 stability_triggerratio =  0.20000000000000001     
 stability_unstable     =   1.0000000000000000E-002
 stability_kill         =   1.0000000000000000     
 stability_kill2        =   10.000000000000000     
 redlib1                =           1
 redlib2                =           7
 redlib_qp              =           5

 ====================================================
 # 
 # number of hisrograms initialised =            6
 # name, lower bound, upper bound, number of bins
 # 
 # mll               100.00000000000000        1000.0000000000000               90
 # yll              -5.0000000000000000        5.0000000000000000              100
 # ptlm              10.000000000000000        1000.0000000000000               99
 # ptlp              10.000000000000000        1000.0000000000000               99
 # ylm              -5.0000000000000000        5.0000000000000000              100
 # ylp              -5.0000000000000000        5.0000000000000000              100
 # 

 Input parameters for vegas: ndim = 10  ncall =   944784.
                             it =    0  itmx =   10
                             verb =  0  alph = 1.50
                             mds =   1  nd =  50


************* Integration by Vegas (iteration   1) **************
*                                                               *
*  integral  = -.61721815E-02   accum. integral = -.61721815E-02*
*  std. dev. = 0.36807599E-02   accum. std. dev = 0.36807599E-02*
*   max. wt. =    1.00000                                       *
*                                                               *
**************   chi**2/iteration =  0.000       ****************


************* Integration by Vegas (iteration   2) **************
*                                                               *
*  integral  = -.50528122E-02   accum. integral = -.52997806E-02*
*  std. dev. = 0.19583940E-02   accum. std. dev = 0.17289062E-02*
*   max. wt. =    1.00000                                       *
*                                                               *
**************   chi**2/iteration = 0.7201E-01   ****************


************* Integration by Vegas (iteration   3) **************
*                                                               *
*  integral  = -.66732201E-02   accum. integral = -.58489437E-02*
*  std. dev. = 0.21181523E-02   accum. std. dev = 0.13393778E-02*
*   max. wt. =    1.00000                                       *
*                                                               *
**************   chi**2/iteration = 0.1621       ****************


************* Integration by Vegas (iteration   4) **************
*                                                               *
*  integral  = -.32782711E-02   accum. integral = -.47854713E-02*
*  std. dev. = 0.15945034E-02   accum. std. dev = 0.10255697E-02*
*   max. wt. =    1.00000                                       *
*                                                               *
**************   chi**2/iteration = 0.6159       ****************


************* Integration by Vegas (iteration   5) **************
*                                                               *
*  integral  = -.14989233E-02   accum. integral = -.29992451E-02*
*  std. dev. = 0.93991626E-03   accum. std. dev = 0.69292686E-03*
*   max. wt. =    1.00000                                       *
*                                                               *
**************   chi**2/iteration =  1.857       ****************


************* Integration by Vegas (iteration   6) **************
*                                                               *
*  integral  = -.39617729E-02   accum. integral = -.34873864E-02*
*  std. dev. = 0.68309450E-03   accum. std. dev = 0.48645976E-03*
*   max. wt. =    1.00000                                       *
*                                                               *
**************   chi**2/iteration =  1.681       ****************


************* Integration by Vegas (iteration   7) **************
*                                                               *
*  integral  = -.37867844E-02   accum. integral = -.35789123E-02*
*  std. dev. = 0.73311626E-03   accum. std. dev = 0.40534099E-03*
*   max. wt. =    1.00000                                       *
*                                                               *
**************   chi**2/iteration =  1.420       ****************


************* Integration by Vegas (iteration   8) **************
*                                                               *
*  integral  = -.47173683E-02   accum. integral = -.37852558E-02*
*  std. dev. = 0.86150793E-03   accum. std. dev = 0.36677233E-03*
*   max. wt. =    1.00000                                       *
*                                                               *
**************   chi**2/iteration =  1.422       ****************


************* Integration by Vegas (iteration   9) **************
*                                                               *
*  integral  = -.29594563E-02   accum. integral = -.35758652E-02*
*  std. dev. = 0.62929224E-03   accum. std. dev = 0.31687917E-03*
*   max. wt. =    1.00000                                       *
*                                                               *
**************   chi**2/iteration =  1.405       ****************


************* Integration by Vegas (iteration  10) **************
*                                                               *
*  integral  = -.36492346E-02   accum. integral = -.35955947E-02*
*  std. dev. = 0.52249145E-03   accum. std. dev = 0.27094433E-03*
*   max. wt. =    1.00000                                       *
*                                                               *
**************   chi**2/iteration =  1.250       ****************


 Input parameters for vegas: ndim = 10  ncall = 48828125.
                             it =    0  itmx =    5
                             verb =  0  alph = 1.50
                             mds =   1  nd =  50


************* Integration by Vegas (iteration   1) **************
*                                                               *
*  integral  = -.33082664E-02   accum. integral = -.33082664E-02*
*  std. dev. = 0.79773460E-04   accum. std. dev = 0.79773460E-04*
*   max. wt. =    1.00000                                       *
*                                                               *
**************   chi**2/iteration = 0.2274E-09   ****************

 # Histo: mll             Σ  ->  -0.20057189250809754      pm   6.5484569515372348E-002
 # Histo: yll             Σ  ->  -0.20057189250810153      pm   8.0444701866934407E-002
 # Histo: ptlm            Σ  ->  -0.20057189250809870      pm   8.4824447398822153E-002
 # Histo: ptlp            Σ  ->  -0.20057189250810328      pm   8.3383369815127326E-002
 # Histo: ylm             Σ  ->  -0.20057189250810090      pm   8.6854600401448087E-002
 # Histo: ylp             Σ  ->  -0.20057189250810095      pm   8.3805782755065047E-002

************* Integration by Vegas (iteration   2) **************
*                                                               *
*  integral  = -.33675224E-02   accum. integral = -.33379570E-02*
*  std. dev. = 0.79605041E-04   accum. std. dev = 0.56348715E-04*
*   max. wt. =    1.00000                                       *
*                                                               *
**************   chi**2/iteration = 0.2762       ****************

 # Histo: mll             Σ  ->  -0.16675157961417486      pm   2.8930518575318642E-002
 # Histo: yll             Σ  ->  -0.15813657362208680      pm   2.5684514390945084E-002
 # Histo: ptlm            Σ  ->  -0.18182311752728478      pm   4.0145686357421960E-002
 # Histo: ptlp            Σ  ->  -0.18213324789889151      pm   3.9214391512757137E-002
 # Histo: ylm             Σ  ->  -0.14583912443322972      pm   2.2619860048846103E-002
 # Histo: ylp             Σ  ->  -0.15174406147929834      pm   3.0409947758090264E-002

************* Integration by Vegas (iteration   3) **************
*                                                               *
*  integral  = -.33253377E-02   accum. integral = -.33334268E-02*
*  std. dev. = 0.75297221E-04   accum. std. dev = 0.45114666E-04*
*   max. wt. =    1.00000                                       *
*                                                               *
**************   chi**2/iteration = 0.1472       ****************

 # Histo: mll             Σ  ->  -0.15487267545355671      pm   1.4871453482533889E-002
 # Histo: yll             Σ  ->  -0.15131369391236524      pm   1.6628237937853649E-002
 # Histo: ptlm            Σ  ->  -0.16560943945452891      pm   2.2123676434824970E-002
 # Histo: ptlp            Σ  ->  -0.16458853850593202      pm   2.2679598176808268E-002
 # Histo: ylm             Σ  ->  -0.14759983593345083      pm   1.5532332476768251E-002
 # Histo: ylp             Σ  ->  -0.14568498993762485      pm   1.5748784492068818E-002

************* Integration by Vegas (iteration   4) **************
*                                                               *
*  integral  = -.31983740E-02   accum. integral = -.33065551E-02*
*  std. dev. = 0.90520215E-04   accum. std. dev = 0.40377701E-04*
*   max. wt. =    1.00000                                       *
*                                                               *
**************   chi**2/iteration = 0.6923       ****************

 # Histo: mll             Σ  ->  -0.14766580079398406      pm   9.8326801835326196E-003
 # Histo: yll             Σ  ->  -0.15359353695649089      pm   1.4502896955728676E-002
 # Histo: ptlm            Σ  ->  -0.16527849591137764      pm   1.8631056821484485E-002
 # Histo: ptlp            Σ  ->  -0.16152747059340691      pm   1.7597555101537595E-002
 # Histo: ylm             Σ  ->  -0.14750138024491743      pm   1.2569833370632949E-002
 # Histo: ylp             Σ  ->  -0.14541451088289042      pm   1.3447874197588902E-002

************* Integration by Vegas (iteration   5) **************
*                                                               *
*  integral  = -.33713798E-02   accum. integral = -.33162492E-02*
*  std. dev. = 0.96290424E-04   accum. std. dev = 0.37236386E-04*
*   max. wt. =    1.00000                                       *
*                                                               *
**************   chi**2/iteration = 0.6156       ****************

 # Histo: mll             Σ  ->  -0.15107309466954374      pm   8.1976093758155122E-003
 # Histo: yll             Σ  ->  -0.14854734323488392      pm   9.5961948705753693E-003
 # Histo: ptlm            Σ  ->  -0.16466927082678087      pm   1.5010023403376460E-002
 # Histo: ptlp            Σ  ->  -0.16002168824934340      pm   1.4178106063146749E-002
 # Histo: ylm             Σ  ->  -0.14999702648810595      pm   1.0793245999971600E-002
 # Histo: ylp             Σ  ->  -0.14887628751466181      pm   1.1563249448828127E-002
Thanks for using LHAPDF 6.2.3. Please make sure to cite the paper:
  Eur.Phys.J. C75 (2015) 3, 132  (http://arxiv.org/abs/1412.7420)
 ################################################### 
 #
 # ./mixed_ll -corr nnlo -ch qa -sec rr5162 -ptlep_cut 20 -ylep_cut 2.5 -vegasNc0 1000000 -vegasNc1 50000000 -vegasIt0 10 -vegasIt1 5
 # 
 # Git version: 5f8ce1600b0be00db9578e137ddd65ab43c02b57
 # 
 #
 # vegasIt0 =           10
 # vegasNc0 =      1000000
 #
 # vegasIt1 =            5
 # vegasNc1 =     50000000
 #
 # seed =            0
 #
 # gridfile = ./grid/test_nnlo_qa_rr5162_dynscale_xMuR_1.00_xMuF_1.00.grid                                        
 # writegrid =  F
 # readgrid  =  F
 #
 # Using the Gmu scheme
 #
 # Input mz =    91.187600000000003     
 # Input mw =    80.397999999999996     
 # Input mh =    125.00000000000000     
 # Input mb =    0.0000000000000000     
 # Input mt =    173.19999999999999     
 # Input Gf =    1.1663900000000000E-005
 # Input gaz =    2.4952000000000001     
 # Input gaw =    2.1053999999999999     
 # Input gah =    4.1650000000000003E-003
 #
 # Derived vev    246.21845810181634     
 # Derived 1/aem    132.33843228049895     
 # Derived gw    0.65306233025595339     
 # Derived sw2   0.22264585341299614     
 # Derived cw2   0.77735414658700386     
 #
 # Input nup  =            2
 # Input ndn  =            3
 # Derived nf =            5
 #
 # sqrt(sh) =    14000.000000000000     
 #
 # corr = nnlo
 # sec  = rr5162
 # ch   = qa
 #
 # pdfset = NNPDF31_nnlo_as_0118_luxqed
 # pdfmem =            0
 #
 # using dynamical scale, see cut_histo
 # xmuR =           1.0000000000000000     
 # xmuF =           1.0000000000000000     
 #
 # alphasPDF(mu) =   0.11800215829284905     
 #
 # qmin =    300.00000000000000     
 # qmax =    14000.000000000000     
 #
 # ptlep_cut =    20.000000000000000     
 # ylep_cut  =    2.5000000000000000     
 #
 # R_phot =  0.10000000000000001      # for isolation
 #
 # buff =         9.9999999999999998E-013
 # buff_rr =         9.9999999999999998E-013
 # buff_rv =         9.9999999999999998E-013
 # buff_z  =         9.9999999999999998E-013
 # buff_r  =         9.9999999999999998E-013
 #
 # lepton charge =   -1.0000000000000000     
 # lepton cL =  -0.66668072315649085     
 # lepton cR =   0.53517749919274349     
 #
 # out = ./histo/test_nnlo_qa_rr5162_dynscale_xMuR_1.00_xMuF_1.00.histo                                      
 #
 ################################################### 
 # 
 # Result:           -3.3162492465571214E-003 fb
 # Error:             3.7236386243915419E-005 fb
 # Chi2/Iteration:   0.61558764479187533     
 # 
 ################################################### 
 #
 # Points failing the technical cuts:        84677
 #
 # bad points:            0
 #
 # Time =    45500.9805    
 #
