LHAPDF 6.2.3 loading /usr/share/LHAPDF/NNPDF31_nnlo_as_0118_luxqed/NNPDF31_nnlo_as_0118_luxqed_0000.dat
NNPDF31_nnlo_as_0118_luxqed PDF set, member #0, version 2; LHAPDF ID = 325100
 ####################################
 ##  QCD-EW dilepton production   ###
 ####################################
 # ./mixed_ll -corr nnlo -ch qg -sec rr5264 -ptlep_cut 20 -ylep_cut 2.5 -vegasNc0 1000000 -vegasNc1 50000000 -vegasIt0 10 -vegasIt1 5
 # 
 # -vegasIt0 set to           10
 # -vegasNc0 set to      1000000
 # -vegasIt1 set to            5
 # -vegasNc1 set to     50000000
 # -ptlep_cut set to    20.000000000000000     
 # -ylep_cut set to    2.5000000000000000     
 # -corr set to nnlo
 # -ch set to qg
 # -sec set to rr5264
 #
 # vegasIt0 =           10
 # vegasNc0 =      1000000
 #
 # vegasIt1 =            5
 # vegasNc1 =     50000000
 #
 # seed =            0
 #
 # gridfile = ./grid/test_nnlo_qg_rr5264_dynscale_xMuR_1.00_xMuF_1.00.grid                                        
 # writegrid =  F
 # readgrid  =  F
 #
 # Using the Gmu scheme
 #
 # Input mz =    91.187600000000003     
 # Input mw =    80.397999999999996     
 # Input mh =    125.00000000000000     
 # Input mb =    0.0000000000000000     
 # Input mt =    173.19999999999999     
 # Input Gf =    1.1663900000000000E-005
 # Input gaz =    2.4952000000000001     
 # Input gaw =    2.1053999999999999     
 # Input gah =    4.1650000000000003E-003
 #
 # Derived vev    246.21845810181634     
 # Derived 1/aem    132.33843228049895     
 # Derived gw    0.65306233025595339     
 # Derived sw2   0.22264585341299614     
 # Derived cw2   0.77735414658700386     
 #
 # Input nup  =            2
 # Input ndn  =            3
 # Derived nf =            5
 #
 # sqrt(sh) =    14000.000000000000     
 #
 # corr = nnlo
 # sec  = rr5264
 # ch   = qg
 #
 # pdfset = NNPDF31_nnlo_as_0118_luxqed
 # pdfmem =            0
 #
 # using dynamical scale, see cut_histo
 # xmuR =           1.0000000000000000     
 # xmuF =           1.0000000000000000     
 #
 # alphasPDF(mu) =   0.11800215829284905     
 #
 # qmin =    300.00000000000000     
 # qmax =    14000.000000000000     
 #
 # ptlep_cut =    20.000000000000000     
 # ylep_cut  =    2.5000000000000000     
 #
 # R_phot =  0.10000000000000001      # for isolation
 #
 # buff =         9.9999999999999998E-013
 # buff_rr =         9.9999999999999998E-013
 # buff_rv =         9.9999999999999998E-013
 # buff_z  =         9.9999999999999998E-013
 # buff_r  =         9.9999999999999998E-013
 #
 # lepton charge =   -1.0000000000000000     
 # lepton cL =  -0.66668072315649085     
 # lepton cR =   0.53517749919274349     
 #
 # out = ./histo/test_nnlo_qg_rr5264_dynscale_xMuR_1.00_xMuF_1.00.histo                                      
 #
 #####################################################################
 #        ___                                           version beta #
 #       /   \ ___  ____  _  _  |     __   __  ___   __    ___       #
 #       |   | |__| |__   |\ |  |    /  \ /  \ |__| /__    __/       #
 #       \___/ |    |___  | \|  |___ \__/ \__/ |    __/   /__        #
 #                                                                   #
 #####################################################################
 #       You are using OpenLoops 2 to evaluate loop amplitudes       #
 #                             Authors:                              #
 #       F. Buccioni, J.-N. Lang, J. Lindert, P. Maierhoefer,        #
 #                S. Pozzorini, M. Zoller, H. Zhang                  #
 #                                                                   #
 #         Please cite Eur.Phys.J. C79 (2019) no.10, 866             #
 #                     Phys. Rev. Lett. 108 (2012) 111601            #
 #                     Eur.Phys.J. C78 (2018) no.1, 70               #
 #                                                                   #
 #####################################################################

                                                            
         *******************************************        
         *              C O L L I E R              *        
         *                                         *        
         *        Complex One-Loop Library         *        
         *      In Extended Regularizations        *        
         *                                         *        
         *    by A.Denner, S.Dittmaier, L.Hofer    *        
         *                                         *        
         *              version 1.2.4              *        
         *                                         *        
         *******************************************        
                                                            
 ====================================================
 ================OpenLoops Parameters================
 ====================================================
 install_path: "/users/ttp/signorile/Desktop/tools/OpenLoops"
 model =sm

 coupling constants
 alpha_s      =  0.11799999999999999     
 alpha_qed    =   7.5598868064660511E-003   1/alpha_qed    =   132.27711281929373     

 ew_scheme     =           1
 alpha_qed_0   =   7.2973525698163148E-003   1/alpha_qed_0   =   137.03599907399999     
 alpha_qed_MZ  =   7.8125000000000000E-003   1/alpha_qed_MZ  =   128.00000000000000     
 alpha_qed_Gmu =   7.5598868064660511E-003   1/alpha_qed_Gmu =   132.27711281929373     
 Gmu           =   1.1663900000000000E-005
 sw            =       (0.47188111823035794,-9.68042324079749594E-004)   sw2            =       (0.22267085263639186,-9.13601788762133621E-004)

 derived couplings
 vev          =              (246.19023188189755,-3.7281142650693186)

 particle masses and widths
 ME =                (0.0000000000000000,0.0000000000000000) rME =   0.0000000000000000      wME =   0.0000000000000000      YE =               (0.0000000000000000,0.0000000000000000)
 MM =                (0.0000000000000000,0.0000000000000000) rMM =   0.0000000000000000      wMM =   0.0000000000000000      YM =               (0.0000000000000000,0.0000000000000000)
 ML =                (0.0000000000000000,0.0000000000000000) rML =   0.0000000000000000      wML =   0.0000000000000000      YL =               (0.0000000000000000,0.0000000000000000)
 MU =                (0.0000000000000000,0.0000000000000000) rMU =   0.0000000000000000      wMU =   0.0000000000000000      YU =               (0.0000000000000000,0.0000000000000000)
 MD =                (0.0000000000000000,0.0000000000000000) rMD =   0.0000000000000000      wMD =   0.0000000000000000      YD =               (0.0000000000000000,0.0000000000000000)
 MS =                (0.0000000000000000,0.0000000000000000) rMS =   0.0000000000000000      wMS =   0.0000000000000000      YS =               (0.0000000000000000,0.0000000000000000)
 MC =                (0.0000000000000000,0.0000000000000000) rMC =   0.0000000000000000      wMC =   0.0000000000000000      YC =               (0.0000000000000000,0.0000000000000000)
 MB =                (0.0000000000000000,0.0000000000000000) rMB =   0.0000000000000000      wMB =   0.0000000000000000      YB =               (0.0000000000000000,0.0000000000000000)
 MT =                (173.19999999999999,0.0000000000000000) rMT =   173.19999999999999      wMT =   0.0000000000000000      YT =               (173.19999999999999,0.0000000000000000)
 MW =               (80.404890344843551,-1.0526097882481313) rMW =   80.397999999999996      wMW =   2.1053999999999999     
 MZ =               (91.196132638775055,-1.2474832700485456) rMZ =   91.187600000000003      wMZ =   2.4952000000000001     
 MH =                (125.00000000000000,0.0000000000000000) rMH =   125.00000000000000      wMH =   0.0000000000000000     
 MX =                (91.187600000000003,0.0000000000000000) rMX =   91.187600000000003      wMX =   0.0000000000000000     
 MY =                (80.397999999999996,0.0000000000000000) rMY =   80.397999999999996      wMY =   0.0000000000000000     

 ==Technical Parameters==
 muren              =   100.00000000000000     
 mureg              =   100.00000000000000     
 pole1_UV           =   0.0000000000000000     
 pole1_IR           =   0.0000000000000000     
 pole2_IR           =   0.0000000000000000     
 fact_UV            =   1.0000000000000000     
 fact_IR            =   1.0000000000000000     
 ew_renorm_scheme   =           1
 N_quarks           =           6
 light quarks       =           5
 nq_nondecoupled    =           0
 fermion_loops      =           1
 nonfermion_loops   =           1
 CT_on              =           1
 R2_on              =           1
 IR_on              =           1
 polecheck          =           0
 polenorm_swi       =           0
 i-operator mode    =           0
 last_switch        =           1
 se_integral_switch =           1
 use_coli_cache     =           1
 use_me_cache       =           1
 use_bubble_vertex  =           1
 check_Ward_tree    =           0
 check_Ward_loop    =           0
 out_symmetry       =           1
 psp_tolerance      =   9.9999997171806854E-010
 hp_mode            =           1
 hp_loopacc         =   8.0000000000000000     
 hp_step_thres      =  0.50000000000000000     
 hp_alloc_mode      =           3
 sync_qp_kinematics =           1
 stability_mode         =          11
 deviation_mode         =           1
 stability_triggerratio =  0.20000000000000001     
 stability_unstable     =   1.0000000000000000E-002
 stability_kill         =   1.0000000000000000     
 stability_kill2        =   10.000000000000000     
 redlib1                =           1
 redlib2                =           7
 redlib_qp              =           5

 ====================================================
 # 
 # number of hisrograms initialised =            6
 # name, lower bound, upper bound, number of bins
 # 
 # mll               100.00000000000000        1000.0000000000000               90
 # yll              -5.0000000000000000        5.0000000000000000              100
 # ptlm              10.000000000000000        1000.0000000000000               99
 # ptlp              10.000000000000000        1000.0000000000000               99
 # ylm              -5.0000000000000000        5.0000000000000000              100
 # ylp              -5.0000000000000000        5.0000000000000000              100
 # 

 Input parameters for vegas: ndim = 10  ncall =   944784.
                             it =    0  itmx =   10
                             verb =  0  alph = 1.50
                             mds =   1  nd =  50


************* Integration by Vegas (iteration   1) **************
*                                                               *
*  integral  = 0.11535119E-01   accum. integral = 0.11535119E-01*
*  std. dev. = 0.11218289       accum. std. dev = 0.11218289    *
*   max. wt. =    1.00000                                       *
*                                                               *
**************   chi**2/iteration =  0.000       ****************


************* Integration by Vegas (iteration   2) **************
*                                                               *
*  integral  = -.23876231       accum. integral = -.22130949    *
*  std. dev. = 0.30713283E-01   accum. std. dev = 0.29623144E-01*
*   max. wt. =    1.00000                                       *
*                                                               *
**************   chi**2/iteration =  4.626       ****************


************* Integration by Vegas (iteration   3) **************
*                                                               *
*  integral  = -.17107090       accum. integral = -.18563324    *
*  std. dev. = 0.18925919E-01   accum. std. dev = 0.15948796E-01*
*   max. wt. =    1.00000                                       *
*                                                               *
**************   chi**2/iteration =  3.335       ****************


************* Integration by Vegas (iteration   4) **************
*                                                               *
*  integral  = -.15703211       accum. integral = -.16757279    *
*  std. dev. = 0.12184229E-01   accum. std. dev = 0.96821251E-02*
*   max. wt. =    1.00000                                       *
*                                                               *
**************   chi**2/iteration =  2.900       ****************


************* Integration by Vegas (iteration   5) **************
*                                                               *
*  integral  = -.16948757       accum. integral = -.16850664    *
*  std. dev. = 0.99231585E-02   accum. std. dev = 0.69299431E-02*
*   max. wt. =    1.00000                                       *
*                                                               *
**************   chi**2/iteration =  2.180       ****************


************* Integration by Vegas (iteration   6) **************
*                                                               *
*  integral  = -.17044274       accum. integral = -.16923466    *
*  std. dev. = 0.89270141E-02   accum. std. dev = 0.54741130E-02*
*   max. wt. =    1.00000                                       *
*                                                               *
**************   chi**2/iteration =  1.750       ****************


************* Integration by Vegas (iteration   7) **************
*                                                               *
*  integral  = -.19459261       accum. integral = -.17309248    *
*  std. dev. = 0.12922999E-01   accum. std. dev = 0.50405419E-02*
*   max. wt. =    1.00000                                       *
*                                                               *
**************   chi**2/iteration =  2.003       ****************


************* Integration by Vegas (iteration   8) **************
*                                                               *
*  integral  = -.17491127       accum. integral = -.17338026    *
*  std. dev. = 0.11626254E-01   accum. std. dev = 0.46246149E-02*
*   max. wt. =    1.00000                                       *
*                                                               *
**************   chi**2/iteration =  1.719       ****************


************* Integration by Vegas (iteration   9) **************
*                                                               *
*  integral  = -.15179001       accum. integral = -.17157501    *
*  std. dev. = 0.15309980E-01   accum. std. dev = 0.44270532E-02*
*   max. wt. =    1.00000                                       *
*                                                               *
**************   chi**2/iteration =  1.732       ****************


************* Integration by Vegas (iteration  10) **************
*                                                               *
*  integral  = -.18050735       accum. integral = -.17227465    *
*  std. dev. = 0.15186141E-01   accum. std. dev = 0.42501394E-02*
*   max. wt. =    1.00000                                       *
*                                                               *
**************   chi**2/iteration =  1.575       ****************


 Input parameters for vegas: ndim = 10  ncall = 48828125.
                             it =    0  itmx =    5
                             verb =  0  alph = 1.50
                             mds =   1  nd =  50


************* Integration by Vegas (iteration   1) **************
*                                                               *
*  integral  = -.16802215       accum. integral = -.16802215    *
*  std. dev. = 0.20932689E-02   accum. std. dev = 0.20932689E-02*
*   max. wt. =    1.00000                                       *
*                                                               *
**************   chi**2/iteration =  0.000       ****************

 # Histo: mll             Σ  ->   -21.858180299566214      pm   2.2060794932761159     
 # Histo: yll             Σ  ->   -21.858180299566097      pm   2.0066998739030493     
 # Histo: ptlm            Σ  ->   -21.858180299565525      pm   1.9817924250910905     
 # Histo: ptlp            Σ  ->   -21.858180299565145      pm   2.0516455664096207     
 # Histo: ylm             Σ  ->   -21.858180299565937      pm   2.1906932202757954     
 # Histo: ylp             Σ  ->   -21.858180299565966      pm   2.0092533058322166     

************* Integration by Vegas (iteration   2) **************
*                                                               *
*  integral  = -.17418889       accum. integral = -.17112470    *
*  std. dev. = 0.20802893E-02   accum. std. dev = 0.14755543E-02*
*   max. wt. =    1.00000                                       *
*                                                               *
**************   chi**2/iteration =  4.362       ****************

 # Histo: mll             Σ  ->   -21.464908495590141      pm   1.2611939255982578     
 # Histo: yll             Σ  ->   -20.823516302813662      pm   1.0632968661015276     
 # Histo: ptlm            Σ  ->   -21.214473554793994      pm   1.0966271546090349     
 # Histo: ptlp            Σ  ->   -21.183728834880313      pm   1.1201744865627572     
 # Histo: ylm             Σ  ->   -21.050121498930118      pm   1.3003957858931436     
 # Histo: ylp             Σ  ->   -21.083362654133509      pm   1.2019144313101877     

************* Integration by Vegas (iteration   3) **************
*                                                               *
*  integral  = -.16959895       accum. integral = -.17040925    *
*  std. dev. = 0.15703263E-02   accum. std. dev = 0.10753184E-02*
*   max. wt. =    1.00000                                       *
*                                                               *
**************   chi**2/iteration =  2.433       ****************

 # Histo: mll             Σ  ->   -21.376265674707462      pm   1.0482683731116449     
 # Histo: yll             Σ  ->   -20.836221962922185      pm  0.88580547021261624     
 # Histo: ptlm            Σ  ->   -21.019797477200175      pm  0.82746908652779094     
 # Histo: ptlp            Σ  ->   -21.031939940103456      pm  0.87293378257010124     
 # Histo: ylm             Σ  ->   -20.942218801637900      pm  0.96371755745720311     
 # Histo: ylp             Σ  ->   -20.895304372742409      pm  0.91247399244186622     

************* Integration by Vegas (iteration   4) **************
*                                                               *
*  integral  = -.17359824       accum. integral = -.17182156    *
*  std. dev. = 0.12060841E-02   accum. std. dev = 0.80263025E-03*
*   max. wt. =    1.00000                                       *
*                                                               *
**************   chi**2/iteration =  2.920       ****************

 # Histo: mll             Σ  ->   -21.179066758958083      pm  0.80535439039977685     
 # Histo: yll             Σ  ->   -20.638727781910156      pm  0.65669634867103222     
 # Histo: ptlm            Σ  ->   -20.995584861252556      pm  0.68908746872456450     
 # Histo: ptlp            Σ  ->   -21.009888635670315      pm  0.72179589625437601     
 # Histo: ylm             Σ  ->   -20.669554286656780      pm  0.74291927592112927     
 # Histo: ylp             Σ  ->   -20.496532648299912      pm  0.63621857156942718     

************* Integration by Vegas (iteration   5) **************
*                                                               *
*  integral  = -.16941757       accum. integral = -.17166602    *
*  std. dev. = 0.30516957E-02   accum. std. dev = 0.77623129E-03*
*   max. wt. =    1.00000                                       *
*                                                               *
**************   chi**2/iteration =  2.335       ****************

 # Histo: mll             Σ  ->   -21.197417903523878      pm  0.66729851727345002     
 # Histo: yll             Σ  ->   -20.759772252915134      pm  0.56428845884169299     
 # Histo: ptlm            Σ  ->   -21.013129497972841      pm  0.55102036677679767     
 # Histo: ptlp            Σ  ->   -21.066735695147788      pm  0.58816537618420972     
 # Histo: ylm             Σ  ->   -20.678555071827770      pm  0.59666676758415549     
 # Histo: ylp             Σ  ->   -20.599031530850361      pm  0.53940111656070600     
Thanks for using LHAPDF 6.2.3. Please make sure to cite the paper:
  Eur.Phys.J. C75 (2015) 3, 132  (http://arxiv.org/abs/1412.7420)
 ################################################### 
 #
 # ./mixed_ll -corr nnlo -ch qg -sec rr5264 -ptlep_cut 20 -ylep_cut 2.5 -vegasNc0 1000000 -vegasNc1 50000000 -vegasIt0 10 -vegasIt1 5
 # 
 # Git version: 5f8ce1600b0be00db9578e137ddd65ab43c02b57
 # 
 #
 # vegasIt0 =           10
 # vegasNc0 =      1000000
 #
 # vegasIt1 =            5
 # vegasNc1 =     50000000
 #
 # seed =            0
 #
 # gridfile = ./grid/test_nnlo_qg_rr5264_dynscale_xMuR_1.00_xMuF_1.00.grid                                        
 # writegrid =  F
 # readgrid  =  F
 #
 # Using the Gmu scheme
 #
 # Input mz =    91.187600000000003     
 # Input mw =    80.397999999999996     
 # Input mh =    125.00000000000000     
 # Input mb =    0.0000000000000000     
 # Input mt =    173.19999999999999     
 # Input Gf =    1.1663900000000000E-005
 # Input gaz =    2.4952000000000001     
 # Input gaw =    2.1053999999999999     
 # Input gah =    4.1650000000000003E-003
 #
 # Derived vev    246.21845810181634     
 # Derived 1/aem    132.33843228049895     
 # Derived gw    0.65306233025595339     
 # Derived sw2   0.22264585341299614     
 # Derived cw2   0.77735414658700386     
 #
 # Input nup  =            2
 # Input ndn  =            3
 # Derived nf =            5
 #
 # sqrt(sh) =    14000.000000000000     
 #
 # corr = nnlo
 # sec  = rr5264
 # ch   = qg
 #
 # pdfset = NNPDF31_nnlo_as_0118_luxqed
 # pdfmem =            0
 #
 # using dynamical scale, see cut_histo
 # xmuR =           1.0000000000000000     
 # xmuF =           1.0000000000000000     
 #
 # alphasPDF(mu) =   0.11800215829284905     
 #
 # qmin =    300.00000000000000     
 # qmax =    14000.000000000000     
 #
 # ptlep_cut =    20.000000000000000     
 # ylep_cut  =    2.5000000000000000     
 #
 # R_phot =  0.10000000000000001      # for isolation
 #
 # buff =         9.9999999999999998E-013
 # buff_rr =         9.9999999999999998E-013
 # buff_rv =         9.9999999999999998E-013
 # buff_z  =         9.9999999999999998E-013
 # buff_r  =         9.9999999999999998E-013
 #
 # lepton charge =   -1.0000000000000000     
 # lepton cL =  -0.66668072315649085     
 # lepton cR =   0.53517749919274349     
 #
 # out = ./histo/test_nnlo_qg_rr5264_dynscale_xMuR_1.00_xMuF_1.00.histo                                      
 #
 ################################################### 
 # 
 # Result:          -0.17166602240150480      fb
 # Error:             7.7623128843931849E-004 fb
 # Chi2/Iteration:    2.3352139322614978     
 # 
 ################################################### 
 #
 # Points failing the technical cuts:      3380220
 #
 # bad points:            0
 #
 # Time =    31863.0527    
 #
