LHAPDF 6.2.3 loading /usr/share/LHAPDF/NNPDF31_nnlo_as_0118_luxqed/NNPDF31_nnlo_as_0118_luxqed_0000.dat
NNPDF31_nnlo_as_0118_luxqed PDF set, member #0, version 2; LHAPDF ID = 325100
 ####################################
 ##  QCD-EW dilepton production   ###
 ####################################
 # ./mixed_ll -corr nnlo -ch qg -sec rr5261 -ptlep_cut 20 -ylep_cut 2.5 -vegasNc0 1000000 -vegasNc1 50000000 -vegasIt0 10 -vegasIt1 5
 # 
 # -vegasIt0 set to           10
 # -vegasNc0 set to      1000000
 # -vegasIt1 set to            5
 # -vegasNc1 set to     50000000
 # -ptlep_cut set to    20.000000000000000     
 # -ylep_cut set to    2.5000000000000000     
 # -corr set to nnlo
 # -ch set to qg
 # -sec set to rr5261
 #
 # vegasIt0 =           10
 # vegasNc0 =      1000000
 #
 # vegasIt1 =            5
 # vegasNc1 =     50000000
 #
 # seed =            0
 #
 # gridfile = ./grid/test_nnlo_qg_rr5261_dynscale_xMuR_1.00_xMuF_1.00.grid                                        
 # writegrid =  F
 # readgrid  =  F
 #
 # Using the Gmu scheme
 #
 # Input mz =    91.187600000000003     
 # Input mw =    80.397999999999996     
 # Input mh =    125.00000000000000     
 # Input mb =    0.0000000000000000     
 # Input mt =    173.19999999999999     
 # Input Gf =    1.1663900000000000E-005
 # Input gaz =    2.4952000000000001     
 # Input gaw =    2.1053999999999999     
 # Input gah =    4.1650000000000003E-003
 #
 # Derived vev    246.21845810181634     
 # Derived 1/aem    132.33843228049895     
 # Derived gw    0.65306233025595339     
 # Derived sw2   0.22264585341299614     
 # Derived cw2   0.77735414658700386     
 #
 # Input nup  =            2
 # Input ndn  =            3
 # Derived nf =            5
 #
 # sqrt(sh) =    14000.000000000000     
 #
 # corr = nnlo
 # sec  = rr5261
 # ch   = qg
 #
 # pdfset = NNPDF31_nnlo_as_0118_luxqed
 # pdfmem =            0
 #
 # using dynamical scale, see cut_histo
 # xmuR =           1.0000000000000000     
 # xmuF =           1.0000000000000000     
 #
 # alphasPDF(mu) =   0.11800215829284905     
 #
 # qmin =    300.00000000000000     
 # qmax =    14000.000000000000     
 #
 # ptlep_cut =    20.000000000000000     
 # ylep_cut  =    2.5000000000000000     
 #
 # R_phot =  0.10000000000000001      # for isolation
 #
 # buff =         9.9999999999999998E-013
 # buff_rr =         9.9999999999999998E-013
 # buff_rv =         9.9999999999999998E-013
 # buff_z  =         9.9999999999999998E-013
 # buff_r  =         9.9999999999999998E-013
 #
 # lepton charge =   -1.0000000000000000     
 # lepton cL =  -0.66668072315649085     
 # lepton cR =   0.53517749919274349     
 #
 # out = ./histo/test_nnlo_qg_rr5261_dynscale_xMuR_1.00_xMuF_1.00.histo                                      
 #
 #####################################################################
 #        ___                                           version beta #
 #       /   \ ___  ____  _  _  |     __   __  ___   __    ___       #
 #       |   | |__| |__   |\ |  |    /  \ /  \ |__| /__    __/       #
 #       \___/ |    |___  | \|  |___ \__/ \__/ |    __/   /__        #
 #                                                                   #
 #####################################################################
 #       You are using OpenLoops 2 to evaluate loop amplitudes       #
 #                             Authors:                              #
 #       F. Buccioni, J.-N. Lang, J. Lindert, P. Maierhoefer,        #
 #                S. Pozzorini, M. Zoller, H. Zhang                  #
 #                                                                   #
 #         Please cite Eur.Phys.J. C79 (2019) no.10, 866             #
 #                     Phys. Rev. Lett. 108 (2012) 111601            #
 #                     Eur.Phys.J. C78 (2018) no.1, 70               #
 #                                                                   #
 #####################################################################

                                                            
         *******************************************        
         *              C O L L I E R              *        
         *                                         *        
         *        Complex One-Loop Library         *        
         *      In Extended Regularizations        *        
         *                                         *        
         *    by A.Denner, S.Dittmaier, L.Hofer    *        
         *                                         *        
         *              version 1.2.4              *        
         *                                         *        
         *******************************************        
                                                            
 ====================================================
 ================OpenLoops Parameters================
 ====================================================
 install_path: "/users/ttp/signorile/Desktop/tools/OpenLoops"
 model =sm

 coupling constants
 alpha_s      =  0.11799999999999999     
 alpha_qed    =   7.5598868064660511E-003   1/alpha_qed    =   132.27711281929373     

 ew_scheme     =           1
 alpha_qed_0   =   7.2973525698163148E-003   1/alpha_qed_0   =   137.03599907399999     
 alpha_qed_MZ  =   7.8125000000000000E-003   1/alpha_qed_MZ  =   128.00000000000000     
 alpha_qed_Gmu =   7.5598868064660511E-003   1/alpha_qed_Gmu =   132.27711281929373     
 Gmu           =   1.1663900000000000E-005
 sw            =       (0.47188111823035794,-9.68042324079749594E-004)   sw2            =       (0.22267085263639186,-9.13601788762133621E-004)

 derived couplings
 vev          =              (246.19023188189755,-3.7281142650693186)

 particle masses and widths
 ME =                (0.0000000000000000,0.0000000000000000) rME =   0.0000000000000000      wME =   0.0000000000000000      YE =               (0.0000000000000000,0.0000000000000000)
 MM =                (0.0000000000000000,0.0000000000000000) rMM =   0.0000000000000000      wMM =   0.0000000000000000      YM =               (0.0000000000000000,0.0000000000000000)
 ML =                (0.0000000000000000,0.0000000000000000) rML =   0.0000000000000000      wML =   0.0000000000000000      YL =               (0.0000000000000000,0.0000000000000000)
 MU =                (0.0000000000000000,0.0000000000000000) rMU =   0.0000000000000000      wMU =   0.0000000000000000      YU =               (0.0000000000000000,0.0000000000000000)
 MD =                (0.0000000000000000,0.0000000000000000) rMD =   0.0000000000000000      wMD =   0.0000000000000000      YD =               (0.0000000000000000,0.0000000000000000)
 MS =                (0.0000000000000000,0.0000000000000000) rMS =   0.0000000000000000      wMS =   0.0000000000000000      YS =               (0.0000000000000000,0.0000000000000000)
 MC =                (0.0000000000000000,0.0000000000000000) rMC =   0.0000000000000000      wMC =   0.0000000000000000      YC =               (0.0000000000000000,0.0000000000000000)
 MB =                (0.0000000000000000,0.0000000000000000) rMB =   0.0000000000000000      wMB =   0.0000000000000000      YB =               (0.0000000000000000,0.0000000000000000)
 MT =                (173.19999999999999,0.0000000000000000) rMT =   173.19999999999999      wMT =   0.0000000000000000      YT =               (173.19999999999999,0.0000000000000000)
 MW =               (80.404890344843551,-1.0526097882481313) rMW =   80.397999999999996      wMW =   2.1053999999999999     
 MZ =               (91.196132638775055,-1.2474832700485456) rMZ =   91.187600000000003      wMZ =   2.4952000000000001     
 MH =                (125.00000000000000,0.0000000000000000) rMH =   125.00000000000000      wMH =   0.0000000000000000     
 MX =                (91.187600000000003,0.0000000000000000) rMX =   91.187600000000003      wMX =   0.0000000000000000     
 MY =                (80.397999999999996,0.0000000000000000) rMY =   80.397999999999996      wMY =   0.0000000000000000     

 ==Technical Parameters==
 muren              =   100.00000000000000     
 mureg              =   100.00000000000000     
 pole1_UV           =   0.0000000000000000     
 pole1_IR           =   0.0000000000000000     
 pole2_IR           =   0.0000000000000000     
 fact_UV            =   1.0000000000000000     
 fact_IR            =   1.0000000000000000     
 ew_renorm_scheme   =           1
 N_quarks           =           6
 light quarks       =           5
 nq_nondecoupled    =           0
 fermion_loops      =           1
 nonfermion_loops   =           1
 CT_on              =           1
 R2_on              =           1
 IR_on              =           1
 polecheck          =           0
 polenorm_swi       =           0
 i-operator mode    =           0
 last_switch        =           1
 se_integral_switch =           1
 use_coli_cache     =           1
 use_me_cache       =           1
 use_bubble_vertex  =           1
 check_Ward_tree    =           0
 check_Ward_loop    =           0
 out_symmetry       =           1
 psp_tolerance      =   9.9999997171806854E-010
 hp_mode            =           1
 hp_loopacc         =   8.0000000000000000     
 hp_step_thres      =  0.50000000000000000     
 hp_alloc_mode      =           3
 sync_qp_kinematics =           1
 stability_mode         =          11
 deviation_mode         =           1
 stability_triggerratio =  0.20000000000000001     
 stability_unstable     =   1.0000000000000000E-002
 stability_kill         =   1.0000000000000000     
 stability_kill2        =   10.000000000000000     
 redlib1                =           1
 redlib2                =           7
 redlib_qp              =           5

 ====================================================
 # 
 # number of hisrograms initialised =            6
 # name, lower bound, upper bound, number of bins
 # 
 # mll               100.00000000000000        1000.0000000000000               90
 # yll              -5.0000000000000000        5.0000000000000000              100
 # ptlm              10.000000000000000        1000.0000000000000               99
 # ptlp              10.000000000000000        1000.0000000000000               99
 # ylm              -5.0000000000000000        5.0000000000000000              100
 # ylp              -5.0000000000000000        5.0000000000000000              100
 # 

 Input parameters for vegas: ndim = 10  ncall =   944784.
                             it =    0  itmx =   10
                             verb =  0  alph = 1.50
                             mds =   1  nd =  50


************* Integration by Vegas (iteration   1) **************
*                                                               *
*  integral  = -.23657059E-01   accum. integral = -.23657059E-01*
*  std. dev. = 0.14812456E-01   accum. std. dev = 0.14812456E-01*
*   max. wt. =    1.00000                                       *
*                                                               *
**************   chi**2/iteration = 0.4441E-12   ****************


************* Integration by Vegas (iteration   2) **************
*                                                               *
*  integral  = -.17316826E-01   accum. integral = -.18158692E-01*
*  std. dev. = 0.57960431E-02   accum. std. dev = 0.53975400E-02*
*   max. wt. =    1.00000                                       *
*                                                               *
**************   chi**2/iteration = 0.1587       ****************


************* Integration by Vegas (iteration   3) **************
*                                                               *
*  integral  = -.93338691E-02   accum. integral = -.12477033E-01*
*  std. dev. = 0.40145961E-02   accum. std. dev = 0.32212647E-02*
*   max. wt. =    1.00000                                       *
*                                                               *
**************   chi**2/iteration = 0.9395       ****************


************* Integration by Vegas (iteration   4) **************
*                                                               *
*  integral  = -.27090418E-01   accum. integral = -.12739022E-01*
*  std. dev. = 0.23841426E-01   accum. std. dev = 0.31922587E-02*
*   max. wt. =    1.00000                                       *
*                                                               *
**************   chi**2/iteration = 0.7494       ****************


************* Integration by Vegas (iteration   5) **************
*                                                               *
*  integral  = -.73860927E-02   accum. integral = -.11759823E-01*
*  std. dev. = 0.67466578E-02   accum. std. dev = 0.28855483E-02*
*   max. wt. =    1.00000                                       *
*                                                               *
**************   chi**2/iteration = 0.6906       ****************


************* Integration by Vegas (iteration   6) **************
*                                                               *
*  integral  = -.72878870E-02   accum. integral = -.91842126E-02*
*  std. dev. = 0.24759661E-02   accum. std. dev = 0.18790442E-02*
*   max. wt. =    1.00000                                       *
*                                                               *
**************   chi**2/iteration = 0.8291       ****************


************* Integration by Vegas (iteration   7) **************
*                                                               *
*  integral  = -.28998615E-02   accum. integral = -.62997313E-02*
*  std. dev. = 0.20400193E-02   accum. std. dev = 0.13820951E-02*
*   max. wt. =    1.00000                                       *
*                                                               *
**************   chi**2/iteration =  1.546       ****************


************* Integration by Vegas (iteration   8) **************
*                                                               *
*  integral  = -.91057819E-02   accum. integral = -.74852514E-02*
*  std. dev. = 0.16158910E-02   accum. std. dev = 0.10503131E-02*
*   max. wt. =    1.00000                                       *
*                                                               *
**************   chi**2/iteration =  1.574       ****************


************* Integration by Vegas (iteration   9) **************
*                                                               *
*  integral  = -.57893510E-02   accum. integral = -.70227594E-02*
*  std. dev. = 0.17152211E-02   accum. std. dev = 0.89571956E-03*
*   max. wt. =    1.00000                                       *
*                                                               *
**************   chi**2/iteration =  1.466       ****************


************* Integration by Vegas (iteration  10) **************
*                                                               *
*  integral  = -.64536561E-02   accum. integral = -.68626383E-02*
*  std. dev. = 0.14315283E-02   accum. std. dev = 0.75932674E-03*
*   max. wt. =    1.00000                                       *
*                                                               *
**************   chi**2/iteration =  1.316       ****************


 Input parameters for vegas: ndim = 10  ncall = 48828125.
                             it =    0  itmx =    5
                             verb =  0  alph = 1.50
                             mds =   1  nd =  50


************* Integration by Vegas (iteration   1) **************
*                                                               *
*  integral  = -.72513614E-02   accum. integral = -.72513614E-02*
*  std. dev. = 0.29443949E-03   accum. std. dev = 0.29443949E-03*
*   max. wt. =    1.00000                                       *
*                                                               *
**************   chi**2/iteration =  0.000       ****************

 # Histo: mll             Σ  ->    11.765342304754817      pm   1.1326816240682251     
 # Histo: yll             Σ  ->    11.765342304754883      pm   1.1933666261261284     
 # Histo: ptlm            Σ  ->    11.765342304754904      pm   1.0082712271170657     
 # Histo: ptlp            Σ  ->    11.765342304755110      pm   1.1494002786661235     
 # Histo: ylm             Σ  ->    11.765342304754887      pm   1.2472822074824934     
 # Histo: ylp             Σ  ->    11.765342304754801      pm   1.3431727313582140     

************* Integration by Vegas (iteration   2) **************
*                                                               *
*  integral  = -.74267302E-02   accum. integral = -.73355995E-02*
*  std. dev. = 0.30624844E-03   accum. std. dev = 0.21225216E-03*
*   max. wt. =    1.00000                                       *
*                                                               *
**************   chi**2/iteration = 0.1702       ****************

 # Histo: mll             Σ  ->    11.090860488781766      pm  0.64960841357215404     
 # Histo: yll             Σ  ->    11.013908988434830      pm  0.63384117757888214     
 # Histo: ptlm            Σ  ->    10.895567344824149      pm  0.53545050975569763     
 # Histo: ptlp            Σ  ->    10.946312847277069      pm  0.56471100964413712     
 # Histo: ylm             Σ  ->    11.000604987748373      pm  0.72061314445261049     
 # Histo: ylp             Σ  ->    10.977061883594935      pm  0.71430708809400856     

************* Integration by Vegas (iteration   3) **************
*                                                               *
*  integral  = -.79179942E-02   accum. integral = -.76024932E-02*
*  std. dev. = 0.23077217E-03   accum. std. dev = 0.15622259E-03*
*   max. wt. =    1.00000                                       *
*                                                               *
**************   chi**2/iteration =  1.809       ****************

 # Histo: mll             Σ  ->    10.980028995023611      pm  0.45305231660011452     
 # Histo: yll             Σ  ->    10.893595844352223      pm  0.45573756980367247     
 # Histo: ptlm            Σ  ->    10.862783488889647      pm  0.39881430694322229     
 # Histo: ptlp            Σ  ->    10.867787207167028      pm  0.40554425565562791     
 # Histo: ylm             Σ  ->    10.915687758830980      pm  0.47731200557548964     
 # Histo: ylp             Σ  ->    10.910251713141701      pm  0.53076041070804802     

************* Integration by Vegas (iteration   4) **************
*                                                               *
*  integral  = -.68335754E-02   accum. integral = -.73773657E-02*
*  std. dev. = 0.24279816E-03   accum. std. dev = 0.13137709E-03*
*   max. wt. =    1.00000                                       *
*                                                               *
**************   chi**2/iteration =  3.570       ****************

 # Histo: mll             Σ  ->    10.909033635237787      pm  0.35757689062907633     
 # Histo: yll             Σ  ->    10.763054478134487      pm  0.35208117607397255     
 # Histo: ptlm            Σ  ->    10.853816386854344      pm  0.32850905369357070     
 # Histo: ptlp            Σ  ->    10.863551136378119      pm  0.33278673261218994     
 # Histo: ylm             Σ  ->    10.790615810423521      pm  0.36115306197083274     
 # Histo: ylp             Σ  ->    10.804394367115252      pm  0.40940670659971712     

************* Integration by Vegas (iteration   5) **************
*                                                               *
*  integral  = -.76230358E-02   accum. integral = -.73914146E-02*
*  std. dev. = 0.53344412E-03   accum. std. dev = 0.12756534E-03*
*   max. wt. =    1.00000                                       *
*                                                               *
**************   chi**2/iteration =  2.728       ****************

 # Histo: mll             Σ  ->    10.857598070202672      pm  0.29241358489855762     
 # Histo: yll             Σ  ->    10.776790773299355      pm  0.31012230167713384     
 # Histo: ptlm            Σ  ->    10.863620756771299      pm  0.27835189402497540     
 # Histo: ptlp            Σ  ->    10.862529801558130      pm  0.28050007396958138     
 # Histo: ylm             Σ  ->    10.741830953237919      pm  0.30580552072251926     
 # Histo: ylp             Σ  ->    10.834187709836391      pm  0.36196532199316644     
Thanks for using LHAPDF 6.2.3. Please make sure to cite the paper:
  Eur.Phys.J. C75 (2015) 3, 132  (http://arxiv.org/abs/1412.7420)
 ################################################### 
 #
 # ./mixed_ll -corr nnlo -ch qg -sec rr5261 -ptlep_cut 20 -ylep_cut 2.5 -vegasNc0 1000000 -vegasNc1 50000000 -vegasIt0 10 -vegasIt1 5
 # 
 # Git version: 5f8ce1600b0be00db9578e137ddd65ab43c02b57
 # 
 #
 # vegasIt0 =           10
 # vegasNc0 =      1000000
 #
 # vegasIt1 =            5
 # vegasNc1 =     50000000
 #
 # seed =            0
 #
 # gridfile = ./grid/test_nnlo_qg_rr5261_dynscale_xMuR_1.00_xMuF_1.00.grid                                        
 # writegrid =  F
 # readgrid  =  F
 #
 # Using the Gmu scheme
 #
 # Input mz =    91.187600000000003     
 # Input mw =    80.397999999999996     
 # Input mh =    125.00000000000000     
 # Input mb =    0.0000000000000000     
 # Input mt =    173.19999999999999     
 # Input Gf =    1.1663900000000000E-005
 # Input gaz =    2.4952000000000001     
 # Input gaw =    2.1053999999999999     
 # Input gah =    4.1650000000000003E-003
 #
 # Derived vev    246.21845810181634     
 # Derived 1/aem    132.33843228049895     
 # Derived gw    0.65306233025595339     
 # Derived sw2   0.22264585341299614     
 # Derived cw2   0.77735414658700386     
 #
 # Input nup  =            2
 # Input ndn  =            3
 # Derived nf =            5
 #
 # sqrt(sh) =    14000.000000000000     
 #
 # corr = nnlo
 # sec  = rr5261
 # ch   = qg
 #
 # pdfset = NNPDF31_nnlo_as_0118_luxqed
 # pdfmem =            0
 #
 # using dynamical scale, see cut_histo
 # xmuR =           1.0000000000000000     
 # xmuF =           1.0000000000000000     
 #
 # alphasPDF(mu) =   0.11800215829284905     
 #
 # qmin =    300.00000000000000     
 # qmax =    14000.000000000000     
 #
 # ptlep_cut =    20.000000000000000     
 # ylep_cut  =    2.5000000000000000     
 #
 # R_phot =  0.10000000000000001      # for isolation
 #
 # buff =         9.9999999999999998E-013
 # buff_rr =         9.9999999999999998E-013
 # buff_rv =         9.9999999999999998E-013
 # buff_z  =         9.9999999999999998E-013
 # buff_r  =         9.9999999999999998E-013
 #
 # lepton charge =   -1.0000000000000000     
 # lepton cL =  -0.66668072315649085     
 # lepton cR =   0.53517749919274349     
 #
 # out = ./histo/test_nnlo_qg_rr5261_dynscale_xMuR_1.00_xMuF_1.00.histo                                      
 #
 ################################################### 
 # 
 # Result:           -7.3914145536704652E-003 fb
 # Error:             1.2756534473794270E-004 fb
 # Chi2/Iteration:    2.7276850706697102     
 # 
 ################################################### 
 #
 # Points failing the technical cuts:      1038011
 #
 # bad points:            0
 #
 # Time =    39082.0508    
 #
