  p(:,1, 1)= (/   0.500000000000000000000000E+03_dp,   0.000000000000000000000000E+00_dp,   0.000000000000000000000000E+00_dp,   0.500000000000000000000000E+03_dp /) 
  p(:,2, 1)= (/   0.500000000000000000000000E+03_dp,   0.000000000000000000000000E+00_dp,   0.000000000000000000000000E+00_dp,  -0.500000000000000000000000E+03_dp /) 
  p(:,3, 1)= (/   0.885513330545029759832687E+02_dp,  -0.221006902876899822274481E+02_dp,   0.400803531916853259531308E+02_dp,  -0.758054309569366324694784E+02_dp /) 
  p(:,4, 1)= (/   0.328329419227098526334885E+03_dp,  -0.103849611883456290684080E+03_dp,  -0.301933755389540067426424E+03_dp,   0.764949213871658884045246E+02_dp /) 
  p(:,5, 1)= (/   0.152358109467430637096186E+03_dp,  -0.105880959666592190160372E+03_dp,  -0.977096383269757069456318E+02_dp,   0.495483852267928170931555E+02_dp /) 
  p(:,6, 1)= (/   0.430761138250967633211985E+03_dp,   0.231831261837738452413760E+03_dp,   0.359563040524830512367771E+03_dp,  -0.502378756570221085553385E+02_dp /) 
  p(:,1, 2)= (/   0.500000000000000000000000E+03_dp,   0.000000000000000000000000E+00_dp,   0.000000000000000000000000E+00_dp,   0.500000000000000000000000E+03_dp /) 
  p(:,2, 2)= (/   0.500000000000000000000000E+03_dp,   0.000000000000000000000000E+00_dp,   0.000000000000000000000000E+00_dp,  -0.500000000000000000000000E+03_dp /) 
  p(:,3, 2)= (/   0.117747708137170818076811E+03_dp,  -0.607059218463614840288756E+02_dp,   0.712310458623265674305003E+02_dp,   0.714524452324687473492304E+02_dp /) 
  p(:,4, 2)= (/   0.350954173077968846428121E+03_dp,  -0.317881667026107592732842E+02_dp,   0.839394286931734399104243E+02_dp,   0.339282354933456019807636E+03_dp /) 
  p(:,5, 2)= (/   0.349332228573789961956209E+03_dp,   0.184009303995763474404157E+03_dp,  -0.515277979392370397704326E+02_dp,  -0.292435408257718620461674E+03_dp /) 
  p(:,6, 2)= (/   0.181965890211070103532620E+03_dp,  -0.915152154467912311019973E+02_dp,  -0.103642676616263003097629E+03_dp,  -0.118299391908206160906047E+03_dp /) 
  p(:,1, 3)= (/   0.500000000000000000000000E+03_dp,   0.000000000000000000000000E+00_dp,   0.000000000000000000000000E+00_dp,   0.500000000000000000000000E+03_dp /) 
  p(:,2, 3)= (/   0.500000000000000000000000E+03_dp,   0.000000000000000000000000E+00_dp,   0.000000000000000000000000E+00_dp,  -0.500000000000000000000000E+03_dp /) 
  p(:,3, 3)= (/   0.258692822424728092300938E+03_dp,   0.132468399481516598825692E+03_dp,  -0.169618879017114295493229E+03_dp,  -0.143539316543777601964393E+03_dp /) 
  p(:,4, 3)= (/   0.108457863834847600514877E+03_dp,  -0.573577369439504209935876E+02_dp,  -0.216250529683914827216995E+02_dp,  -0.894737689180532669297463E+02_dp /) 
  p(:,5, 3)= (/   0.400574546148628883202036E+03_dp,  -0.158077685562144921505023E+03_dp,   0.356319809463482840783399E+03_dp,   0.922366832307132256119075E+02_dp /) 
  p(:,6, 3)= (/   0.232274767591795239241037E+03_dp,   0.829670230245787792000556E+02_dp,  -0.165075877477977059015757E+03_dp,   0.140776402231117600649668E+03_dp /) 
  p(:,1, 4)= (/   0.500000000000000000000000E+03_dp,   0.000000000000000000000000E+00_dp,   0.000000000000000000000000E+00_dp,   0.500000000000000000000000E+03_dp /) 
  p(:,2, 4)= (/   0.500000000000000000000000E+03_dp,   0.000000000000000000000000E+00_dp,   0.000000000000000000000000E+00_dp,  -0.500000000000000000000000E+03_dp /) 
  p(:,3, 4)= (/   0.159571663754514275979091E+03_dp,  -0.691788160250290360409053E+02_dp,  -0.139519030356373832546524E+03_dp,  -0.348115994343292669555012E+02_dp /) 
  p(:,4, 4)= (/   0.224778227571495023084935E+03_dp,  -0.136015435853364380136554E+03_dp,   0.165035779308366528539409E+03_dp,  -0.691971411828716469472056E+02_dp /) 
  p(:,5, 4)= (/   0.250876533501086413480152E+03_dp,   0.144787822276560973477899E+01_dp,   0.249985686262267734036868E+03_dp,  -0.210735705127735286623647E+02_dp /) 
  p(:,6, 4)= (/   0.364773575172903974817018E+03_dp,   0.203746373655627792231826E+03_dp,  -0.275502435214260458451463E+03_dp,   0.125082311129974485197636E+03_dp /) 
  p(:,1, 5)= (/   0.500000000000000000000000E+03_dp,   0.000000000000000000000000E+00_dp,   0.000000000000000000000000E+00_dp,   0.500000000000000000000000E+03_dp /) 
  p(:,2, 5)= (/   0.500000000000000000000000E+03_dp,   0.000000000000000000000000E+00_dp,   0.000000000000000000000000E+00_dp,  -0.500000000000000000000000E+03_dp /) 
  p(:,3, 5)= (/   0.412858745690407431538915E+03_dp,  -0.871915070082442156262914E+01_dp,   0.138691324708477480953661E+03_dp,  -0.388768615959056489828072E+03_dp /) 
  p(:,4, 5)= (/   0.796870803484753764678317E+02_dp,   0.273730894687733865566770E+02_dp,   0.698144057227167991186434E+02_dp,  -0.269572532165795060166147E+02_dp /) 
  p(:,5, 5)= (/   0.391861899972488686216820E+03_dp,  -0.362186885048401236986138E+02_dp,  -0.101066839786416750257558E+03_dp,   0.376867946565670195013809E+03_dp /) 
  p(:,6, 5)= (/   0.115592273988628676306689E+03_dp,   0.175647497368911444937112E+02_dp,  -0.107438890644777558236456E+03_dp,   0.388579226099660175464123E+02_dp /) 
  p(:,1, 6)= (/   0.500000000000000000000000E+03_dp,   0.000000000000000000000000E+00_dp,   0.000000000000000000000000E+00_dp,   0.500000000000000000000000E+03_dp /) 
  p(:,2, 6)= (/   0.500000000000000000000000E+03_dp,   0.000000000000000000000000E+00_dp,   0.000000000000000000000000E+00_dp,  -0.500000000000000000000000E+03_dp /) 
  p(:,3, 6)= (/   0.375162297110371127928374E+03_dp,   0.246398015953629929697399E+02_dp,  -0.245244480887172187522083E+03_dp,  -0.282833473876153789206001E+03_dp /) 
  p(:,4, 6)= (/   0.137783930070409127210951E+03_dp,   0.686646278754301420121919E+02_dp,   0.390870810731175524210812E+02_dp,   0.112879494849860236627137E+03_dp /) 
  p(:,5, 6)= (/   0.260074746127038451959379E+03_dp,   0.310140566904092089828282E+02_dp,   0.257903118160654969415191E+03_dp,  -0.127664992718746947986119E+02_dp /) 
  p(:,6, 6)= (/   0.226979026692181804492066E+03_dp,  -0.124318486161202486073307E+03_dp,  -0.517457183466004053684628E+02_dp,   0.182720478298168160335990E+03_dp /) 
  p(:,1, 7)= (/   0.500000000000000000000000E+03_dp,   0.000000000000000000000000E+00_dp,   0.000000000000000000000000E+00_dp,   0.500000000000000000000000E+03_dp /) 
  p(:,2, 7)= (/   0.500000000000000000000000E+03_dp,   0.000000000000000000000000E+00_dp,   0.000000000000000000000000E+00_dp,  -0.500000000000000000000000E+03_dp /) 
  p(:,3, 7)= (/   0.408187408050581836960191E+03_dp,  -0.317220154173613821058098E+03_dp,  -0.154380241692427972566293E+03_dp,  -0.205317010625297001524814E+03_dp /) 
  p(:,4, 7)= (/   0.669551352332554756685568E+02_dp,  -0.535362893315968406682259E+02_dp,   0.284797722916226803135942E+02_dp,   0.283858843252134072088211E+02_dp /) 
  p(:,5, 7)= (/   0.334761413730819128886651E+03_dp,   0.217451596961649102013325E+03_dp,   0.223664598255303729956722E+03_dp,   0.121466680983629160550663E+03_dp /) 
  p(:,6, 7)= (/   0.190096042985344439557593E+03_dp,   0.153304846543561353655605E+03_dp,  -0.977641288544986224451350E+02_dp,   0.554644453164545936374452E+02_dp /) 
  p(:,1, 8)= (/   0.500000000000000000000000E+03_dp,   0.000000000000000000000000E+00_dp,   0.000000000000000000000000E+00_dp,   0.500000000000000000000000E+03_dp /) 
  p(:,2, 8)= (/   0.500000000000000000000000E+03_dp,   0.000000000000000000000000E+00_dp,   0.000000000000000000000000E+00_dp,  -0.500000000000000000000000E+03_dp /) 
  p(:,3, 8)= (/   0.455538433014381269003934E+03_dp,  -0.434674218144163660326740E+03_dp,  -0.388172108349927640347232E+02_dp,  -0.130640009862788588179683E+03_dp /) 
  p(:,4, 8)= (/   0.155479302439027605942101E+03_dp,   0.131057224293552138760788E+03_dp,   0.406667158477254560011716E+02_dp,   0.731029114984932562038011E+02_dp /) 
  p(:,5, 8)= (/   0.247427309229712250271405E+03_dp,   0.209989404999672188978366E+03_dp,  -0.106356828903377845563227E+03_dp,   0.762426920180347451605485E+02_dp /) 
  p(:,6, 8)= (/   0.141554955316878931625979E+03_dp,   0.936275888509393325875863E+02_dp,   0.104507323890645238861907E+03_dp,  -0.187055936537393918683847E+02_dp /) 
  p(:,1, 9)= (/   0.500000000000000000000000E+03_dp,   0.000000000000000000000000E+00_dp,   0.000000000000000000000000E+00_dp,   0.500000000000000000000000E+03_dp /) 
  p(:,2, 9)= (/   0.500000000000000000000000E+03_dp,   0.000000000000000000000000E+00_dp,   0.000000000000000000000000E+00_dp,  -0.500000000000000000000000E+03_dp /) 
  p(:,3, 9)= (/   0.309866861146119731529325E+03_dp,  -0.330975645090671690695672E+02_dp,  -0.162064846216045282289997E+03_dp,   0.262024824169555358821526E+03_dp /) 
  p(:,4, 9)= (/   0.218164686160695737271453E+03_dp,  -0.193808324718310728940196E+03_dp,   0.321226269369830763622531E+01_dp,   0.100119153641365571161259E+03_dp /) 
  p(:,5, 9)= (/   0.181431356164965308153114E+03_dp,   0.751916156581193888541748E+02_dp,   0.115262520999318510916964E+03_dp,  -0.118229053905805287172370E+03_dp /) 
  p(:,6, 9)= (/   0.290537096528219137780980E+03_dp,   0.151714273569258523366443E+03_dp,   0.435900625230284575195583E+02_dp,  -0.243914923905115671232124E+03_dp /) 
  p(:,1,10)= (/   0.500000000000000000000000E+03_dp,   0.000000000000000000000000E+00_dp,   0.000000000000000000000000E+00_dp,   0.500000000000000000000000E+03_dp /) 
  p(:,2,10)= (/   0.500000000000000000000000E+03_dp,   0.000000000000000000000000E+00_dp,   0.000000000000000000000000E+00_dp,  -0.500000000000000000000000E+03_dp /) 
  p(:,3,10)= (/   0.431763148978793594778836E+03_dp,   0.160208372683248484236174E+03_dp,   0.369869242231509758767061E+03_dp,   0.154756058974626085955606E+03_dp /) 
  p(:,4,10)= (/   0.214845388622506106912624E+03_dp,   0.169060219776776876621227E+01_dp,  -0.200997292880206543941313E+03_dp,   0.758667986104133973412900E+02_dp /) 
  p(:,5,10)= (/   0.202417487535413670229900E+03_dp,  -0.537269735673671462450329E+02_dp,  -0.147808117227668304849431E+03_dp,  -0.127432382278024803667904E+03_dp /) 
  p(:,6,10)= (/   0.150973974863286798608897E+03_dp,  -0.108172001313649104758952E+03_dp,  -0.210638321236349419507405E+02_dp,  -0.103190475307014608574718E+03_dp /) 
  p(:,1,11)= (/   0.500000000000000000000000E+03_dp,   0.000000000000000000000000E+00_dp,   0.000000000000000000000000E+00_dp,   0.500000000000000000000000E+03_dp /) 
  p(:,2,11)= (/   0.500000000000000000000000E+03_dp,   0.000000000000000000000000E+00_dp,   0.000000000000000000000000E+00_dp,  -0.500000000000000000000000E+03_dp /) 
  p(:,3,11)= (/   0.114238030964271075617944E+03_dp,   0.453640913971243406876965E+02_dp,   0.552891631528434146503059E+02_dp,  -0.890816219439530101453784E+02_dp /) 
  p(:,4,11)= (/   0.277775902040520065838791E+03_dp,   0.116585948431472843367374E+03_dp,  -0.104657216209341768831109E+03_dp,  -0.229377495578946479781735E+03_dp /) 
  p(:,5,11)= (/   0.219405448437756206203630E+03_dp,   0.549509234743382037891024E+02_dp,  -0.187528437649219256400102E+03_dp,   0.997608735243092183964109E+02_dp /) 
  p(:,6,11)= (/   0.388580618557452510231087E+03_dp,  -0.216900963302935309684472E+03_dp,   0.236896490705717639002614E+03_dp,   0.218698243998590328374121E+03_dp /) 
  p(:,1,12)= (/   0.500000000000000000000000E+03_dp,   0.000000000000000000000000E+00_dp,   0.000000000000000000000000E+00_dp,   0.500000000000000000000000E+03_dp /) 
  p(:,2,12)= (/   0.500000000000000000000000E+03_dp,   0.000000000000000000000000E+00_dp,   0.000000000000000000000000E+00_dp,  -0.500000000000000000000000E+03_dp /) 
  p(:,3,12)= (/   0.368706096889377761272044E+03_dp,   0.353186587629311190994486E+03_dp,   0.104287124165021253929808E+03_dp,  -0.181001639647694041457271E+02_dp /) 
  p(:,4,12)= (/   0.101705400045049671575725E+03_dp,  -0.535386058924746066622902E+02_dp,  -0.751657212219235049133204E+02_dp,  -0.427518471016394059347476E+02_dp /) 
  p(:,5,12)= (/   0.321536482334390655069001E+03_dp,  -0.276605464358392794110841E+03_dp,  -0.907628559760785265098093E+02_dp,  -0.136518242495710097728079E+03_dp /) 
  p(:,6,12)= (/   0.208052020731181983137503E+03_dp,  -0.230425173784437937740677E+02_dp,   0.616414530329808059150309E+02_dp,   0.197370253562118904255840E+03_dp /) 
  p(:,1,13)= (/   0.500000000000000000000000E+03_dp,   0.000000000000000000000000E+00_dp,   0.000000000000000000000000E+00_dp,   0.500000000000000000000000E+03_dp /) 
  p(:,2,13)= (/   0.500000000000000000000000E+03_dp,   0.000000000000000000000000E+00_dp,   0.000000000000000000000000E+00_dp,  -0.500000000000000000000000E+03_dp /) 
  p(:,3,13)= (/   0.331141889545374965564406E+03_dp,   0.189602934051933175396698E+03_dp,  -0.227711152808761767118995E+03_dp,   0.147828648431501363802454E+03_dp /) 
  p(:,4,13)= (/   0.126043734200272041334756E+03_dp,  -0.448479568625592506236899E+02_dp,   0.996480350679497206556334E+02_dp,   0.628168194315782670855697E+02_dp /) 
  p(:,5,13)= (/   0.298172191052827713519946E+03_dp,   0.959560172590166473582940E+02_dp,   0.123124400585714582234687E+03_dp,  -0.254046216758761744358708E+03_dp /) 
  p(:,6,13)= (/   0.244642185201524995363798E+03_dp,  -0.240710994448390721345277E+03_dp,   0.493871715509743136607312E+01_dp,   0.434007488956821561032484E+02_dp /) 
  p(:,1,14)= (/   0.500000000000000000000000E+03_dp,   0.000000000000000000000000E+00_dp,   0.000000000000000000000000E+00_dp,   0.500000000000000000000000E+03_dp /) 
  p(:,2,14)= (/   0.500000000000000000000000E+03_dp,   0.000000000000000000000000E+00_dp,   0.000000000000000000000000E+00_dp,  -0.500000000000000000000000E+03_dp /) 
  p(:,3,14)= (/   0.709331592226315166271888E+02_dp,   0.899458451703361916429458E+01_dp,   0.512430142167520230600530E+01_dp,  -0.701737277163537243040992E+02_dp /) 
  p(:,4,14)= (/   0.417352701942523935940699E+03_dp,   0.319341744655699926624948E+03_dp,   0.158304283957407356808744E+02_dp,  -0.268241543158002002655849E+03_dp /) 
  p(:,5,14)= (/   0.206570398392803525666750E+03_dp,  -0.121336270864612998821030E+03_dp,   0.877174474231121052980598E+02_dp,   0.142318264050698445544185E+03_dp /) 
  p(:,6,14)= (/   0.305143740442040837024251E+03_dp,  -0.207000058308120571837208E+03_dp,  -0.108672177240528000652375E+03_dp,   0.196097006823657324048327E+03_dp /) 
  p(:,1,15)= (/   0.500000000000000000000000E+03_dp,   0.000000000000000000000000E+00_dp,   0.000000000000000000000000E+00_dp,   0.500000000000000000000000E+03_dp /) 
  p(:,2,15)= (/   0.500000000000000000000000E+03_dp,   0.000000000000000000000000E+00_dp,   0.000000000000000000000000E+00_dp,  -0.500000000000000000000000E+03_dp /) 
  p(:,3,15)= (/   0.281819153437073623535980E+03_dp,  -0.164587437892089894830860E+03_dp,  -0.178721619317129807313904E+03_dp,   0.142799136274591091932962E+03_dp /) 
  p(:,4,15)= (/   0.222418329689785906566613E+03_dp,  -0.125824039285903793938814E+03_dp,   0.600896121877915945219684E+02_dp,   0.173284341551377451651206E+03_dp /) 
  p(:,5,15)= (/   0.244650313637178015824247E+03_dp,   0.653419468238691649730754E+02_dp,   0.116906023015442087853444E+03_dp,  -0.204736874379651339950215E+03_dp /) 
  p(:,6,15)= (/   0.251112203235962141434356E+03_dp,   0.225069530354124822224549E+03_dp,   0.172598411389611761102003E+01_dp,  -0.111346603446317132579679E+03_dp /) 
  p(:,1,16)= (/   0.500000000000000000000000E+03_dp,   0.000000000000000000000000E+00_dp,   0.000000000000000000000000E+00_dp,   0.500000000000000000000000E+03_dp /) 
  p(:,2,16)= (/   0.500000000000000000000000E+03_dp,   0.000000000000000000000000E+00_dp,   0.000000000000000000000000E+00_dp,  -0.500000000000000000000000E+03_dp /) 
  p(:,3,16)= (/   0.441043523524310273842275E+03_dp,  -0.339990233759813690994633E+03_dp,   0.270412459056767772835883E+03_dp,  -0.761782946616551726037869E+02_dp /) 
  p(:,4,16)= (/   0.162335137770463916240260E+03_dp,   0.147674544371960934086019E+03_dp,  -0.517190464306482127199160E+02_dp,  -0.432442613047521859925837E+02_dp /) 
  p(:,5,16)= (/   0.330809781745774273531424E+03_dp,   0.153555335424803303112640E+03_dp,  -0.271198666816880916030641E+03_dp,   0.110937612098013545391950E+03_dp /) 
  p(:,6,16)= (/   0.658115569594515505968957E+02_dp,   0.387603539630493969525560E+02_dp,   0.525052541907613772309560E+02_dp,   0.848494386839383984977303E+01_dp /) 
  p(:,1,17)= (/   0.500000000000000000000000E+03_dp,   0.000000000000000000000000E+00_dp,   0.000000000000000000000000E+00_dp,   0.500000000000000000000000E+03_dp /) 
  p(:,2,17)= (/   0.500000000000000000000000E+03_dp,   0.000000000000000000000000E+00_dp,   0.000000000000000000000000E+00_dp,  -0.500000000000000000000000E+03_dp /) 
  p(:,3,17)= (/   0.399998821455716381478851E+03_dp,   0.293460532013513955007511E+03_dp,  -0.189557191964042857534878E+03_dp,   0.194802577731954585260610E+03_dp /) 
  p(:,4,17)= (/   0.308014757547590193098586E+03_dp,  -0.160179234855300876461115E+03_dp,   0.140457211886110570731034E+03_dp,  -0.222457805476569859592928E+03_dp /) 
  p(:,5,17)= (/   0.123157481061557575685583E+03_dp,   0.166996876357627108689030E+02_dp,   0.643853282156862434248978E+02_dp,   0.103650446621585842876812E+03_dp /) 
  p(:,6,17)= (/   0.168828939935136219219203E+03_dp,  -0.149980984793975807178867E+03_dp,  -0.152853481377539957009049E+02_dp,  -0.759952188769707959181687E+02_dp /) 
  p(:,1,18)= (/   0.500000000000000000000000E+03_dp,   0.000000000000000000000000E+00_dp,   0.000000000000000000000000E+00_dp,   0.500000000000000000000000E+03_dp /) 
  p(:,2,18)= (/   0.500000000000000000000000E+03_dp,   0.000000000000000000000000E+00_dp,   0.000000000000000000000000E+00_dp,  -0.500000000000000000000000E+03_dp /) 
  p(:,3,18)= (/   0.433469225022807279401604E+03_dp,   0.732449968138051303867542E+02_dp,   0.187912930854165750815810E+03_dp,  -0.383691894495330984682369E+03_dp /) 
  p(:,4,18)= (/   0.311073131253745088997675E+03_dp,  -0.144520857786528210908727E+03_dp,  -0.295111127274571920509061E+02_dp,   0.273878273833911634937976E+03_dp /) 
  p(:,5,18)= (/   0.200666367237802461431784E+03_dp,   0.633786128164476707524955E+02_dp,  -0.180580824295870769446992E+03_dp,   0.603382819982740556952194E+02_dp /) 
  p(:,6,18)= (/   0.547912764856454899131677E+02_dp,   0.789724815627540710494259E+01_dp,   0.221790061691621467332425E+02_dp,   0.494753386631452869437453E+02_dp /) 
  p(:,1,19)= (/   0.500000000000000000000000E+03_dp,   0.000000000000000000000000E+00_dp,   0.000000000000000000000000E+00_dp,   0.500000000000000000000000E+03_dp /) 
  p(:,2,19)= (/   0.500000000000000000000000E+03_dp,   0.000000000000000000000000E+00_dp,   0.000000000000000000000000E+00_dp,  -0.500000000000000000000000E+03_dp /) 
  p(:,3,19)= (/   0.320287050303583555432851E+03_dp,   0.188245367299533256755240E+03_dp,  -0.175537444559992820813932E+03_dp,   0.190615009481891405584975E+03_dp /) 
  p(:,4,19)= (/   0.149868221351994094447946E+03_dp,  -0.678910006197230302404932E+02_dp,  -0.658718523070856321055544E+02_dp,  -0.116241966946953212413973E+03_dp /) 
  p(:,5,19)= (/   0.178613095801523002137401E+03_dp,   0.159968245864247819554294E+03_dp,   0.660759623121911090493086E+02_dp,   0.441221657609585093950955E+02_dp /) 
  p(:,6,19)= (/   0.351231632542899035342998E+03_dp,  -0.280322612544058017647330E+03_dp,   0.175333334554887329659323E+03_dp,  -0.118495208295896674144387E+03_dp /) 
  p(:,1,20)= (/   0.500000000000000000000000E+03_dp,   0.000000000000000000000000E+00_dp,   0.000000000000000000000000E+00_dp,   0.500000000000000000000000E+03_dp /) 
  p(:,2,20)= (/   0.500000000000000000000000E+03_dp,   0.000000000000000000000000E+00_dp,   0.000000000000000000000000E+00_dp,  -0.500000000000000000000000E+03_dp /) 
  p(:,3,20)= (/   0.320703459515514111899392E+03_dp,  -0.314660194718297191229794E+03_dp,   0.275765545918865697672118E+02_dp,  -0.554905797582164197478960E+02_dp /) 
  p(:,4,20)= (/   0.252430834176341051033887E+03_dp,   0.125622975211108354187672E+03_dp,   0.108377956066541955237881E+03_dp,   0.190248292452025282273098E+03_dp /) 
  p(:,5,20)= (/   0.229291365717758594655606E+03_dp,  -0.375953206647999493839052E+01_dp,  -0.178042460575089222629686E+03_dp,  -0.144434339904760236095171E+03_dp /) 
  p(:,6,20)= (/   0.197574340590386498206499E+03_dp,   0.192796751573668842638654E+03_dp,   0.420879499166607047300204E+02_dp,   0.967662721095137534632613E+01_dp /) 
dxg_veepuxa(:)=[ 0.294880462464300740707811E-12_dp, 0.169737843714660786975261E-09_dp, 0.212039960022029288220893E-11_dp, 0.127193685741140447714173E-12_dp, 0.327548218626526126380216E-10_dp, 0.884209340984985982185629E-13_dp, 0.197530196607128584998760E-11_dp, 0.539086338118932323856484E-12_dp, 0.639518497033098091363712E-11_dp, 0.558489416397076613030004E-12_dp, 0.297588076980471978081493E-11_dp, 0.729465200712907182648453E-12_dp, 0.161951479437352976897977E-11_dp, 0.257642251275499025607789E-10_dp, 0.341780476684294838943070E-11_dp, 0.152422510858704540172263E-11_dp, 0.295258932702267516382516E-12_dp, 0.902107428055994345452170E-11_dp, 0.125348750540921015369445E-12_dp, 0.233470276144284269662571E-11_dp ]
